--------- beginning of /dev/log/system
D/ConnectivityService(  752): getActiveNetworkInfo:NetworkInfo: type: WIFI[], state: CONNECTED/CONNECTED, reason: (unspecified), extra: "virginmedia8066037", roaming: false, failover: false, isAvailable: true, isConnectedToProvisioningNetwork: false, simId: 0/10069
D/ConnectivityService(  752): getActiveNetworkInfo:NetworkInfo: type: WIFI[], state: CONNECTED/CONNECTED, reason: (unspecified), extra: "virginmedia8066037", roaming: false, failover: false, isAvailable: true, isConnectedToProvisioningNetwork: false, simId: 0/10069
D/ConnectivityService(  752): getActiveNetworkInfo:NetworkInfo: type: WIFI[], state: CONNECTED/CONNECTED, reason: (unspecified), extra: "virginmedia8066037", roaming: false, failover: false, isAvailable: true, isConnectedToProvisioningNetwork: false, simId: 0/10069
D/ConnectivityService(  752): getActiveNetworkInfo:NetworkInfo: type: WIFI[], state: CONNECTED/CONNECTED, reason: (unspecified), extra: "virginmedia8066037", roaming: false, failover: false, isAvailable: true, isConnectedToProvisioningNetwork: false, simId: 0/10069
D/ConnectivityService(  752): getActiveNetworkInfo:NetworkInfo: type: WIFI[], state: CONNECTED/CONNECTED, reason: (unspecified), extra: "virginmedia8066037", roaming: false, failover: false, isAvailable: true, isConnectedToProvisioningNetwork: false, simId: 0/10069
D/ConnectivityService(  752): getActiveNetworkInfo:NetworkInfo: type: WIFI[], state: CONNECTED/CONNECTED, reason: (unspecified), extra: "virginmedia8066037", roaming: false, failover: false, isAvailable: true, isConnectedToProvisioningNetwork: false, simId: 0/10069
D/ConnectivityService(  752): getActiveNetworkInfo:NetworkInfo: type: WIFI[], state: CONNECTED/CONNECTED, reason: (unspecified), extra: "virginmedia8066037", roaming: false, failover: false, isAvailable: true, isConnectedToProvisioningNetwork: false, simId: 0/10069
D/ConnectivityService(  752): getActiveNetworkInfo:NetworkInfo: type: WIFI[], state: CONNECTED/CONNECTED, reason: (unspecified), extra: "virginmedia8066037", roaming: false, failover: false, isAvailable: true, isConnectedToProvisioningNetwork: false, simId: 0/10069
I/FrameworkListener(  206): onDataAvailable get 44 bytes 
D/ConnectivityService(  752): getActiveNetworkInfo:NetworkInfo: type: WIFI[], state: CONNECTED/CONNECTED, reason: (unspecified), extra: "virginmedia8066037", roaming: false, failover: false, isAvailable: true, isConnectedToProvisioningNetwork: false, simId: 0/10069
D/ConnectivityService(  752): getActiveNetworkInfo:NetworkInfo: type: WIFI[], state: CONNECTED/CONNECTED, reason: (unspecified), extra: "virginmedia8066037", roaming: false, failover: false, isAvailable: true, isConnectedToProvisioningNetwork: false, simId: 0/10069
D/ConnectivityService(  752): getActiveNetworkInfo:NetworkInfo: type: WIFI[], state: CONNECTED/CONNECTED, reason: (unspecified), extra: "virginmedia8066037", roaming: false, failover: false, isAvailable: true, isConnectedToProvisioningNetwork: false, simId: 0/10069
D/ConnectivityService(  752): getActiveNetworkInfo:NetworkInfo: type: WIFI[], state: CONNECTED/CONNECTED, reason: (unspecified), extra: "virginmedia8066037", roaming: false, failover: false, isAvailable: true, isConnectedToProvisioningNetwork: false, simId: 0/10069
D/ConnectivityService(  752): getActiveNetworkInfo:NetworkInfo: type: WIFI[], state: CONNECTED/CONNECTED, reason: (unspecified), extra: "virginmedia8066037", roaming: false, failover: false, isAvailable: true, isConnectedToProvisioningNetwork: false, simId: 0/10069
D/ConnectivityService(  752): getActiveNetworkInfo:NetworkInfo: type: WIFI[], state: CONNECTED/CONNECTED, reason: (unspecified), extra: "virginmedia8066037", roaming: false, failover: false, isAvailable: true, isConnectedToProvisioningNetwork: false, simId: 0/10069
D/ConnectivityService(  752): getActiveNetworkInfo:NetworkInfo: type: WIFI[], state: CONNECTED/CONNECTED, reason: (unspecified), extra: "virginmedia8066037", roaming: false, failover: false, isAvailable: true, isConnectedToProvisioningNetwork: false, simId: 0/10069
D/ConnectivityService(  752): getActiveNetworkInfo:NetworkInfo: type: WIFI[], state: CONNECTED/CONNECTED, reason: (unspecified), extra: "virginmedia8066037", roaming: false, failover: false, isAvailable: true, isConnectedToProvisioningNetwork: false, simId: 0/10069
D/ConnectivityService(  752): getActiveNetworkInfo:NetworkInfo: type: WIFI[], state: CONNECTED/CONNECTED, reason: (unspecified), extra: "virginmedia8066037", roaming: false, failover: false, isAvailable: true, isConnectedToProvisioningNetwork: false, simId: 0/10069
D/ConnectivityService(  752): getActiveNetworkInfo:NetworkInfo: type: WIFI[], state: CONNECTED/CONNECTED, reason: (unspecified), extra: "virginmedia8066037", roaming: false, failover: false, isAvailable: true, isConnectedToProvisioningNetwork: false, simId: 0/10069
D/ConnectivityService(  752): getActiveNetworkInfo:NetworkInfo: type: WIFI[], state: CONNECTED/CONNECTED, reason: (unspecified), extra: "virginmedia8066037", roaming: false, failover: false, isAvailable: true, isConnectedToProvisioningNetwork: false, simId: 0/10069
D/ConnectivityService(  752): getActiveNetworkInfo:NetworkInfo: type: WIFI[], state: CONNECTED/CONNECTED, reason: (unspecified), extra: "virginmedia8066037", roaming: false, failover: false, isAvailable: true, isConnectedToProvisioningNetwork: false, simId: 0/10069
D/ConnectivityService(  752): getActiveNetworkInfo:NetworkInfo: type: WIFI[], state: CONNECTED/CONNECTED, reason: (unspecified), extra: "virginmedia8066037", roaming: false, failover: false, isAvailable: true, isConnectedToProvisioningNetwork: false, simId: 0/10069
D/ConnectivityService(  752): getActiveNetworkInfo:NetworkInfo: type: WIFI[], state: CONNECTED/CONNECTED, reason: (unspecified), extra: "virginmedia8066037", roaming: false, failover: false, isAvailable: true, isConnectedToProvisioningNetwork: false, simId: 0/10069
D/ConnectivityService(  752): getActiveNetworkInfo:NetworkInfo: type: WIFI[], state: CONNECTED/CONNECTED, reason: (unspecified), extra: "virginmedia8066037", roaming: false, failover: false, isAvailable: true, isConnectedToProvisioningNetwork: false, simId: 0/10069
D/ConnectivityService(  752): getActiveNetworkInfo:NetworkInfo: type: WIFI[], state: CONNECTED/CONNECTED, reason: (unspecified), extra: "virginmedia8066037", roaming: false, failover: false, isAvailable: true, isConnectedToProvisioningNetwork: false, simId: 0/10069
D/ConnectivityService(  752): getActiveNetworkInfo:NetworkInfo: type: WIFI[], state: CONNECTED/CONNECTED, reason: (unspecified), extra: "virginmedia8066037", roaming: false, failover: false, isAvailable: true, isConnectedToProvisioningNetwork: false, simId: 0/10069
D/SocketClient(  206): SocketClient sendDatalocked done: 222
D/SocketClient(  206): SocketClient sendDatalocked done: 
D/SocketClient(  206): SocketClient sendDatalocked done: 
D/SocketClient(  206): SocketClient sendDatalocked done: 
D/SocketClient(  206): SocketClient sendDatalocked done: 
D/SocketClient(  206): SocketClient sendDatalocked done: 
D/SocketClient(  206): SocketClient sendDatalocked done: 
D/ActivityManager(  752): getContentProviderImpl: from caller=android.app.ApplicationThreadProxy@42c43f18 (pid=12718, userId=0) to get content provider com.facebook.katana.provider.FbSharedPrefsProvider cpr=ContentProviderRecord{430cc608 u0 com.facebook.katana/.provider.orca.FbSharedPreferencesContentProvider}
D/ActivityThread(12718): hoder:android.app.IActivityManager$ContentProviderHolder@42653d30,provider,holder.Provider:android.content.ContentProviderProxy@429a7ed0
V/ActivityManager(  752): Broadcast: Intent { act=com.facebook.katana.provider.FbSharedPrefsProvider.CHANGED_ACTION flg=0x10 (has extras) } ordered=false userid=0 callerApp=ProcessRecord{42cf5f78 1823:com.facebook.katana/u0a69}
D/ActivityManager(  752): getContentProviderImpl: from caller=android.app.ApplicationThreadProxy@42c37b70 (pid=12718, userId=0) to get content provider com.facebook.katana.provider.FbSharedPrefsProvider cpr=ContentProviderRecord{430cc608 u0 com.facebook.katana/.provider.orca.FbSharedPreferencesContentProvider}
D/ActivityThread(12718): hoder:android.app.IActivityManager$ContentProviderHolder@42a39f50,provider,holder.Provider:android.content.ContentProviderProxy@42bd41d8
V/ActivityManager(  752): Broadcast: Intent { act=com.facebook.katana.provider.FbSharedPrefsProvider.CHANGED_ACTION flg=0x10 (has extras) } ordered=false userid=0 callerApp=ProcessRecord{42cf5f78 1823:com.facebook.katana/u0a69}
D/ActivityManager(  752): getContentProviderImpl: from caller=android.app.ApplicationThreadProxy@42c29ea0 (pid=12718, userId=0) to get content provider com.facebook.katana.provider.FbSharedPrefsProvider cpr=ContentProviderRecord{430cc608 u0 com.facebook.katana/.provider.orca.FbSharedPreferencesContentProvider}
D/ActivityThread(12718): hoder:android.app.IActivityManager$ContentProviderHolder@42bb5950,provider,holder.Provider:android.content.ContentProviderProxy@4272b200
D/ActivityManager(  752): getContentProviderImpl: from caller=android.app.ApplicationThreadProxy@42c24dc0 (pid=12718, userId=0) to get content provider com.facebook.katana.provider.FbSharedPrefsProvider cpr=ContentProviderRecord{430cc608 u0 com.facebook.katana/.provider.orca.FbSharedPreferencesContentProvider}
D/ActivityThread(12718): hoder:android.app.IActivityManager$ContentProviderHolder@42a400b0,provider,holder.Provider:android.content.ContentProviderProxy@42a418d0
I/PackageManager(  752): mcs_unbind
D/ActivityThread( 1823): SVC-UNBIND_SERVICE handled : 0 / BindServiceData{token=android.os.BinderProxy@4291d920 intent=Intent { cmp=com.facebook.katana/com.facebook.fbservice.service.DefaultBlueService }}
D/ActivityThread( 1823): SVC-Destroying service: com.facebook.fbservice.service.DefaultBlueService@4291e2a8
D/ActivityThread( 1823): SVC-STOP_SERVICE handled : 0 / android.os.BinderProxy@4291d920
D/ConnectivityService(  752): getActiveNetworkInfo:NetworkInfo: type: WIFI[], state: CONNECTED/CONNECTED, reason: (unspecified), extra: "virginmedia8066037", roaming: false, failover: false, isAvailable: true, isConnectedToProvisioningNetwork: false, simId: 0/10069
D/ConnectivityService(  752): getActiveNetworkInfo:NetworkInfo: type: WIFI[], state: CONNECTED/CONNECTED, reason: (unspecified), extra: "virginmedia8066037", roaming: false, failover: false, isAvailable: true, isConnectedToProvisioningNetwork: false, simId: 0/10069
D/ConnectivityService(  752): getActiveNetworkInfo:NetworkInfo: type: WIFI[], state: CONNECTED/CONNECTED, reason: (unspecified), extra: "virginmedia8066037", roaming: false, failover: false, isAvailable: true, isConnectedToProvisioningNetwork: false, simId: 0/10069
D/ConnectivityService(  752): getActiveNetworkInfo:NetworkInfo: type: WIFI[], state: CONNECTED/CONNECTED, reason: (unspecified), extra: "virginmedia8066037", roaming: false, failover: false, isAvailable: true, isConnectedToProvisioningNetwork: false, simId: 0/10069
D/ConnectivityService(  752): getActiveNetworkInfo:NetworkInfo: type: WIFI[], state: CONNECTED/CONNECTED, reason: (unspecified), extra: "virginmedia8066037", roaming: false, failover: false, isAvailable: true, isConnectedToProvisioningNetwork: false, simId: 0/10069
D/ConnectivityService(  752): getActiveNetworkInfo:NetworkInfo: type: WIFI[], state: CONNECTED/CONNECTED, reason: (unspecified), extra: "virginmedia8066037", roaming: false, failover: false, isAvailable: true, isConnectedToProvisioningNetwork: false, simId: 0/10069
D/ConnectivityService(  752): getActiveNetworkInfo:NetworkInfo: type: WIFI[], state: CONNECTED/CONNECTED, reason: (unspecified), extra: "virginmedia8066037", roaming: false, failover: false, isAvailable: true, isConnectedToProvisioningNetwork: false, simId: 0/10069
D/ConnectivityService(  752): getActiveNetworkInfo:NetworkInfo: type: WIFI[], state: CONNECTED/CONNECTED, reason: (unspecified), extra: "virginmedia8066037", roaming: false, failover: false, isAvailable: true, isConnectedToProvisioningNetwork: false, simId: 0/10069
D/ConnectivityService(  752): getActiveNetworkInfo:NetworkInfo: type: WIFI[], state: CONNECTED/CONNECTED, reason: (unspecified), extra: "virginmedia8066037", roaming: false, failover: false, isAvailable: true, isConnectedToProvisioningNetwork: false, simId: 0/10069
D/ConnectivityService(  752): getActiveNetworkInfo:NetworkInfo: type: WIFI[], state: CONNECTED/CONNECTED, reason: (unspecified), extra: "virginmedia8066037", roaming: false, failover: false, isAvailable: true, isConnectedToProvisioningNetwork: false, simId: 0/10069
D/ConnectivityService(  752): getActiveNetworkInfo:NetworkInfo: type: WIFI[], state: CONNECTED/CONNECTED, reason: (unspecified), extra: "virginmedia8066037", roaming: false, failover: false, isAvailable: true, isConnectedToProvisioningNetwork: false, simId: 0/10069
D/ConnectivityService(  752): getActiveNetworkInfo:NetworkInfo: type: WIFI[], state: CONNECTED/CONNECTED, reason: (unspecified), extra: "virginmedia8066037", roaming: false, failover: false, isAvailable: true, isConnectedToProvisioningNetwork: false, simId: 0/10069
D/ConnectivityService(  752): getActiveNetworkInfo:NetworkInfo: type: WIFI[], state: CONNECTED/CONNECTED, reason: (unspecified), extra: "virginmedia8066037", roaming: false, failover: false, isAvailable: true, isConnectedToProvisioningNetwork: false, simId: 0/10069
D/ConnectivityService(  752): getActiveNetworkInfo:NetworkInfo: type: WIFI[], state: CONNECTED/CONNECTED, reason: (unspecified), extra: "virginmedia8066037", roaming: false, failover: false, isAvailable: true, isConnectedToProvisioningNetwork: false, simId: 0/10069
D/ConnectivityService(  752): getActiveNetworkInfo:NetworkInfo: type: WIFI[], state: CONNECTED/CONNECTED, reason: (unspecified), extra: "virginmedia8066037", roaming: false, failover: false, isAvailable: true, isConnectedToProvisioningNetwork: false, simId: 0/10069
D/ConnectivityService(  752): getActiveNetworkInfo:NetworkInfo: type: WIFI[], state: CONNECTED/CONNECTED, reason: (unspecified), extra: "virginmedia8066037", roaming: false, failover: false, isAvailable: true, isConnectedToProvisioningNetwork: false, simId: 0/10069
D/ConnectivityService(  752): getActiveNetworkInfo:NetworkInfo: type: WIFI[], state: CONNECTED/CONNECTED, reason: (unspecified), extra: "virginmedia8066037", roaming: false, failover: false, isAvailable: true, isConnectedToProvisioningNetwork: false, simId: 0/10069
D/ConnectivityService(  752): getActiveNetworkInfo:NetworkInfo: type: WIFI[], state: CONNECTED/CONNECTED, reason: (unspecified), extra: "virginmedia8066037", roaming: false, failover: false, isAvailable: true, isConnectedToProvisioningNetwork: false, simId: 0/10069
D/ConnectivityService(  752): getActiveNetworkInfo:NetworkInfo: type: WIFI[], state: CONNECTED/CONNECTED, reason: (unspecified), extra: "virginmedia8066037", roaming: false, failover: false, isAvailable: true, isConnectedToProvisioningNetwork: false, simId: 0/10069
D/ConnectivityService(  752): getActiveNetworkInfo:NetworkInfo: type: WIFI[], state: CONNECTED/CONNECTED, reason: (unspecified), extra: "virginmedia8066037", roaming: false, failover: false, isAvailable: true, isConnectedToProvisioningNetwork: false, simId: 0/10069
D/ConnectivityService(  752): getActiveNetworkInfo:NetworkInfo: type: WIFI[], state: CONNECTED/CONNECTED, reason: (unspecified), extra: "virginmedia8066037", roaming: false, failover: false, isAvailable: true, isConnectedToProvisioningNetwork: false, simId: 0/10069
D/ConnectivityService(  752): getActiveNetworkInfo:NetworkInfo: type: WIFI[], state: CONNECTED/CONNECTED, reason: (unspecified), extra: "virginmedia8066037", roaming: false, failover: false, isAvailable: true, isConnectedToProvisioningNetwork: false, simId: 0/10069
D/ConnectivityService(  752): getActiveNetworkInfo:NetworkInfo: type: WIFI[], state: CONNECTED/CONNECTED, reason: (unspecified), extra: "virginmedia8066037", roaming: false, failover: false, isAvailable: true, isConnectedToProvisioningNetwork: false, simId: 0/10069
D/ConnectivityService(  752): getActiveNetworkInfo:NetworkInfo: type: WIFI[], state: CONNECTED/CONNECTED, reason: (unspecified), extra: "virginmedia8066037", roaming: false, failover: false, isAvailable: true, isConnectedToProvisioningNetwork: false, simId: 0/10069
D/ConnectivityService(  752): getActiveNetworkInfo:NetworkInfo: type: WIFI[], state: CONNECTED/CONNECTED, reason: (unspecified), extra: "virginmedia8066037", roaming: false, failover: false, isAvailable: true, isConnectedToProvisioningNetwork: false, simId: 0/10069
D/ConnectivityService(  752): getActiveNetworkInfo:NetworkInfo: type: WIFI[], state: CONNECTED/CONNECTED, reason: (unspecified), extra: "virginmedia8066037", roaming: false, failover: false, isAvailable: true, isConnectedToProvisioningNetwork: false, simId: 0/10069
D/ConnectivityService(  752): getActiveNetworkInfo:NetworkInfo: type: WIFI[], state: CONNECTED/CONNECTED, reason: (unspecified), extra: "virginmedia8066037", roaming: false, failover: false, isAvailable: true, isConnectedToProvisioningNetwork: false, simId: 0/10069
D/ConnectivityService(  752): getActiveNetworkInfo:NetworkInfo: type: WIFI[], state: CONNECTED/CONNECTED, reason: (unspecified), extra: "virginmedia8066037", roaming: false, failover: false, isAvailable: true, isConnectedToProvisioningNetwork: false, simId: 0/10069
D/ConnectivityService(  752): getActiveNetworkInfo:NetworkInfo: type: WIFI[], state: CONNECTED/CONNECTED, reason: (unspecified), extra: "virginmedia8066037", roaming: false, failover: false, isAvailable: true, isConnectedToProvisioningNetwork: false, simId: 0/10069
D/ConnectivityService(  752): getActiveNetworkInfo:NetworkInfo: type: WIFI[], state: CONNECTED/CONNECTED, reason: (unspecified), extra: "virginmedia8066037", roaming: false, failover: false, isAvailable: true, isConnectedToProvisioningNetwork: false, simId: 0/10069
D/ConnectivityService(  752): getActiveNetworkInfo:NetworkInfo: type: WIFI[], state: CONNECTED/CONNECTED, reason: (unspecified), extra: "virginmedia8066037", roaming: false, failover: false, isAvailable: true, isConnectedToProvisioningNetwork: false, simId: 0/10069
D/ConnectivityService(  752): getActiveNetworkInfo:NetworkInfo: type: WIFI[], state: CONNECTED/CONNECTED, reason: (unspecified), extra: "virginmedia8066037", roaming: false, failover: false, isAvailable: true, isConnectedToProvisioningNetwork: false, simId: 0/10069
D/ConnectivityService(  752): getActiveNetworkInfo:NetworkInfo: type: WIFI[], state: CONNECTED/CONNECTED, reason: (unspecified), extra: "virginmedia8066037", roaming: false, failover: false, isAvailable: true, isConnectedToProvisioningNetwork: false, simId: 0/10069
D/ConnectivityService(  752): getActiveNetworkInfo:NetworkInfo: type: WIFI[], state: CONNECTED/CONNECTED, reason: (unspecified), extra: "virginmedia8066037", roaming: false, failover: false, isAvailable: true, isConnectedToProvisioningNetwork: false, simId: 0/10069
D/ConnectivityService(  752): getActiveNetworkInfo:NetworkInfo: type: WIFI[], state: CONNECTED/CONNECTED, reason: (unspecified), extra: "virginmedia8066037", roaming: false, failover: false, isAvailable: true, isConnectedToProvisioningNetwork: false, simId: 0/10069
D/ConnectivityService(  752): getActiveNetworkInfo:NetworkInfo: type: WIFI[], state: CONNECTED/CONNECTED, reason: (unspecified), extra: "virginmedia8066037", roaming: false, failover: false, isAvailable: true, isConnectedToProvisioningNetwork: false, simId: 0/10069
V/ActivityManager(  752): Broadcast: Intent { act=com.facebook.messages.ipc.peers.PROD flg=0x10 (has extras) } ordered=false userid=0 callerApp=ProcessRecord{434b6e50 12718:com.facebook.katana:dash/u0a69}
V/ActivityManager(  752): Broadcast: Intent { act=com.facebook.common.appstate.peers flg=0x10 pkg=com.facebook.katana (has extras) } ordered=false userid=0 callerApp=ProcessRecord{434b6e50 12718:com.facebook.katana:dash/u0a69}
D/ConnectivityService(  752): getActiveNetworkInfo:NetworkInfo: type: WIFI[], state: CONNECTED/CONNECTED, reason: (unspecified), extra: "virginmedia8066037", roaming: false, failover: false, isAvailable: true, isConnectedToProvisioningNetwork: false, simId: 0/10011
D/ConnectivityService(  752): getActiveNetworkInfo:NetworkInfo: type: WIFI[], state: CONNECTED/CONNECTED, reason: (unspecified), extra: "virginmedia8066037", roaming: false, failover: false, isAvailable: true, isConnectedToProvisioningNetwork: false, simId: 0/10011
V/ActivityManager(  752): Broadcast: Intent { act=com.facebook.common.hardware.NetworkActivityBroadcastManager.NETWORKING_INACTIVE flg=0x10 (has extras) } ordered=false userid=0 callerApp=ProcessRecord{434b6e50 12718:com.facebook.katana:dash/u0a69}
V/ActivityManager(  752): Broadcast: Intent { act=com.facebook.common.hardware.NetworkActivityBroadcastManager.NETWORKING_INACTIVE flg=0x10 (has extras) } ordered=false userid=0 callerApp=ProcessRecord{42cf5f78 1823:com.facebook.katana/u0a69}
D/ConnectivityService(  752): getActiveNetworkInfo:NetworkInfo: type: WIFI[], state: CONNECTED/CONNECTED, reason: (unspecified), extra: "virginmedia8066037", roaming: false, failover: false, isAvailable: true, isConnectedToProvisioningNetwork: false, simId: 0/10011
D/ConnectivityService(  752): getActiveNetworkInfo:NetworkInfo: type: WIFI[], state: CONNECTED/CONNECTED, reason: (unspecified), extra: "virginmedia8066037", roaming: false, failover: false, isAvailable: true, isConnectedToProvisioningNetwork: false, simId: 0/10011
V/ActivityManager(  752): Broadcast sticky: Intent { act=android.intent.action.SIG_STR flg=0x10 (has extras) } ordered=false userid=-1 callerApp=ProcessRecord{426f6210 752:system/1000}
D/ConnectivityService(  752): getActiveNetworkInfo:NetworkInfo: type: WIFI[], state: CONNECTED/CONNECTED, reason: (unspecified), extra: "virginmedia8066037", roaming: false, failover: false, isAvailable: true, isConnectedToProvisioningNetwork: false, simId: 0/10011
D/ConnectivityService(  752): getActiveNetworkInfo:NetworkInfo: type: WIFI[], state: CONNECTED/CONNECTED, reason: (unspecified), extra: "virginmedia8066037", roaming: false, failover: false, isAvailable: true, isConnectedToProvisioningNetwork: false, simId: 0/10011
D/ConnectivityService(  752): getActiveNetworkInfo:NetworkInfo: type: WIFI[], state: CONNECTED/CONNECTED, reason: (unspecified), extra: "virginmedia8066037", roaming: false, failover: false, isAvailable: true, isConnectedToProvisioningNetwork: false, simId: 0/10011
V/ActivityManager(  752): Broadcast: Intent { act=com.facebook.messages.ipc.peers.PROD flg=0x10 (has extras) } ordered=false userid=0 callerApp=ProcessRecord{434b6e50 12718:com.facebook.katana:dash/u0a69}
V/ActivityManager(  752): Broadcast: Intent { act=com.facebook.common.appstate.peers flg=0x10 pkg=com.facebook.katana (has extras) } ordered=false userid=0 callerApp=ProcessRecord{434b6e50 12718:com.facebook.katana:dash/u0a69}
W/ActivityManager(  752): Launch timeout has expired, giving up wake lock!
D/PowerManagerService(  752): releaseWakeLockInternal: lock=1114263144 [ActivityManager-Launch], flags=0x0, total_time=10002ms
D/PowerManagerNotifier(  752): onWakeLockReleased: flags=1, tag="ActivityManager-Launch", packageName=android, ownerUid=1000, ownerPid=752, workSource=null
D/PowerManagerService(  752): updateWakeLockSummaryLocked: mWakefulness=Awake, mWakeLockSummary=0x1
D/PowerManagerService(  752): newScreenState = 2
D/PowerManagerDisplayController(  752): requestPowerState: screenState=2, useProximitySensor=false, forceProximitySensorEnable=false, forceWakeUpEnable=false, screenBrightness=102, screenAutoBrightnessAdjustment=0.0, useAutoBrightness=true, AALFunction=0, blockScreenOn=false, waitForNegativeProximity=false
I/PowerManagerService(  752): setBrightness mButtonLight 0.
D/PowerManagerService(  752): updateScreenStateLocked: mDisplayReady=true, newScreenState=2, mWakefulness=1, mWakeLockSummary=0x1, mUserActivitySummary=0x1, mBootCompleted=true
D/PowerManagerService(  752): handleSandman: canDream=true, mWakefulness=Awake
E/WindowManager(  752): Starting window AppWindowToken{42ce2e48 token=Token{42f27da0 ActivityRecord{42f4c5e8 u0 com.waid.debug/com.waid.activity.login.LoginActivity t8}}} timed out
V/ActivityManager(  752): ACT-Activity idle: Token{42f27da0 ActivityRecord{42f4c5e8 u0 com.waid.debug/com.waid.activity.login.LoginActivity t8}}
V/ActivityManager(  752): ensureActivitiesVisibleLocked: consider front
V/ActivityManager(  752): ensureActivitiesVisibleLocked: consider back
V/ActivityManager(  752): Broadcast sticky: Intent { act=android.intent.action.BATTERY_CHANGED flg=0x60000010 (has extras) } ordered=false userid=-1 callerApp=null
D/PowerManagerService(  752): updateIsPoweredLocked: wasPowered=true, mIsPowered=true, oldPlugType=2, mPlugType=2, mBatteryLevel=99
D/PowerManagerService(  752): handleSandman: canDream=true, mWakefulness=Awake
D/WifiService(  752): onReceive, action:android.intent.action.BATTERY_CHANGED
D/UsbDeviceManager(  752): onReceive - BATTERY_CHANGED - mPlugType: 2, mSettingUsbCharging: false, mConnected: true, mSettingUsbBicr: false
D/WifiController(  752): DeviceActiveState{ when=-1ms what=155652 arg1=2 target=com.android.internal.util.StateMachine$SmHandler target=Handler (com.android.internal.util.StateMachine$SmHandler) {42f84ed0} }
D/WifiController(  752): StaEnabledState{ when=-1ms what=155652 arg1=2 target=com.android.internal.util.StateMachine$SmHandler target=Handler (com.android.internal.util.StateMachine$SmHandler) {42f84ed0} }
D/WifiController(  752): DefaultState{ when=-1ms what=155652 arg1=2 target=com.android.internal.util.StateMachine$SmHandler target=Handler (com.android.internal.util.StateMachine$SmHandler) {42f84ed0} }
D/WifiController(  752): battery changed pluggedType: 2
I/BootReceiver(  752): Copying /data/tombstones/tombstone_06 to DropBox (SYSTEM_TOMBSTONE)
I/ActivityManager(  752): Process com.waid.debug (pid 12752) has died.
D/DisplayManagerService(  752): Display listener for pid 12752 died.
V/WindowManager(  752): Changing focus from Window{435e7df8 u0 Waiting For Debugger: com.waid.debug EXITING} to null Callers=com.android.server.wm.WindowManagerService.removeWindowLocked:2854 com.android.server.wm.WindowManagerService.removeWindowLocked:2791 com.android.server.wm.WindowManagerService.removeWindow:2786 com.android.server.wm.Session.remove:182 
I/WindowManager(  752): Losing focus: Window{435e7df8 u0 Waiting For Debugger: com.waid.debug EXITING}
V/NetworkStats(  752): setKernelCounterSet uid=10110 set=0
D/ConnectivityService(  752): onUidRulesChanged(uid=10110, uidRules=0)
I/ActivityManager(  752): Start proc com.waid.debug for activity com.waid.debug/com.waid.activity.login.LoginActivity: pid=12964 uid=10110 gids={50110, 3003, 1028, 1015, 1023}
V/ActivityManager(  752): Broadcast: Intent { act=android.intent.action.DROPBOX_ENTRY_ADDED flg=0x10 (has extras) } ordered=false userid=0 callerApp=ProcessRecord{426f6210 752:system/1000}
V/ActivityManager(  752): ensureActivitiesVisibleLocked: consider front
V/ActivityManager(  752): ensureActivitiesVisibleLocked: consider back
V/ActivityManager(  752): ensureActivitiesVisibleLocked: consider front
V/ActivityManager(  752): ensureActivitiesVisibleLocked: consider back
V/NetworkStats(  752): setKernelCounterSet uid=10110 set=1
D/ConnectivityService(  752): onUidRulesChanged(uid=10110, uidRules=0)
D/ActivityManager(  752): getContentProviderImpl: from caller=android.app.ApplicationThreadProxy@42c60928 (pid=12964, userId=0) to get content provider settings cpr=ContentProviderRecord{42ab9578 u0 com.android.providers.settings/.SettingsProvider}
D/ActivityManager(  752): getContentProviderImpl: updateLruProcessLocked cpr.proc=ProcessRecord{426f6210 752:system/1000}
D/ActivityThread(12964): hoder:android.app.IActivityManager$ContentProviderHolder@425c50e8,provider,holder.Provider:android.content.ContentProviderProxy@425c5868
V/SettingsProvider(  752): call(system:anr_debugging_mechanism) for 0
W/ActivityThread(12964): Application com.waid.debug can be debugged on port 8100...
D/ActivityThread(12964): BIND_APPLICATION handled : 0 / AppBindData{appInfo=ApplicationInfo{425c2880 com.waid.debug}}
V/ActivityThread(12964): ActivityRecord{425c3da0 token=android.os.BinderProxy@425c3608 {com.waid.debug/com.waid.activity.login.LoginActivity}}: app=android.app.Application@425ce348, appName=com.waid.debug, pkg=com.waid.debug, comp={com.waid.debug/com.waid.activity.login.LoginActivity}, dir=/data/app/com.waid.debug-1.apk
V/ActivityThread(12964): Performing resume of ActivityRecord{425c3da0 token=android.os.BinderProxy@425c3608 {com.waid.debug/com.waid.activity.login.LoginActivity}} finished=false
D/ActivityManager(  752): getContentProviderImpl: from caller=android.app.ApplicationThreadProxy@429c44d8 (pid=12964, userId=0) to get content provider com.android.contacts cpr=ContentProviderRecord{430e1bc0 u0 com.android.providers.contacts/.ContactsProvider2}
D/ActivityManager(  752): getContentProviderImpl: updateLruProcessLocked cpr.proc=ProcessRecord{430e1d98 9174:android.process.acore/u0a3}
D/ActivityThread(12964): hoder:android.app.IActivityManager$ContentProviderHolder@426db318,provider,holder.Provider:android.content.ContentProviderProxy@426dc2f0
I/ActivityManager(  752): START u0 {cmp=com.waid.debug/com.waid.activity.main.WhatAmIdoing} from pid 12964
D/ActivityManager(  752): ACT-moveHomeTask toFront : false homeInFront = false
D/PowerManagerService(  752): acquireWakeLockInternal: lock=1114263144, flags=0x1, tag="ActivityManager-Launch", ws=null, uid=1000, pid=752
D/PowerManagerNotifier(  752): onWakeLockAcquired: flags=1, tag="ActivityManager-Launch", packageName=android, ownerUid=1000, ownerPid=752, workSource=null
D/PowerManagerService(  752): updateWakeLockSummaryLocked: mWakefulness=Awake, mWakeLockSummary=0x1
D/PowerManagerService(  752): newScreenState = 2
D/PowerManagerDisplayController(  752): requestPowerState: screenState=2, useProximitySensor=false, forceProximitySensorEnable=false, forceWakeUpEnable=false, screenBrightness=102, screenAutoBrightnessAdjustment=0.0, useAutoBrightness=true, AALFunction=0, blockScreenOn=false, waitForNegativeProximity=false
I/PowerManagerService(  752): setBrightness mButtonLight 0.
D/PowerManagerService(  752): updateScreenStateLocked: mDisplayReady=true, newScreenState=2, mWakefulness=1, mWakeLockSummary=0x1, mUserActivitySummary=0x1, mBootCompleted=true
D/PowerManagerService(  752): handleSandman: canDream=true, mWakefulness=Awake
D/ActivityThread(12964): ACT-AM_ON_RESUME_CALLED ActivityRecord{425c3da0 token=android.os.BinderProxy@425c3608 {com.waid.debug/com.waid.activity.login.LoginActivity}}
V/ActivityThread(12964): Resume ActivityRecord{425c3da0 token=android.os.BinderProxy@425c3608 {com.waid.debug/com.waid.activity.login.LoginActivity}} started activity: false, hideForNow: false, finished: false
V/ActivityThread(12964): Resuming ActivityRecord{425c3da0 token=android.os.BinderProxy@425c3608 {com.waid.debug/com.waid.activity.login.LoginActivity}} with isForward=true
V/ActivityThread(12964): Scheduling idle handler for ActivityRecord{425c3da0 token=android.os.BinderProxy@425c3608 {com.waid.debug/com.waid.activity.login.LoginActivity}}
D/ActivityThread(12964): ACT-LAUNCH_ACTIVITY handled : 0 / ActivityRecord{425c3da0 token=android.os.BinderProxy@425c3608 {com.waid.debug/com.waid.activity.login.LoginActivity}}
D/ActivityThread(12964): ACT-AM_ON_PAUSE_CALLED ActivityRecord{425c3da0 token=android.os.BinderProxy@425c3608 {com.waid.debug/com.waid.activity.login.LoginActivity}}
V/WindowManager(  752): Rotation changed to 1 from 0, forceApp=0
D/PowerManagerService(  752): acquireWakeLockInternal: lock=1117410552, flags=0x1, tag="SCREEN_FROZEN", ws=null, uid=1000, pid=752
D/PowerManagerNotifier(  752): onWakeLockAcquired: flags=1, tag="SCREEN_FROZEN", packageName=android, ownerUid=1000, ownerPid=752, workSource=null
D/PowerManagerService(  752): updateWakeLockSummaryLocked: mWakefulness=Awake, mWakeLockSummary=0x1
D/PowerManagerService(  752): newScreenState = 2
D/PowerManagerDisplayController(  752): requestPowerState: screenState=2, useProximitySensor=false, forceProximitySensorEnable=false, forceWakeUpEnable=false, screenBrightness=102, screenAutoBrightnessAdjustment=0.0, useAutoBrightness=true, AALFunction=0, blockScreenOn=false, waitForNegativeProximity=false
I/PowerManagerService(  752): setBrightness mButtonLight 0.
D/PowerManagerService(  752): updateScreenStateLocked: mDisplayReady=true, newScreenState=2, mWakefulness=1, mWakeLockSummary=0x1, mUserActivitySummary=0x1, mBootCompleted=true
D/PowerManagerService(  752): handleSandman: canDream=true, mWakefulness=Awake
I/WindowManager(  752):   FREEZE Surface(name=ScreenshotSurface): CREATE, w = 720, h = 1280, r=0
I/ActivityManager(  752): haltActivityResuming
I/ActivityManager(  752): Config changes=480 {1.0 234mcc10mnc en_GB ldltr sw360dp w640dp h335dp 320dpi nrml long land finger -keyb/v/h -nav/h skin=/system/framework/framework-res.apk s.15}
D/DisplayManagerService(  752): Delivering display event: displayId=0, event=2
V/ActivityManager(  752): Broadcast: Intent { act=android.intent.action.CONFIGURATION_CHANGED flg=0x60000010 } ordered=false userid=-1 callerApp=null
V/ActivityManager(  752): ensureActivitiesVisibleLocked: consider front
V/ActivityManager(  752): ensureActivitiesVisibleLocked: consider back
V/SettingsProvider(  752): call(system:screen_brightness_mode) for 0
V/ActivityManager(  752): ensureActivitiesVisibleLocked: consider front
V/ActivityManager(  752): ensureActivitiesVisibleLocked: consider back
D/ActivityThread(12964): ACT-PAUSE_ACTIVITY handled : 1 / android.os.BinderProxy@425c3608
V/ActivityManager(  752): ACT-Activity idle: null
W/AppWidgetService(  752): AppWidgetService onReceive: android.intent.action.CONFIGURATION_CHANGED
I/AppWidgetServiceImpl(  752): u=0: Got onConfigurationChanged()
V/ActivityManager(  752): Broadcast sticky: Intent { act=android.provider.Telephony.SPN_STRINGS_UPDATED flg=0x10 (has extras) } ordered=false userid=0 callerApp=ProcessRecord{42ac62a0 1183:com.android.phone/1001}
D/ActivityManager(  752): getContentProviderImpl: from caller=android.app.ApplicationThreadProxy@42a12c10 (pid=982, userId=0) to get content provider com.android.contacts cpr=ContentProviderRecord{430e1bc0 u0 com.android.providers.contacts/.ContactsProvider2}
D/ActivityManager(  752): getContentProviderImpl: updateLruProcessLocked cpr.proc=ProcessRecord{430e1d98 9174:android.process.acore/u0a3}
D/ConnectivityService(  752): getActiveNetworkInfo:NetworkInfo: type: WIFI[], state: CONNECTED/CONNECTED, reason: (unspecified), extra: "virginmedia8066037", roaming: false, failover: false, isAvailable: true, isConnectedToProvisioningNetwork: false, simId: 0/10011
D/ActivityThread(  982): hoder:android.app.IActivityManager$ContentProviderHolder@43720b38,provider,holder.Provider:android.content.ContentProviderProxy@43721670
D/ConnectivityService(  752): getActiveNetworkInfo:NetworkInfo: type: WIFI[], state: CONNECTED/CONNECTED, reason: (unspecified), extra: "virginmedia8066037", roaming: false, failover: false, isAvailable: true, isConnectedToProvisioningNetwork: false, simId: 0/10011
D/ConnectivityService(  752): getActiveNetworkInfo:NetworkInfo: type: WIFI[], state: CONNECTED/CONNECTED, reason: (unspecified), extra: "virginmedia8066037", roaming: false, failover: false, isAvailable: true, isConnectedToProvisioningNetwork: false, simId: 0/10011
V/ActivityThread(12964): ActivityRecord{426eaac8 token=android.os.BinderProxy@426ea330 {com.waid.debug/com.waid.activity.main.WhatAmIdoing}}: app=android.app.Application@425ce348, appName=com.waid.debug, pkg=com.waid.debug, comp={com.waid.debug/com.waid.activity.main.WhatAmIdoing}, dir=/data/app/com.waid.debug-1.apk
V/ActivityThread(12964): Performing resume of ActivityRecord{426eaac8 token=android.os.BinderProxy@426ea330 {com.waid.debug/com.waid.activity.main.WhatAmIdoing}} finished=false
I/ActivityManager(  752): Start proc org.opencv.engine:OpenCVEngineProcess for service org.opencv.engine/.OpenCVEngineService: pid=12998 uid=10109 gids={50109}
D/ActivityThread(12964): ACT-AM_ON_RESUME_CALLED ActivityRecord{426eaac8 token=android.os.BinderProxy@426ea330 {com.waid.debug/com.waid.activity.main.WhatAmIdoing}}
V/ActivityThread(12964): Resume ActivityRecord{426eaac8 token=android.os.BinderProxy@426ea330 {com.waid.debug/com.waid.activity.main.WhatAmIdoing}} started activity: false, hideForNow: false, finished: false
V/ActivityThread(12964): Resuming ActivityRecord{426eaac8 token=android.os.BinderProxy@426ea330 {com.waid.debug/com.waid.activity.main.WhatAmIdoing}} with isForward=false
V/ActivityThread(12964): Scheduling idle handler for ActivityRecord{426eaac8 token=android.os.BinderProxy@426ea330 {com.waid.debug/com.waid.activity.main.WhatAmIdoing}}
D/ActivityThread(12964): ACT-LAUNCH_ACTIVITY handled : 0 / ActivityRecord{426eaac8 token=android.os.BinderProxy@426ea330 {com.waid.debug/com.waid.activity.main.WhatAmIdoing}}
V/ActivityManager(  752): ensureActivitiesVisibleLocked: consider front
V/ActivityManager(  752): ensureActivitiesVisibleLocked: consider back
V/WindowManager(  752): Changing focus from null to Window{42705e00 u0 com.waid.debug/com.waid.activity.main.WhatAmIdoing} Callers=com.android.server.wm.WindowManagerService.relayoutWindow:3460 com.android.server.wm.Session.relayout:191 android.view.IWindowSession$Stub.onTransact:235 com.android.server.wm.Session.onTransact:126 
D/ActivityManager(  752): getContentProviderImpl: from caller=android.app.ApplicationThreadProxy@42b035a8 (pid=12998, userId=0) to get content provider settings cpr=ContentProviderRecord{42ab9578 u0 com.android.providers.settings/.SettingsProvider}
D/ActivityManager(  752): getContentProviderImpl: updateLruProcessLocked cpr.proc=ProcessRecord{426f6210 752:system/1000}
D/ActivityThread(12998): hoder:android.app.IActivityManager$ContentProviderHolder@425ca6e8,provider,holder.Provider:android.content.ContentProviderProxy@425cae68
I/WindowManager(  752): Gaining focus: Window{42705e00 u0 com.waid.debug/com.waid.activity.main.WhatAmIdoing}
V/SettingsProvider(  752): call(system:anr_debugging_mechanism) for 0
D/ActivityThread(12998): BIND_APPLICATION handled : 0 / AppBindData{appInfo=ApplicationInfo{425c3870 org.opencv.engine}}
D/ActivityThread(12998): SVC-Creating service: CreateServiceData{token=android.os.BinderProxy@425c4378 className=org.opencv.engine.OpenCVEngineService packageName=org.opencv.engine intent=null}
D/ActivityThread(12998): SVC-CREATE_SERVICE handled : 0 / CreateServiceData{token=android.os.BinderProxy@425c4378 className=org.opencv.engine.OpenCVEngineService packageName=org.opencv.engine intent=null}
D/ActivityThread(12998): SVC-BIND_SERVICE handled : 0 / BindServiceData{token=android.os.BinderProxy@425c4378 intent=Intent { act=org.opencv.engine.BIND }}
V/InputMethodManagerService(  752): windowGainedFocus: android.os.BinderProxy@427562e0 controlFlags=#104 softInputMode=#20 windowFlags=#1810100
I/WindowManager(  752): Screen frozen for +312ms due to Window{425bcfe8 u0 Starting com.waid.debug}
V/WindowManager(  752): Dismiss!
D/PowerManagerService(  752): releaseWakeLockInternal: lock=1117410552 [SCREEN_FROZEN], flags=0x0, total_time=318ms
D/PowerManagerNotifier(  752): onWakeLockReleased: flags=1, tag="SCREEN_FROZEN", packageName=android, ownerUid=1000, ownerPid=752, workSource=null
D/PowerManagerService(  752): updateWakeLockSummaryLocked: mWakefulness=Awake, mWakeLockSummary=0x1
D/PowerManagerService(  752): newScreenState = 2
D/PowerManagerDisplayController(  752): requestPowerState: screenState=2, useProximitySensor=false, forceProximitySensorEnable=false, forceWakeUpEnable=false, screenBrightness=102, screenAutoBrightnessAdjustment=0.0, useAutoBrightness=true, AALFunction=0, blockScreenOn=false, waitForNegativeProximity=false
I/PowerManagerService(  752): setBrightness mButtonLight 0.
D/PowerManagerService(  752): updateScreenStateLocked: mDisplayReady=true, newScreenState=2, mWakefulness=1, mWakeLockSummary=0x1, mUserActivitySummary=0x1, mBootCompleted=true
D/PowerManagerService(  752): handleSandman: canDream=true, mWakefulness=Awake
D/ActivityThread(12998): SVC-UNBIND_SERVICE handled : 0 / BindServiceData{token=android.os.BinderProxy@425c4378 intent=Intent { act=org.opencv.engine.BIND }}
D/ActivityThread(12998): SVC-Destroying service: org.opencv.engine.OpenCVEngineService@425cfa90
D/ActivityThread(12998): SVC-STOP_SERVICE handled : 0 / android.os.BinderProxy@425c4378
V/ActivityManager(  752): ACT-Activity idle: Token{428c68d8 ActivityRecord{426fdb00 u0 com.waid.debug/com.waid.activity.main.WhatAmIdoing t8}}
D/PowerManagerService(  752): releaseWakeLockInternal: lock=1114263144 [ActivityManager-Launch], flags=0x0, total_time=367ms
D/PowerManagerNotifier(  752): onWakeLockReleased: flags=1, tag="ActivityManager-Launch", packageName=android, ownerUid=1000, ownerPid=752, workSource=null
D/PowerManagerService(  752): updateWakeLockSummaryLocked: mWakefulness=Awake, mWakeLockSummary=0x1
D/PowerManagerService(  752): newScreenState = 2
D/PowerManagerDisplayController(  752): requestPowerState: screenState=2, useProximitySensor=false, forceProximitySensorEnable=false, forceWakeUpEnable=false, screenBrightness=102, screenAutoBrightnessAdjustment=0.0, useAutoBrightness=true, AALFunction=0, blockScreenOn=false, waitForNegativeProximity=false
I/PowerManagerService(  752): setBrightness mButtonLight 0.
D/PowerManagerService(  752): updateScreenStateLocked: mDisplayReady=true, newScreenState=2, mWakefulness=1, mWakeLockSummary=0x1, mUserActivitySummary=0x1, mBootCompleted=true
V/ActivityManager(  752): ensureActivitiesVisibleLocked: consider front
D/PowerManagerService(  752): handleSandman: canDream=true, mWakefulness=Awake
V/ActivityManager(  752): ensureActivitiesVisibleLocked: consider back
V/ActivityManager(  752): ACT-Activity idle: Token{42f27da0 ActivityRecord{42f4c5e8 u0 com.waid.debug/com.waid.activity.login.LoginActivity t8}}
V/ActivityManager(  752): ensureActivitiesVisibleLocked: consider front
V/ActivityManager(  752): ensureActivitiesVisibleLocked: consider back
V/ActivityThread(12964): Finishing stop of ActivityRecord{425c3da0 token=android.os.BinderProxy@425c3608 {com.waid.debug/com.waid.activity.login.LoginActivity}}: show=false win=com.android.internal.policy.impl.PhoneWindow@425d1528
D/ActivityThread(12964): ACT-STOP_ACTIVITY_HIDE handled : 0 / android.os.BinderProxy@425c3608
I/WindowManager(  752):   FREEZE Surface(name=ScreenshotSurface): DESTROY
I/ActivityManager(  752): restoreActivityResuming
D/ActivityThread( 1272): SVC-Creating service: CreateServiceData{token=android.os.BinderProxy@426e9da8 className=com.google.android.gms.gcm.http.GoogleHttpService packageName=com.google.android.gms intent=null}
D/ActivityThread( 1272): SVC-CREATE_SERVICE handled : 0 / CreateServiceData{token=android.os.BinderProxy@426e9da8 className=com.google.android.gms.gcm.http.GoogleHttpService packageName=com.google.android.gms intent=null}
D/ActivityThread( 1272): SVC-BIND_SERVICE handled : 0 / BindServiceData{token=android.os.BinderProxy@426e9da8 intent=Intent { cmp=com.google.android.gms/.gcm.http.GoogleHttpService }}
I/FrameworkListener(  206): onDataAvailable get 54 bytes 
D/SocketClient(  206): SocketClient sendDatalocked done: 222
D/SocketClient(  206): SocketClient sendDatalocked done: 
D/SocketClient(  206): SocketClient sendDatalocked done: 
D/SocketClient(  206): SocketClient sendDatalocked done: 
D/SocketClient(  206): SocketClient sendDatalocked done: 
D/SocketClient(  206): SocketClient sendDatalocked done: 
D/SocketClient(  206): SocketClient sendDatalocked done: 
V/ActivityManager(  752): Broadcast: Intent { act=android.intent.action.PACKAGE_CHANGED dat=package:com.google.android.gms flg=0x4000010 (has extras) } ordered=false userid=0 callerApp=null
D/ActivityThread( 9174): BDC-Calling onReceive: intent=Intent { act=android.intent.action.PACKAGE_CHANGED dat=package:com.google.android.gms flg=0x4000010 cmp=com.android.providers.contacts/.PackageIntentReceiver (has extras) }, ordered=true, receiver=com.android.providers.contacts.PackageIntentReceiver@4274e330
D/ActivityThread( 9174): BDC-RECEIVER handled : 0 / ReceiverData{intent=Intent { act=android.intent.action.PACKAGE_CHANGED dat=package:com.google.android.gms flg=0x4000010 cmp=com.android.providers.contacts/.PackageIntentReceiver (has extras) } packageName=com.android.providers.contacts resultCode=0 resultData=null resultExtras=null}
D/ActivityThread( 1259): BDC-Calling onReceive: intent=Intent { act=android.intent.action.PACKAGE_CHANGED dat=package:com.google.android.gms flg=0x4000010 cmp=com.android.launcher3/.PackageChangedReceiver (has extras) }, ordered=true, receiver=com.android.launcher3.PackageChangedReceiver@42c57f28
D/ActivityThread( 1259): BDC-RECEIVER handled : 0 / ReceiverData{intent=Intent { act=android.intent.action.PACKAGE_CHANGED dat=package:com.google.android.gms flg=0x4000010 cmp=com.android.launcher3/.PackageChangedReceiver (has extras) } packageName=com.android.launcher3 resultCode=0 resultData=null resultExtras=null}
D/ActivityThread(  982): BDC-Calling onReceive: intent=Intent { act=android.intent.action.PACKAGE_CHANGED dat=package:com.google.android.gms flg=0x4000010 cmp=com.android.systemui/.floatpanel.FloatModel (has extras) }, ordered=true, receiver=com.android.systemui.floatpanel.FloatModel@4372ee68
D/ActivityThread(  982): BDC-RECEIVER handled : 0 / ReceiverData{intent=Intent { act=android.intent.action.PACKAGE_CHANGED dat=package:com.google.android.gms flg=0x4000010 cmp=com.android.systemui/.floatpanel.FloatModel (has extras) } packageName=com.android.systemui resultCode=0 resultData=null resultExtras=null}
I/PackageManager(  752): Adding preferred activity ComponentInfo{com.android.mms/com.android.mms.ui.ComposeMessageActivity} for user 0 :
D/ActivityThread(12598): BDC-Calling onReceive: intent=Intent { act=android.intent.action.PACKAGE_CHANGED dat=package:com.google.android.gms flg=0x4000010 cmp=com.android.gallery3d/.app.PackagesMonitor (has extras) }, ordered=true, receiver=com.android.gallery3d.app.PackagesMonitor@426093e8
I/PackageManager(  752): Adding preferred activity ComponentInfo{com.android.mms/com.android.mms.ui.ComposeMessageActivity} for user 0 :
V/AppWidgetServiceImpl(  752): getInstalledProviders hostName = com.android.launcher3À€À€À€À€À€À€À€À€À€À€À€À€À€À€À€À€À€À€À€À€À€À€À€À€À€À€À€À€À€À€À€À€À€À€À€À€À€À€À€À€À€À€À€À€À€À€À€À€À€À€À€À€À€À€À€
D/ActivityThread(12598): BDC-RECEIVER handled : 0 / ReceiverData{intent=Intent { act=android.intent.action.PACKAGE_CHANGED dat=package:com.google.android.gms flg=0x4000010 cmp=com.android.gallery3d/.app.PackagesMonitor$AsyncService (has extras) } packageName=com.android.gallery3d resultCode=0 resultData=null resultExtras=null}
D/ActivityThread(12598): SVC-Creating service: CreateServiceData{token=android.os.BinderProxy@4260ae70 className=com.android.gallery3d.app.PackagesMonitor$AsyncService packageName=com.android.gallery3d intent=null}
D/ActivityThread(12598): SVC-CREATE_SERVICE handled : 0 / CreateServiceData{token=android.os.BinderProxy@4260ae70 className=com.android.gallery3d.app.PackagesMonitor$AsyncService packageName=com.android.gallery3d intent=null}
D/ActivityThread(12598): SVC-SERVICE_ARGS handled : 0 / ServiceArgsData{token=android.os.BinderProxy@4260ae70 startId=1 args=Intent { act=android.intent.action.PACKAGE_CHANGED dat=package:com.google.android.gms flg=0x4000010 cmp=com.android.gallery3d/.app.PackagesMonitor$AsyncService (has extras) }}
V/AppWidgetServiceImpl(  752): permission of the launcher: 0 enableFiltering = false
I/AppWidgetServiceImpl(  752): u=0: ensureStateLoadedLocked
V/AppWidgetServiceImpl(  752): widget package name: im.ecloud.ecalendar Permission: -1
V/AppWidgetServiceImpl(  752): p.zombie = false
V/AppWidgetServiceImpl(  752): widget package name: com.android.mms Permission: -1
V/AppWidgetServiceImpl(  752): p.zombie = false
V/AppWidgetServiceImpl(  752): widget package name: com.android.settings Permission: -1
V/AppWidgetServiceImpl(  752): p.zombie = false
V/AppWidgetServiceImpl(  752): widget package name: com.android.browser Permission: -1
V/AppWidgetServiceImpl(  752): p.zombie = false
V/AppWidgetServiceImpl(  752): widget package name: com.supercleaner Permission: -1
V/AppWidgetServiceImpl(  752): p.zombie = false
V/AppWidgetServiceImpl(  752): widget package name: com.android.deskclock Permission: -1
V/AppWidgetServiceImpl(  752): p.zombie = false
V/AppWidgetServiceImpl(  752): widget package name: com.android.deskclock Permission: -1
V/AppWidgetServiceImpl(  752): p.zombie = false
V/AppWidgetServiceImpl(  752): widget package name: com.android.email Permission: -1
V/AppWidgetServiceImpl(  752): p.zombie = false
V/AppWidgetServiceImpl(  752): widget package name: com.android.gallery3d Permission: -1
V/AppWidgetServiceImpl(  752): p.zombie = false
V/AppWidgetServiceImpl(  752): widget package name: com.android.music Permission: -1
V/AppWidgetServiceImpl(  752): p.zombie = false
V/AppWidgetServiceImpl(  752): widget package name: com.android.quicksearchbox Permission: -1
V/AppWidgetServiceImpl(  752): p.zombie = false
V/AppWidgetServiceImpl(  752): widget package name: net.cactii.flash2 Permission: -1
V/AppWidgetServiceImpl(  752): p.zombie = false
V/AppWidgetServiceImpl(  752): widget package name: com.android.vending Permission: -1
V/AppWidgetServiceImpl(  752): p.zombie = false
V/AppWidgetServiceImpl(  752): widget package name: com.android.vending Permission: -1
V/AppWidgetServiceImpl(  752): p.zombie = false
V/AppWidgetServiceImpl(  752): widget package name: com.android.vending Permission: -1
V/AppWidgetServiceImpl(  752): p.zombie = false
V/AppWidgetServiceImpl(  752): widget package name: im.ecloud.ecalendar Permission: -1
V/AppWidgetServiceImpl(  752): p.zombie = false
