I/MdpMgr  (  211): {MdpMgr} [dequeueBuf] +,cqIndx(8),sceID(6),deqIndex(0),isWaitBuf(1)
D/MDP     (  211): DpIsp: 0xb7e8ba78, src 0 ms
I/Iop/P2PPWp.TD(  211): [doDequeue] FmvOut(0x7800000),dCq(8/1)
D/MtkCam/FeaturePipe(  211): [performCallback] FeatureGraph callback FrameNo(2262)
D/MtkCam/FeaturePipeDataHdl(  211): [returnBuffer] data(1003), buf(0xb7d38740)
D/MtkCam/P2Node(  211): [0:handleP2Done] type 5: cnt 2261 in 1 out 2
D/MtkCam/ISC(  211): [dropPass2Info] Erase # 0x8D6,ImgBuf(0xB812AC90),IsR(1)
D/MtkCam/DBHdl(  211): [:enqueBuffer]buf(0xb76bffb0),VA(0xAF184000),BS(518400),Id(326),TS(7810.171516),F(0x32315659),S(960x540),Str(960,480,480)
D/MtkCam/DisplayClient(  211): [handleReturnBuffers] + (120) 34ms < Duration(120)
D/MtkCam/DisplayClient(  211): [handleReturnBuffers] Show frame:0 1 [ion:326 0xaf184000/777600 7810171516000]
D/MtkCam/DBHdl(  211): [:enqueBuffer]buf(0xb76c15c0),VA(0xAF244000),BS(518400),Id(323),TS(7810.171516),F(0x00000011),S(960x540),Str(960,960,0)
D/MtkCam/PrvCB(  211): (13045)[handleReturnBuffers] + 34ms<Duration(120) 34ms<Duration(120)
I/BufferQueue(12964): [unnamed-12964-1](this:0x7e6b4b88,id:1,api:4,p:211,c:12964) queueBuffer: slot 6 is dropped, handle=0x7df072b0
I/Iop/P2PPWp.TD(  211): [doDequeue] -,cb(526 us)
D/MtkCam/PrvCB(  211): (13045)[handleReturnBuffers] callback:0(1) [0xaf244000/777600 0x727fb460] CookieDE:0x71a
D/MtkCam/DisplayClient(  211): [handleReturnBuffers] -
D/MtkCam/DisplayClient(  211): [waitAndHandleReturnBuffers] +
I/GL2JNIView(12964): -------------------DOOO-1
I/libgl2jni(12964): --DRAWING--: 2261
I/libgl2jni(12964): --NOT EMPTY--
I/libgl2jni(12964): READ 0
D/MtkCam/PrvCB(  211): (13045)[handleReturnBuffers] -
D/MtkCam/PrvCB(  211): (13045)[waitAndHandleReturnBuffers] +
I/GL2JNIView(12964): -------------------DOOO-1
I/libgl2jni(12964): --DRAWING--: 2262
I/libgl2jni(12964): --NOT EMPTY--
I/BufferQueue(  208): [SurfaceView](this:0xb79e8020,id:175,api:1,p:12964,c:208) queueBuffer: fps=53.14 dur=1016.11 max=25.99 min=16.38
I/GL2JNIView(12964): -------------------DOOO-1
I/libgl2jni(12964): --DRAWING--: 2262
I/libgl2jni(12964): --NOT EMPTY--
I/GL2JNIView(12964): -------------------DOOO-1
I/libgl2jni(12964): --DRAWING--: 2262
I/libgl2jni(12964): --NOT EMPTY--
I/GL2JNIView(12964): -------------------DOOO-1
I/libgl2jni(12964): --DRAWING--: 2262
I/libgl2jni(12964): --NOT EMPTY--
D/aaa_hal (  211): [Timer:start: VS Timer, SensorDevId: 1] timer start. bClrTime=1
D/aaa_hal/3Athread(  211): CmdQ-size(1), todo(10, 2264)
D/aaa_hal (  211): [Timer:End: VS Timer, SensorDevId: 1] =====> time(ms): current=0.026385,   sum=0.026385
D/        (  211): [AAA_Scheduler::importWork]+, mNormalizeM=1, mSensorDevId=1
D/AeAlgo  (  211): [getFlareAlgo] i2FlareOffset:0, Max_Step_gap: 4, gain:0
D/ae_mgr  (  211): [doPvAE()] i4SensorDev:1 AE Wait Vd frame:1 Enable:1 avgY:550
D/ae_mgr  (  211): [UpdateSensorISPParams:s] i4SensorDev:1 VDNum 1, Prev 119987/10512/1045, Cur 119987/10512/1512, Output 119987/10512/1512 Smooth:1
D/ae_mgr  (  211): [UpdateSensorISPParams:e] i4SensorDev:1 VDNum 1, Delay 0/0/1, Prev 119987/10512/1045, Cur 119987/10512/1512, Output 119987/10512/1512 State:0 FrameRate:83 50 300 Flare Offset:0
D/awb_state(  211): [Searching::sendIntent]<eIntent_AWBScan>
D/aaa_state_camera_preview(  211): lv(26),cct(3747),rgain(802),bgain(512),ggain(1124),fluoidx(100), dayflouidx(2)
D/aaa_sensor_mgr(  211): setFlickerFrameRateActive en=0
D/flicker_hal.cpp(  211): U 58961
D/flicker_hal.cpp(  211): A ln=691 cnt=58962
D/flicker_hal.cpp(  211): The exposure time is too long, skip flicker detection:119987
D/flicker_hal.cpp(  211): Status:50, 119987
D/flicker_hal.cpp(  211): getFlickerStatus 0
D/isp_tuning_custom(  211): [IspCamInfo][dump](eIspProfile, eSensorMode, eIdx_Scene)=(0, 0, 0)
D/isp_tuning_custom(  211): [RAWIspCamInfo][dump](eIdx_ISO, u4ISOValue, i4ZoomRatio_x100, i4LightValue_x10)=(3, 697, 100, 26)
D/isp_mgr_lsc(  211): enableLsc 1
D/isp_mgr_lsc(  211): [putAddr] eSensorDev(1), m_eSensorTG(1), u4BaseAddr(0x01f04000)
D/isp_mgr_lsc(  211): [put<NSIspTuning::ISP_NVRAM_LSC_T>
I/TuningMgr(  211): [dequeBuffer] scenario(0),MagicNum(0x8d8)
I/IspDrv  (  211): {IspDrv} [deTuningQueByCq] +,path(2),eCq(8),p2Cq(0),magic#(0x8d8),curRP2Idx(-1),curWIdx(28)
D/isp_mgr_sl2(  211): [apply] eSwScn(0), bSL2_EN(1), u4SL2_EN(1), u4SL2b_EN(1), u4SL2c_EN(1), CAM_SL2_CEN(0x02600337), CAM_SL2_MAX0_RR(0x00016dc4), CAM_SL2_MAX1_RR(0x0005b710), CAM_SL2_MAX2_RR(0x000a2900)
I/TuningMgr(  211): [enqueBuffer] scenario(0),MagicNum(0x8d8)
I/IspDrv  (  211): {IspDrv} [deTuningQueByCq] +,path(0),eCq(8),p2Cq(0),magic#(0x8d8),curRP2Idx(-1),curWIdx(29)
I/iio/ifunc(  211): [_config] ISP_RAW_PIPE::_config(setP1RrzCfg:0x1_0xffffffff):NonTwin lsc_en=1 E:path(1),rrz_in_w/h(1632/1224),rrz_crop_x/y/fx/fy/w/h(0/153/0/0/1632/918),rrz_out_w/h(960/540), sd_lw/xn(0/0),m_num(0x0)
D/EisDrv  (  211): [p1TuningNotify]me_ctrl2(0x0000606c)
D/aaa_hal (  211): [AFThread] sem_post g_semAFThreadstart, semAFProcEnd before wait = 1
D/MtkCam/DCNode(  211): [0::doNotifyCb]3APROC_FINISH:0x000008D8,0x00000003
D/aaa_hal/3Athread(  211): rCmd(10), magic#(2264)-
I/GL2JNIView(12964): -------------------DOOO-1
I/libgl2jni(12964): --DRAWING--: 2262
I/libgl2jni(12964): --NOT EMPTY--
I/GL2JNIView(12964): -------------------DOOO-1
I/libgl2jni(12964): --DRAWING--: 2262
I/libgl2jni(12964): --NOT EMPTY--
D/aaa_hal (  211): [Hal3A::AFThreadFunc] AF waitIrq done
D/flashlight_drv.cpp(  211): isOn()
D/flashlight_drv.cpp(  211): 
D/flash_mgr_m.cpp(  211): isAFLampOn 0
D/af_mgr  (  211): DoAFTG1 [XY]16 16 [Sz]266 198  [G]21 30 43 62 89 127 180 [Hz]1632 
D/AfAlgo  (  211): [AfAlgo][handleAF]Mode=3,Status=0,StatusC=7,AFSTrigger=0,AFC_FirstTime=0,StepPos=120,PreRunCnt=0,IsMonitorFV=1,AFMark=3,AFCounter=0
D/EisDrv  (  211): [UpdateEisoIdx]Eiso:idx(5->6),NEXT(va,pa)=(0xb423e600,0x06a00600)
D/EisDrv  (  211): [UpdateEisoIdx]post mTsSem
I/iio/ifunc(  211): [dequeueHwBuf] pass1:i(0),dma(8),id(0x0),size(0xed4e0),xsize(0x707),VA(0xae8cf000),PA(0x1b00000),count(1),cur sof(218),frm_cnt(217),mag(0x8d7)
D/EisDrv  (  211): [UpdateEiso]Eiso:idx(6),PA(0x06a00600)
D/AfAlgo  (  211): [AfAlgoCFD]NotfromFDwin 4
D/NormalPipe(  211): [MyDeQ:0]PortId(15),va=0xae8cf000,BufHeader=0xabe2c9e0,PixelId=0, MNum=0x8d7, rrzDstSz=960,540,rrzSrcSz=1632,918
D/af_mgr  (  211): [AFStatH]455 [AFStatV]3 [moveMCUTG1] 120
D/EisDrv  (  211): [UpdateEiso]-
D/MtkCam/P1Node(  211): [0:dequeLoop] frame 2265: deque-,1
D/MtkCam/DCNode(  211): [0::onNotify](0x00000080,0x000008D9,0x000008D7)
D/aaa_hal/3Athread(  211): [addCommandQ] mCmdQ size(1) + cmd(10) magic(2265)
D/aaa_hal (  211): [AFThread] semAFProcEnd before post = 0
D/MtkCam/ISC(  211): [getPass1Crop] 0: TS(4),# 0x8D9,IsR(1),ZR(0,100/100),C(0,153,1632x918),S(960x540)
D/MtkCam/P1Node(  211): [updateDeque] deq port 0x1010f, buf 0xb76acfa8, t 7810291603000
D/MtkCam/ISC(  211): [addPass1Info] 0: TS(1),# 0x8D7,VA(0xB76ACFA8),IsR(1),IsNew(1)
D/EisHal  (  211): [DoEis]EisIn(956,536),P1T(796,446)
D/EisDrv  (  211): [GetEisHwStatistic]wait mTsSem(7810291603000)
D/EisDrv  (  211): [GetEisHwStatistic]got mTsSem
D/EisDrv  (  211): [GetEisHwStatistic]pEisoAddr(0xb423e400)
D/EisHal  (  211): [PrepareEisResult]cmvX(20480),cmvY(11520)
D/EisHal  (  211): [PrepareEisResult]X(80,0),Y(45,0)
D/MtkCam/P2Node(  211): [0:pushBuf] size 1, data 31, buf 0xb76acfa8
I/iio/ifunc(  211): [enqueueHwBuf] pass1:dma(8),id(0),size(0xed4e0),VA(0xae8cf000),PA(0x1b00000),S/C(0/0),bufidx(0),replace:new(0x1a00000),bufidx(0)
D/MtkCam/P1Node(  211): [0:processBufOp] replace port 0x1010f old/new 0xb76acfa8/0xb812ac90 va 0xae8cf000/0xaeae3000
D/MtkCam/P1Node(  211): [0:dequeLoop] frame 2266: deque+
I/iio/ifunc(  211): [waitBufReady] waitBufReady[8]:[1,ffffffff] rtBufCtrl.ctrl(3)/id(8)/ptr(0xaed8e9cc)
D/MtkCam/BaseHeap(  211): [Cam1Heap::onCreate] [MtkCam/DBHdl] this:0xb7678670 960x540 format:0x32315659
I/Drv/IMem(  211): Drv/IMem[mapPhyAddr] mID(0x147),size(0x7e900),VA(xaf0c4000),PA(0x7a00000),S/C(0/0)
I/Drv/IMem(  211): Drv/IMem[mapPhyAddr] mID(0x147),size(0x1fa40),VA(xaf142900),PA(0x7a00000),S/C(0/0)
I/Drv/IMem(  211): Drv/IMem[mapPhyAddr] mID(0x147),size(0x1fa40),VA(xaf162340),PA(0x7a00000),S/C(0/0)
D/MtkCam/DBHdl(  211): [:dequeBuffer]buf(0xb76bf630),VA(0xAF0C4000/0xAF142900/0xAF162340),BS(518400=518400+129600+129600),Id(327),F(0x32315659),S(960x540),Str(960,480,480),R(0),U(3)
D/MtkCam/BaseHeap(  211): [Cam1Heap::onCreate] [MtkCam/DBHdl] this:0xb76ad0a0 960x540 format:0x11
I/Drv/IMem(  211): Drv/IMem[mapPhyAddr] mID(0x13d),size(0x7e900),VA(xaf3c0000),PA(0x7900000),S/C(0/0)
I/Drv/IMem(  211): Drv/IMem[mapPhyAddr] mID(0x13d),size(0x3f480),VA(xaf43e900),PA(0x7900000),S/C(0/0)
D/MtkCam/DBHdl(  211): [:dequeBuffer]buf(0xb76bffb0),VA(0xAF3C0000/0xAF43E900/0x00000000),BS(518400=518400+259200+0),Id(317),F(0x00000011),S(960x540),Str(960,960,0),R(0),U(0)
D/MtkCam/ISC(  211): [getPass2Info] 0: ImgBuf(0xB76ACFA8),# 0x8D7,PD(0xABE2C9E0/144),ZR(0,100/100),S(960x540),C(0,0,960x540)
D/MtkCam/P2Node(  211): [0:enquePass2] i 0 data 31, buf 0xb76acfa8, va 0xae8cf000, # 0x8D7, type 5 cnt 2262
D/MtkCam/P2Node(  211): [0:enquePass2] data 41, buf 0xb76bf630, va 0xaf0c4000, tans 0 usg 3
D/MtkCam/P2Node(  211): [0:enquePass2] data 43, buf 0xb76bffb0, va 0xaf3c0000, tans 0 usg 0
D/MtkCam/FeaturePipe(  211): [enqueFeatureGraph] FrameNo(2263)
I/iio/path(  211): [getNr3dGain] softScenario(0),magicNum(0x8d7)
I/IspDrv  (  211): {IspDrv} [deTuningQueByCq] +,path(1),eCq(8),p2Cq(0),magic#(0x8d7),curRP2Idx(-1),curWIdx(29)
D/EisHal  (  211): [GetEisInfoAtP2]FeaturePipe_3DNR(1)
I/MtkCam/FeaturePipe(  211): [P2A:threadLoopUpdate] gmv_ana,frm[2263],gmv(x,y)=[    0,    0],IsSupportEis(1),SenorIdx(0),NmvX/Y(    0,    0)(ori     0,    0),CmvX/Y(   80,   45)(diff     0,    0)(ori    80,   45),x/yInt(   80,   45),x/yFlt(        0,        0),DoEisCount(2265),ConfidX/y(0,0),EisTS(7810291603000),ImgiTS(7810291603000),GnZoCnt(0)
D/MtkCam/FeaturePipeDataHdl(  211): [getBuffer] data(1003), trans(0)
D/MtkCam/FeaturePipeDataHdl(  211): [getBuffer] -
I/MtkCam/FeaturePipe(  211): [P2A:threadLoopUpdate] [P2A sets IMG3O mvOut] 3dnrSM0(2 S0P1W2),ES(0x00 FsSzDfLrIn),WH(960,540),OfstXY(0,0),mem<va(0xad513000)/pa(0x4900000)/TS(7810291603000)/size(0x7e900)>
I/MtkCam/FeaturePipe(  211): [P2A:threadLoopUpdate] [P2A sets VIPI mvIn  ] 3dnrSM1(2 S0P1W2),ES(0x00 FsSzDfLrIn),WH(960,540),OfstXY(0,0),mem<va(0xabf67000)/pa(0x5f00000)/TS(7810171516000)/size(0x7e900)>,mPrvQueSz(1),imgSizeWH(960,540),PrvWH(960,540),ExtOfstByte(0)
I/MtkCam/FeaturePipe(  211): [P2A:threadLoopUpdate] 3dnrSM2(2 S0P1W2),ES(0x00 FsSzDfLrIn),NmvX/Y(0, 0).Img3oOfX/Y(0, 0),onOfX/Y(0, 0).onW/H(960, 540).VipiOff/W/H(0, 960, 540).MaxIsoInc(100)
I/MtkCam/FeaturePipe(  211): [P2A:threadLoopUpdate] FStrm enq (frame 2263)
I/Iop/P2PPWp(  211): [enque] +
I/Iop/P2PPWp(  211): [enque] batch(1),in/out(4/5)
I/Iop/P2PPWp(  211): [enque] dmaEnPort(0x0000c809),featureEntag (0x1),q(0),pvd(0xabe2c9e0)
I/iio/ppp (  211): [configPipe] vInPorts:[0]:(0x111),w(960),h(540),stride(1800,0,0),type(0),idx(4),dir(0),Size(0x000ed4e0,0x00000000,0x00000000),VA(0xae8cf000,0x00000000,0x00000000),PA(0x01b00000,0x00000000,0x00000000),memID(0x14e,0x0,0x0),magicNum(0x8d7)
I/iio/ppp (  211): [configPipe] [Imgi][crop_1](x,f_x,y,f_y)=(0,0,0,0),(w,h,tarW,tarH)=(960,540,960,540)--[crop_2](x,f_x,y,f_y)=(0,0,0,0),(w,h,tarW,tarH)=(960,540,960,540),pass2_CQ(8),dupCqIdx(0)
I/iio/ppp (  211): [configPipe] vInPorts:[1]:(0x32315659),w(960),h(540),stride(960,480,480),type(0),idx(7),dir(0),Size(0x0007e900,0x0001fa40,0x0001fa40),VA(0xabf67000,0xabfe5900,0xac005340),PA(0x05f00000,0x05f7e900,0x05f9e340),memID(0x166,0x166,0x166),magicNum(0x8d7)
I/iio/ppp (  211): [configPipe] vOutPorts:[0]:(0x32315659),w(960),h(540),stride(960,480,480),type(0),idx(31),dir(1),Size(0x0007e900,0x0001fa40,0x0001fa40),VA(0xaf0c4000,0xaf142900,0xaf162340),PA(0x07a00000,0x07a7e900,0x07a9e340),memID(0x147,0x147,0x147)
I/iio/ppp (  211): [configPipe] vOutPorts:[1]:(0x11),w(960),h(540),stride(960,960,0),type(0),idx(30),dir(1),Size(0x0007e900,0x0003f480,0x00000000),VA(0xaf3c0000,0xaf43e900,0x00000000),PA(0x07900000,0x0797e900,0x00000000),memID(0x13d,0x13d,0x0)
I/iio/ppp (  211): [configPipe] vOutPorts:[2]:(0x32315659),w(960),h(540),stride(960,480,480),type(0),idx(21),dir(1),Size(0x0007e900,0x0001fa40,0x0001fa40),VA(0xad513000,0xad591900,0xad5b1340),PA(0x04900000,0x0497e900,0x0499e340),memID(0x164,0x164,0x164)
I/iio/ppp (  211): [configPipe] IMG3O cpoft(0/0)
I/iio/ppp (  211): [configPipe] [vipi]ofst(0),rW/H(960/540)
I/iio/ppp (  211): [configPipe] drvScenario(6),mdpCheck1(1),mdpCheck2(0),crop1TableIdx(1)
I/iio/ppp (  211): [configPipe] Pass(0),imgi.fmt(0x111),meScenarioID(6),isCropG1En(0),m_CrzEn(0),mdpSrcFmt(0x111),mdp_src(960,540,1800,0),en_p2_dma(0x0060071d),crop1TableIdx(1),mdpCheck1(1),mdpCheck2(0),drvScenario(6)
I/iio/pathp2(  211): [config] +,CamPathPass2:tdri(1),dupCqIdx(0),burstQueIdx(0)
I/iio/pathp2(  211): [config] cq(8),drvScenario(6),hwScenario(6),sub_mode(0) p2_en(0xdc008628),p2_dma(0x0060071d),burstQueIdx(0)
I/iio/ifunc(  211): [_config] [P2]en(0xdc008628),EnDma(0x0060071d),ctlSel(0x0000164c),intEn(0x00000000),fmtSel(0x00010001),cqEn(0x00000001)
I/IspDrv  (  211): {IspDrv} [deTuningQueByCq] +,path(1),eCq(8),p2Cq(0),magic#(0x8d7),curRP2Idx(-1),curWIdx(29)
I/iio/ifunc(  211): [_config] cq(8),isApplyTuning(1),p2TuningEn(0x00033a6c),p2TuningEnTag(0x00037856),P2EnDmaConfig(0x0060071d),p2TuningDmaTag(0x00000000),p2EnConfig(0xdc03be6c),p2TuningDma(0x00000000)
I/IspDrv  (  211): {IspDrv} [deTuningQueByCq] +,path(1),eCq(8),p2Cq(0),magic#(0x8d7),curRP2Idx(-1),curWIdx(29)
I/IspDrv  (  211): {IspDrv} [deTuningQueByCq] +,path(1),eCq(8),p2Cq(0),magic#(0x8d7),curRP2Idx(-1),curWIdx(29)
I/IspDrv  (  211): {IspDrv} [deTuningQueByCq] +,path(1),eCq(8),p2Cq(0),magic#(0x8d7),curRP2Idx(-1),curWIdx(29)
I/IspDrv  (  211): {IspDrv} [deTuningQueByCq] +,path(1),eCq(8),p2Cq(0),magic#(0x8d7),curRP2Idx(-1),curWIdx(29)
I/IspDrv  (  211): {IspDrv} [deTuningQueByCq] +,path(1),eCq(8),p2Cq(0),magic#(0x8d7),curRP2Idx(-1),curWIdx(29)
I/IspDrv  (  211): {IspDrv} [deTuningQueByCq] +,path(1),eCq(8),p2Cq(0),magic#(0x8d7),curRP2Idx(-1),curWIdx(29)
I/IspDrv  (  211): {IspDrv} [deTuningQueByCq] +,path(1),eCq(8),p2Cq(0),magic#(0x8d7),curRP2Idx(-1),curWIdx(29)
I/iio/ifunc(  211): [_enable] path(16),start(1),isP2IspOnly(0),dupCqIdx(0),burstQueIdx(0),SCEN(6)
I/MdpMgr  (  211): {MdpMgr} [startMdp] +,cqIndx(8),sceID(6),cqPA(0x1e06180),tpipVa(0xaf7e0000),tpipPa(0x2200000),isWaitBuf(1),venc(0)
I/MdpMgr  (  211): {MdpMgr} [_startMdp] [mdpSrc]srcFmt(0x111,W(960),H(540),stride(1800,0),size(0xed4e0-0x1e0-0x10e),VA(0xae8cf000),PA(0x 1b00000)-[src_crop]X(0),FloatX(0),Y(0),FloatY(0),W(960),H(540),planeN(1)
I/MdpMgr  (  211): {MdpMgr} [_startMdp] index(0),capbility(3),fmt(51644520),rot(0),flip(0),(w,h,s)=(960,540,960),C(w,h,s)=(480,270,480),V(w,h,s)=(480,270,480),dpStreamtype(1),mdpindx(0)
I/MdpMgr  (  211): {MdpMgr} [_startMdp] dstSizeList=(0x   7e900,0x   1fa40,0x   1fa40),dstVirList=(0xaf0c4000,0xaf142900,0xaf162340),dstPhyList=(0x 7a00000,0x 7a7e900,0x 7a9e340),plane num(2)
I/MdpMgr  (  211): {MdpMgr} [_startMdp] index(1),capbility(0),fmt(39061612),rot(0),flip(0),(w,h,s)=(960,540,960),C(w,h,s)=(480,270,960),V(w,h,s)=(0,0,0),dpStreamtype(1),mdpindx(0)
I/MdpMgr  (  211): {MdpMgr} [_startMdp] dstSizeList=(0x   7e900,0x   3f480,0x       0),dstVirList=(0xaf3c0000,0xaf43e900,0x       0),dstPhyList=(0x 7900000,0x 797e900,0x       0),plane num(1)
D/MDP     (  211): DpIsp: in: (960, 540, 1800, 0, C21, P2)
D/MDP     (  211): DpIsp: out0: (960, 540, 960, 480, C8s, P2), misc: (R:0, F:0, S:1, D:0, T:0)
D/MDP     (  211): DpIsp: out1: (960, 540, 960, 960, C12s, P2), misc: (R:0, F:0, S:0, D:0, T:0)
D/MDP     (  211): DpIsp: crop: (0, 0, 960, 540)
I/MdpMgr  (  211): {MdpMgr} [_startMdp] -
I/Iop/P2PPWp(  211): [enque] ecID(0xb7864f5c),tag(1)
I/Iop/P2PPWp.TD(  211): [dequeueJudgement] +
I/MdpMgr  (  211): {MdpMgr} [dequeueBuf] +,cqIndx(8),sceID(6),deqIndex(1),isWaitBuf(1)
I/MdpMgr  (  211): {MdpMgr} [dequeueBuf] +,cqIndx(8),sceID(6),deqIndex(2),isWaitBuf(1)
I/iio/ppp (  211): [dequeInBuf] dequeInBuf:tid(13077),dequeCq(8),PortID:(type, index, inout, timeout)=(0, 7, 0, -1)
I/iio/ppp (  211): [dequeInBuf] dequeInBuf:tid(13077),dequeCq(8),PortID:(type, index, inout, timeout)=(0, 4, 0, -1)
I/MdpMgr  (  211): {MdpMgr} [dequeueBuf] +,cqIndx(8),sceID(6),deqIndex(0),isWaitBuf(1)
D/MDP     (  211): DpIsp: 0xb7e8ba78, src 0 ms
I/Iop/P2PPWp.TD(  211): [doDequeue] FmvOut(0x7a00000),dCq(8/0)
D/MtkCam/FeaturePipe(  211): [performCallback] FeatureGraph callback FrameNo(2263)
D/MtkCam/FeaturePipeDataHdl(  211): [returnBuffer] data(1003), buf(0xb7ebda98)
D/MtkCam/P2Node(  211): [0:handleP2Done] type 5: cnt 2262 in 1 out 2
D/MtkCam/ISC(  211): [dropPass2Info] Erase # 0x8D7,ImgBuf(0xB76ACFA8),IsR(1)
D/MtkCam/DBHdl(  211): [:enqueBuffer]buf(0xb76bf630),VA(0xAF0C4000),BS(518400),Id(327),TS(7810.291603),F(0x32315659),S(960x540),Str(960,480,480)
D/MtkCam/DisplayClient(  211): [handleReturnBuffers] + (120) 34ms < Duration(120)
D/MtkCam/DisplayClient(  211): [handleReturnBuffers] Show frame:0 1 [ion:327 0xaf0c4000/777600 7810291603000]
D/MtkCam/DBHdl(  211): [:enqueBuffer]buf(0xb76bffb0),VA(0xAF3C0000),BS(518400),Id(317),TS(7810.291603),F(0x00000011),S(960x540),Str(960,960,0)
D/MtkCam/PrvCB(  211): (13045)[handleReturnBuffers] + 34ms<Duration(120) 34ms<Duration(120)
I/Iop/P2PPWp.TD(  211): [doDequeue] -,cb(448 us)
I/BufferQueue(12964): [unnamed-12964-1](this:0x7e6b4b88,id:1,api:4,p:211,c:12964) queueBuffer: slot 0 is dropped, handle=0x7def94c0
D/MtkCam/PrvCB(  211): (13045)[handleReturnBuffers] callback:0(1) [0xaf3c0000/777600 0x79a81638] CookieDE:0x71a
D/MtkCam/DisplayClient(  211): [handleReturnBuffers] -
D/MtkCam/DisplayClient(  211): [waitAndHandleReturnBuffers] +
I/GL2JNIView(12964): -------------------DOOO-1
I/libgl2jni(12964): --DRAWING--: 2262
I/libgl2jni(12964): --NOT EMPTY--
I/libgl2jni(12964): READ 0
D/MtkCam/PrvCB(  211): (13045)[handleReturnBuffers] -
D/MtkCam/PrvCB(  211): (13045)[waitAndHandleReturnBuffers] +
I/GL2JNIView(12964): -------------------DOOO-1
I/libgl2jni(12964): --DRAWING--: 2263
I/libgl2jni(12964): --NOT EMPTY--
I/GL2JNIView(12964): -------------------DOOO-1
I/libgl2jni(12964): --DRAWING--: 2263
I/libgl2jni(12964): --NOT EMPTY--
I/GL2JNIView(12964): -------------------DOOO-1
I/libgl2jni(12964): --DRAWING--: 2263
I/libgl2jni(12964): --NOT EMPTY--
I/GL2JNIView(12964): -------------------DOOO-1
I/libgl2jni(12964): --DRAWING--: 2263
I/libgl2jni(12964): --NOT EMPTY--
D/aaa_hal (  211): [Timer:start: VS Timer, SensorDevId: 1] timer start. bClrTime=1
D/aaa_hal/3Athread(  211): CmdQ-size(1), todo(10, 2265)
D/aaa_hal (  211): [Timer:End: VS Timer, SensorDevId: 1] =====> time(ms): current=0.022846,   sum=0.022846
D/        (  211): [AAA_Scheduler::importWork]+, mNormalizeM=1, mSensorDevId=1
D/StatusBar.NetworkController(  982): PhoneStateListener:onSignalStrengthsChanged, sim1 before.
D/AeAlgo  (  211): [getFlareAlgo] i2FlareOffset:0, Max_Step_gap: 4, gain:0
D/StatusBar.NetworkController(  982): PhoneStateListener:onSignalStrengthsChanged, signalStrength=3
V/ActivityManager(  752): Broadcast sticky: Intent { act=android.intent.action.SIG_STR flg=0x10 (has extras) } ordered=false userid=-1 callerApp=ProcessRecord{426f6210 752:system/1000}
D/ae_mgr  (  211): [doPvAE()] i4SensorDev:1 AE Wait Vd frame:2 Enable:1 avgY:549
D/StatusBar.NetworkController(  982): updateDataNetType(1), DataNetType=10 / 10
D/ae_mgr  (  211): [UpdateSensorISPParams:s] i4SensorDev:1 VDNum 2, Prev 119987/10512/1045, Cur 119987/10512/1512, Output 119987/10512/1512 Smooth:1
D/SIMHelper(  982): isSimInserted(1), SimInserted=true
D/StatusBar.NetworkController(  982): updateDataNetType(1), simColorId=2
D/PhoneInterfaceManager( 1183): isNetworkRoaming slotId=1
D/awb_state(  211): [Searching::sendIntent]<eIntent_AWBScan>
D/StatusBar.NetworkController(  982): updateDataNetType(1), tempIsRoaming = false tempDateType = Type_H
D/aaa_state_camera_preview(  211): lv(26),cct(3747),rgain(802),bgain(512),ggain(1124),fluoidx(100), dayflouidx(2)
D/SIMHelper(  982): isSimInserted(1), SimInserted=true
D/StatusBar.NetworkController(  982): updateDataNetType(1), mNetworkType=Type_3G tempDataTypeIconId= 2130837766.
D/SIMHelper(  982): isSimInserted(1), SimInserted=true
D/aaa_sensor_mgr(  211): setFlickerFrameRateActive en=0
D/flicker_hal.cpp(  211): U 58962
D/flicker_hal.cpp(  211): A ln=691 cnt=58963
D/flicker_hal.cpp(  211): The exposure time is too long, skip flicker detection:119987
D/flicker_hal.cpp(  211): Status:50, 119987
D/flicker_hal.cpp(  211): getFlickerStatus 0
D/StatusBar.NetworkController(  982): updateTelephonySignalStrength(1), indicatorState=5
I/TuningMgr(  211): [byPassSetting] +,scenario(0),MagicNum(2265)
I/IspDrv  (  211): {IspDrv} [bypassTuningQue] +,softScenario(0),magicNum(0x8d9)
I/IspDrv  (  211): {IspDrv} [bypassTuningQue] p2Cq(0),pre-curWriteIdx(29),next-curWriteIdx(30)
I/IspDrv  (  211): {IspDrv} [deTuningQueByCq] +,path(0),eCq(8),p2Cq(0),magic#(0x8d9),curRP2Idx(-1),curWIdx(30)
I/iio/ifunc(  211): [_config] ISP_RAW_PIPE::_config(setP1RrzCfg:0x1_0xffffffff):NonTwin lsc_en=1 E:path(1),rrz_in_w/h(1632/1224),rrz_crop_x/y/fx/fy/w/h(0/153/0/0/1632/918),rrz_out_w/h(960/540), sd_lw/xn(0/0),m_num(0x0)
D/EisDrv  (  211): [p1TuningNotify]me_ctrl2(0x0000606c)
D/StatusBar.NetworkController(  982): updateTelephonySignalStrength(1), hasService=true
D/aaa_hal (  211): [AFThread] sem_post g_semAFThreadstart, semAFProcEnd before wait = 1
D/MtkCam/DCNode(  211): [0::doNotifyCb]3APROC_FINISH:0x000008D9,0x00000003
D/aaa_hal/3Athread(  211): rCmd(10), magic#(2265)-
D/PhoneInterfaceManager( 1183): isNetworkRoaming slotId=1
D/StatusBar.NetworkController(  982): updateTelephonySignalStrength(1), isRoaming=false, mInetCondition=1
D/SIMHelper(  982): isSimInserted(1), SimInserted=true
D/StatusBar.NetworkController(  982): updateTelephonySignalStrength(1), simColorId=2
D/StatusBar.NetworkController(  982): updateTelephonySignalStrength(1), tempDataNetType = Type_3G , simColorId=2  tempPhoneSignalIconId[0] = 2130837795  tempPhoneSignalIconId[1] = 0
I/StatusBar.NetworkController(  982): [CMCC Performance test][SystemUI][Statusbar] show signal end [7810414]
D/StatusBar.NetworkController(  982):  updateTelephonySignalStrength(1) 
D/SIMHelper(  982): isSimInserted(1), SimInserted=true
D/StatusBar.NetworkController(  982): refreshViews(1), DataConnected=false simColorId = 2
D/SignalClusterView(  982): setRoamingFlagandResource(0), roaming=false, roamingId=0
D/SignalClusterView(  982): setRoamingFlagandResource(1), roaming=false, roamingId=0
D/SignalClusterView(  982): setShowSimIndicator(1), showSimIndicator=false simIndicatorResource = 0
D/SignalClusterView(  982): setDataNetType3G(1), NetworkType=Type_3G
D/ConnectivityService(  752): getActiveNetworkInfo:NetworkInfo: type: WIFI[], state: CONNECTED/CONNECTED, reason: (unspecified), extra: "virginmedia8066037", roaming: false, failover: false, isAvailable: true, isConnectedToProvisioningNetwork: false, simId: 0/10011
D/SignalClusterView(  982): apply(), mWifiVisible is true
D/SignalClusterView(  982): isOp02BehaviorSet(), isOp02BehaviorSet = false
D/SIMHelper(  982): isSimInserted(0), SimInserted=false
D/SIMHelper(  982): isSimInserted(1), SimInserted=true
D/SignalClusterView(  982): apply(), slotId=0, mMobileVisible=true, mShouldMobileGroupVisible=false
D/SignalClusterView(  982): apply(). mIsAirplaneMode is false, NWType slot(0) is 8
D/SIMHelper(  982): isSimInserted(1), SimInserted=true
D/SignalClusterView(  982): apply(), slotId=1, mMobileVisible=true, mShouldMobileGroupVisible=true
D/SignalClusterView(  982): apply(), slotId=1, mRoaming=false mMobileActivityId=0 mMobileTypeId=2130837766 mMobileStrengthId[0] = 2130837795 mMobileStrengthId[1] = 0
D/SIMHelper(  982): isSimInserted(1), SimInserted=true
D/SIMHelper(  982): isSimInserted(1), SimInserted=true
D/SignalClusterView(  982): apply(), slot=1, mNetworkType=Type_3G resId= 2130837799 simColorId = 2
D/SignalClusterView(  982): apply(). mIsAirplaneMode is false, NWType slot(1) is 0
D/StatusBar.NetworkController(  982): PhoneStateListener:onSignalStrengthsChanged, sim1 after.
I/GL2JNIView(12964): -------------------DOOO-1
I/libgl2jni(12964): --DRAWING--: 2263
I/libgl2jni(12964): --NOT EMPTY--
I/GL2JNIView(12964): -------------------DOOO-1
I/libgl2jni(12964): --DRAWING--: 2263
I/libgl2jni(12964): --NOT EMPTY--
D/aaa_hal (  211): [Hal3A::AFThreadFunc] AF waitIrq done
D/flashlight_drv.cpp(  211): isOn()
D/flashlight_drv.cpp(  211): 
D/flash_mgr_m.cpp(  211): isAFLampOn 0
D/af_mgr  (  211): DoAFTG1 [XY]16 16 [Sz]266 198  [G]21 30 43 62 89 127 180 [Hz]1632 
D/AfAlgo  (  211): [AfAlgo][handleAF]Mode=3,Status=0,StatusC=7,AFSTrigger=0,AFC_FirstTime=0,StepPos=120,PreRunCnt=0,IsMonitorFV=1,AFMark=3,AFCounter=0
D/AfAlgo  (  211): [AfAlgoCFD]NotfromFDwin 5
D/af_mgr  (  211): [AFStatH]463 [AFStatV]0 [moveMCUTG1] 120
D/aaa_hal (  211): [AFThread] semAFProcEnd before post = 0
D/EisDrv  (  211): [UpdateEisoIdx]Eiso:idx(6->7),NEXT(va,pa)=(0xb423e700,0x06a00700)
D/EisDrv  (  211): [UpdateEisoIdx]post mTsSem
D/EisDrv  (  211): [UpdateEiso]Eiso:idx(7),PA(0x06a00700)
D/EisDrv  (  211): [UpdateEiso]-
I/iio/ifunc(  211): [dequeueHwBuf] pass1:i(0),dma(8),id(0x0),size(0xed4e0),xsize(0x707),VA(0xae4c7000),PA(0x1c00000),count(1),cur sof(219),frm_cnt(218),mag(0x8d8)
D/NormalPipe(  211): [MyDeQ:0]PortId(15),va=0xae4c7000,BufHeader=0xabe2ca78,PixelId=0, MNum=0x8d8, rrzDstSz=960,540,rrzSrcSz=1632,918
D/MtkCam/P1Node(  211): [0:dequeLoop] frame 2266: deque-,1
D/MtkCam/DCNode(  211): [0::onNotify](0x00000080,0x000008DA,0x000008D8)
D/aaa_hal/3Athread(  211): [addCommandQ] mCmdQ size(1) + cmd(10) magic(2266)
D/MtkCam/ISC(  211): [getPass1Crop] 0: TS(4),# 0x8DA,IsR(1),ZR(0,100/100),C(0,153,1632x918),S(960x540)
D/MtkCam/P1Node(  211): [updateDeque] deq port 0x1010f, buf 0xb7816790, t 7810411689000
D/MtkCam/ISC(  211): [addPass1Info] 0: TS(1),# 0x8D8,VA(0xB7816790),IsR(1),IsNew(1)
D/EisHal  (  211): [DoEis]EisIn(956,536),P1T(796,446)
D/EisDrv  (  211): [GetEisHwStatistic]wait mTsSem(7810411689000)
D/EisDrv  (  211): [GetEisHwStatistic]got mTsSem
D/EisDrv  (  211): [GetEisHwStatistic]pEisoAddr(0xb423e500)
D/EisHal  (  211): [PrepareEisResult]cmvX(20480),cmvY(11520)
D/EisHal  (  211): [PrepareEisResult]X(80,0),Y(45,0)
D/MtkCam/P2Node(  211): [0:pushBuf] size 1, data 31, buf 0xb7816790
I/iio/ifunc(  211): [enqueueHwBuf] pass1:dma(8),id(0),size(0xed4e0),VA(0xae4c7000),PA(0x1c00000),S/C(0/0),bufidx(1),replace:new(0x1b00000),bufidx(1)
D/MtkCam/P1Node(  211): [0:processBufOp] replace port 0x1010f old/new 0xb7816790/0xb76acfa8 va 0xae4c7000/0xae8cf000
D/MtkCam/P1Node(  211): [0:dequeLoop] frame 2267: deque+
I/iio/ifunc(  211): [waitBufReady] waitBufReady[8]:[1,ffffffff] rtBufCtrl.ctrl(3)/id(8)/ptr(0xaed8e9cc)
D/MtkCam/BaseHeap(  211): [Cam1Heap::onCreate] [MtkCam/DBHdl] this:0xb76ad0a0 960x540 format:0x32315659
I/Drv/IMem(  211): Drv/IMem[mapPhyAddr] mID(0x149),size(0x7e900),VA(xaef88000),PA(0x7c00000),S/C(0/0)
I/Drv/IMem(  211): Drv/IMem[mapPhyAddr] mID(0x149),size(0x1fa40),VA(xaf006900),PA(0x7c00000),S/C(0/0)
I/Drv/IMem(  211): Drv/IMem[mapPhyAddr] mID(0x149),size(0x1fa40),VA(xaf026340),PA(0x7c00000),S/C(0/0)
D/MtkCam/DBHdl(  211): [:dequeBuffer]buf(0xb76bdb28),VA(0xAEF88000/0xAF006900/0xAF026340),BS(518400=518400+129600+129600),Id(329),F(0x32315659),S(960x540),Str(960,480,480),R(0),U(3)
D/MtkCam/BaseHeap(  211): [Cam1Heap::onCreate] [MtkCam/DBHdl] this:0xb7678670 960x540 format:0x11
I/Drv/IMem(  211): Drv/IMem[mapPhyAddr] mID(0x140),size(0x7e900),VA(xaf302000),PA(0x7b00000),S/C(0/0)
I/Drv/IMem(  211): Drv/IMem[mapPhyAddr] mID(0x140),size(0x3f480),VA(xaf380900),PA(0x7b00000),S/C(0/0)
D/MtkCam/DBHdl(  211): [:dequeBuffer]buf(0xb76bf630),VA(0xAF302000/0xAF380900/0x00000000),BS(518400=518400+259200+0),Id(320),F(0x00000011),S(960x540),Str(960,960,0),R(0),U(0)
D/MtkCam/ISC(  211): [getPass2Info] 0: ImgBuf(0xB7816790),# 0x8D8,PD(0xABE2CA78/144),ZR(0,100/100),S(960x540),C(0,0,960x540)
D/MtkCam/P2Node(  211): [0:enquePass2] i 0 data 31, buf 0xb7816790, va 0xae4c7000, # 0x8D8, type 5 cnt 2263
D/MtkCam/P2Node(  211): [0:enquePass2] data 41, buf 0xb76bdb28, va 0xaef88000, tans 0 usg 3
D/MtkCam/P2Node(  211): [0:enquePass2] data 43, buf 0xb76bf630, va 0xaf302000, tans 0 usg 0
D/MtkCam/FeaturePipe(  211): [enqueFeatureGraph] FrameNo(2264)
I/iio/path(  211): [getNr3dGain] softScenario(0),magicNum(0x8d8)
I/IspDrv  (  211): {IspDrv} [deTuningQueByCq] +,path(1),eCq(8),p2Cq(0),magic#(0x8d8),curRP2Idx(-1),curWIdx(30)
D/EisHal  (  211): [GetEisInfoAtP2]FeaturePipe_3DNR(1)
I/MtkCam/FeaturePipe(  211): [P2A:threadLoopUpdate] gmv_ana,frm[2264],gmv(x,y)=[    0,    0],IsSupportEis(1),SenorIdx(0),NmvX/Y(    0,    0)(ori     0,    0),CmvX/Y(   80,   45)(diff     0,    0)(ori    80,   45),x/yInt(   80,   45),x/yFlt(        0,        0),DoEisCount(2266),ConfidX/y(0,0),EisTS(7810411689000),ImgiTS(7810411689000),GnZoCnt(0)
D/MtkCam/FeaturePipeDataHdl(  211): [getBuffer] data(1003), trans(0)
D/MtkCam/FeaturePipeDataHdl(  211): [getBuffer] -
I/MtkCam/FeaturePipe(  211): [P2A:threadLoopUpdate] [P2A sets IMG3O mvOut] 3dnrSM0(2 S0P1W2),ES(0x00 FsSzDfLrIn),WH(960,540),OfstXY(0,0),mem<va(0xaca3d000)/pa(0x5400000)/TS(7810411689000)/size(0x7e900)>
I/MtkCam/FeaturePipe(  211): [P2A:threadLoopUpdate] [P2A sets VIPI mvIn  ] 3dnrSM1(2 S0P1W2),ES(0x00 FsSzDfLrIn),WH(960,540),OfstXY(0,0),mem<va(0xad513000)/pa(0x4900000)/TS(7810291603000)/size(0x7e900)>,mPrvQueSz(1),imgSizeWH(960,540),PrvWH(960,540),ExtOfstByte(0)
I/MtkCam/FeaturePipe(  211): [P2A:threadLoopUpdate] 3dnrSM2(2 S0P1W2),ES(0x00 FsSzDfLrIn),NmvX/Y(0, 0).Img3oOfX/Y(0, 0),onOfX/Y(0, 0).onW/H(960, 540).VipiOff/W/H(0, 960, 540).MaxIsoInc(100)
I/MtkCam/FeaturePipe(  211): [P2A:threadLoopUpdate] FStrm enq (frame 2264)
I/Iop/P2PPWp(  211): [enque] +
I/Iop/P2PPWp(  211): [enque] batch(1),in/out(4/5)
I/Iop/P2PPWp(  211): [enque] dmaEnPort(0x0000c809),featureEntag (0x1),q(0),pvd(0xabe2ca78)
I/iio/ppp (  211): [configPipe] vInPorts:[0]:(0x111),w(960),h(540),stride(1800,0,0),type(0),idx(4),dir(0),Size(0x000ed4e0,0x00000000,0x00000000),VA(0xae4c7000,0x00000000,0x00000000),PA(0x01c00000,0x00000000,0x00000000),memID(0x150,0x0,0x0),magicNum(0x8d8)
I/iio/ppp (  211): [configPipe] [Imgi][crop_1](x,f_x,y,f_y)=(0,0,0,0),(w,h,tarW,tarH)=(960,540,960,540)--[crop_2](x,f_x,y,f_y)=(0,0,0,0),(w,h,tarW,tarH)=(960,540,960,540),pass2_CQ(8),dupCqIdx(1)
I/iio/ppp (  211): [configPipe] vInPorts:[1]:(0x32315659),w(960),h(540),stride(960,480,480),type(0),idx(7),dir(0),Size(0x0007e900,0x0001fa40,0x0001fa40),VA(0xad513000,0xad591900,0xad5b1340),PA(0x04900000,0x0497e900,0x0499e340),memID(0x164,0x164,0x164),magicNum(0x8d8)
I/iio/ppp (  211): [configPipe] vOutPorts:[0]:(0x32315659),w(960),h(540),stride(960,480,480),type(0),idx(31),dir(1),Size(0x0007e900,0x0001fa40,0x0001fa40),VA(0xaef88000,0xaf006900,0xaf026340),PA(0x07c00000,0x07c7e900,0x07c9e340),memID(0x149,0x149,0x149)
I/iio/ppp (  211): [configPipe] vOutPorts:[1]:(0x11),w(960),h(540),stride(960,960,0),type(0),idx(30),dir(1),Size(0x0007e900,0x0003f480,0x00000000),VA(0xaf302000,0xaf380900,0x00000000),PA(0x07b00000,0x07b7e900,0x00000000),memID(0x140,0x140,0x0)
I/iio/ppp (  211): [configPipe] vOutPorts:[2]:(0x32315659),w(960),h(540),stride(960,480,480),type(0),idx(21),dir(1),Size(0x0007e900,0x0001fa40,0x0001fa40),VA(0xaca3d000,0xacabb900,0xacadb340),PA(0x05400000,0x0547e900,0x0549e340),memID(0x165,0x165,0x165)
I/iio/ppp (  211): [configPipe] IMG3O cpoft(0/0)
I/iio/ppp (  211): [configPipe] [vipi]ofst(0),rW/H(960/540)
I/iio/ppp (  211): [configPipe] drvScenario(6),mdpCheck1(1),mdpCheck2(0),crop1TableIdx(1)
I/iio/ppp (  211): [configPipe] Pass(0),imgi.fmt(0x111),meScenarioID(6),isCropG1En(0),m_CrzEn(0),mdpSrcFmt(0x111),mdp_src(960,540,1800,0),en_p2_dma(0x0060071d),crop1TableIdx(1),mdpCheck1(1),mdpCheck2(0),drvScenario(6)
I/iio/pathp2(  211): [config] +,CamPathPass2:tdri(1),dupCqIdx(1),burstQueIdx(0)
I/iio/pathp2(  211): [config] cq(8),drvScenario(6),hwScenario(6),sub_mode(0) p2_en(0xdc008628),p2_dma(0x0060071d),burstQueIdx(0)
I/iio/ifunc(  211): [_config] [P2]en(0xdc008628),EnDma(0x0060071d),ctlSel(0x0000164c),intEn(0x00000000),fmtSel(0x00010001),cqEn(0x00000001)
I/IspDrv  (  211): {IspDrv} [deTuningQueByCq] +,path(1),eCq(8),p2Cq(0),magic#(0x8d8),curRP2Idx(-1),curWIdx(30)
I/iio/ifunc(  211): [_config] cq(8),isApplyTuning(1),p2TuningEn(0x00033a6c),p2TuningEnTag(0x00037856),P2EnDmaConfig(0x0060071d),p2TuningDmaTag(0x00000000),p2EnConfig(0xdc03be6c),p2TuningDma(0x00000000)
I/IspDrv  (  211): {IspDrv} [deTuningQueByCq] +,path(1),eCq(8),p2Cq(0),magic#(0x8d8),curRP2Idx(-1),curWIdx(30)
I/IspDrv  (  211): {IspDrv} [deTuningQueByCq] +,path(1),eCq(8),p2Cq(0),magic#(0x8d8),curRP2Idx(-1),curWIdx(30)
I/IspDrv  (  211): {IspDrv} [deTuningQueByCq] +,path(1),eCq(8),p2Cq(0),magic#(0x8d8),curRP2Idx(-1),curWIdx(30)
I/IspDrv  (  211): {IspDrv} [deTuningQueByCq] +,path(1),eCq(8),p2Cq(0),magic#(0x8d8),curRP2Idx(-1),curWIdx(30)
I/IspDrv  (  211): {IspDrv} [deTuningQueByCq] +,path(1),eCq(8),p2Cq(0),magic#(0x8d8),curRP2Idx(-1),curWIdx(30)
I/IspDrv  (  211): {IspDrv} [deTuningQueByCq] +,path(1),eCq(8),p2Cq(0),magic#(0x8d8),curRP2Idx(-1),curWIdx(30)
I/IspDrv  (  211): {IspDrv} [deTuningQueByCq] +,path(1),eCq(8),p2Cq(0),magic#(0x8d8),curRP2Idx(-1),curWIdx(30)
I/iio/ifunc(  211): [_enable] path(16),start(1),isP2IspOnly(0),dupCqIdx(1),burstQueIdx(0),SCEN(6)
I/MdpMgr  (  211): {MdpMgr} [startMdp] +,cqIndx(8),sceID(6),cqPA(0x1e06db0),tpipVa(0xaf7ca000),tpipPa(0x3f00000),isWaitBuf(1),venc(0)
I/MdpMgr  (  211): {MdpMgr} [_startMdp] [mdpSrc]srcFmt(0x111,W(960),H(540),stride(1800,0),size(0xed4e0-0x1e0-0x10e),VA(0xae4c7000),PA(0x 1c00000)-[src_crop]X(0),FloatX(0),Y(0),FloatY(0),W(960),H(540),planeN(1)
I/MdpMgr  (  211): {MdpMgr} [_startMdp] index(0),capbility(3),fmt(51644520),rot(0),flip(0),(w,h,s)=(960,540,960),C(w,h,s)=(480,270,480),V(w,h,s)=(480,270,480),dpStreamtype(1),mdpindx(0)
I/MdpMgr  (  211): {MdpMgr} [_startMdp] dstSizeList=(0x   7e900,0x   1fa40,0x   1fa40),dstVirList=(0xaef88000,0xaf006900,0xaf026340),dstPhyList=(0x 7c00000,0x 7c7e900,0x 7c9e340),plane num(2)
I/MdpMgr  (  211): {MdpMgr} [_startMdp] index(1),capbility(0),fmt(39061612),rot(0),flip(0),(w,h,s)=(960,540,960),C(w,h,s)=(480,270,960),V(w,h,s)=(0,0,0),dpStreamtype(1),mdpindx(0)
I/MdpMgr  (  211): {MdpMgr} [_startMdp] dstSizeList=(0x   7e900,0x   3f480,0x       0),dstVirList=(0xaf302000,0xaf380900,0x       0),dstPhyList=(0x 7b00000,0x 7b7e900,0x       0),plane num(1)
D/MDP     (  211): DpIsp: in: (960, 540, 1800, 0, C21, P2)
D/MDP     (  211): DpIsp: out0: (960, 540, 960, 480, C8s, P2), misc: (R:0, F:0, S:1, D:0, T:0)
D/MDP     (  211): DpIsp: out1: (960, 540, 960, 960, C12s, P2), misc: (R:0, F:0, S:0, D:0, T:0)
D/MDP     (  211): DpIsp: crop: (0, 0, 960, 540)
I/MdpMgr  (  211): {MdpMgr} [_startMdp] -
I/Iop/P2PPWp(  211): [enque] ecID(0xb7864f5c),tag(1)
I/Iop/P2PPWp.TD(  211): [dequeueJudgement] +
I/MdpMgr  (  211): {MdpMgr} [dequeueBuf] +,cqIndx(8),sceID(6),deqIndex(1),isWaitBuf(1)
I/MdpMgr  (  211): {MdpMgr} [dequeueBuf] +,cqIndx(8),sceID(6),deqIndex(2),isWaitBuf(1)
I/iio/ppp (  211): [dequeInBuf] dequeInBuf:tid(13077),dequeCq(8),PortID:(type, index, inout, timeout)=(0, 7, 0, -1)
I/iio/ppp (  211): [dequeInBuf] dequeInBuf:tid(13077),dequeCq(8),PortID:(type, index, inout, timeout)=(0, 4, 0, -1)
I/MdpMgr  (  211): {MdpMgr} [dequeueBuf] +,cqIndx(8),sceID(6),deqIndex(0),isWaitBuf(1)
D/MDP     (  211): DpIsp: 0xb7e8ba78, src 0 ms
I/Iop/P2PPWp.TD(  211): [doDequeue] FmvOut(0x7c00000),dCq(8/1)
D/MtkCam/FeaturePipe(  211): [performCallback] FeatureGraph callback FrameNo(2264)
D/MtkCam/FeaturePipeDataHdl(  211): [returnBuffer] data(1003), buf(0xb7f7e198)
D/MtkCam/P2Node(  211): [0:handleP2Done] type 5: cnt 2263 in 1 out 2
D/MtkCam/ISC(  211): [dropPass2Info] Erase # 0x8D8,ImgBuf(0xB7816790),IsR(1)
D/MtkCam/DBHdl(  211): [:enqueBuffer]buf(0xb76bdb28),VA(0xAEF88000),BS(518400),Id(329),TS(7810.411689),F(0x32315659),S(960x540),Str(960,480,480)
D/MtkCam/DisplayClient(  211): [handleReturnBuffers] + (120) 34ms < Duration(120)
D/MtkCam/DisplayClient(  211): [handleReturnBuffers] Show frame:0 1 [ion:329 0xaef88000/777600 7810411689000]
D/MtkCam/DBHdl(  211): [:enqueBuffer]buf(0xb76bf630),VA(0xAF302000),BS(518400),Id(320),TS(7810.411689),F(0x00000011),S(960x540),Str(960,960,0)
D/MtkCam/PrvCB(  211): (13045)[handleReturnBuffers] + 34ms<Duration(120) 34ms<Duration(120)
D/MtkCam/PrvCB(  211): (13045)[handleReturnBuffers] callback:0(1) [0xaf302000/777600 0x80d07428] CookieDE:0x71a
I/BufferQueue(12964): [unnamed-12964-1](this:0x7e6b4b88,id:1,api:4,p:211,c:12964) queueBuffer: slot 1 is dropped, handle=0x7e597d08
I/Iop/P2PPWp.TD(  211): [doDequeue] -,cb(482 us)
D/MtkCam/DisplayClient(  211): [handleReturnBuffers] -
D/MtkCam/DisplayClient(  211): [waitAndHandleReturnBuffers] +
I/GL2JNIView(12964): -------------------DOOO-1
I/libgl2jni(12964): --DRAWING--: 2263
I/libgl2jni(12964): --NOT EMPTY--
I/libgl2jni(12964): READ 0
D/MtkCam/PrvCB(  211): (13045)[handleReturnBuffers] -
D/MtkCam/PrvCB(  211): (13045)[waitAndHandleReturnBuffers] +
I/GL2JNIView(12964): -------------------DOOO-1
I/libgl2jni(12964): --DRAWING--: 2264
I/libgl2jni(12964): --NOT EMPTY--
I/GL2JNIView(12964): -------------------DOOO-1
I/libgl2jni(12964): --DRAWING--: 2264
I/libgl2jni(12964): --NOT EMPTY--
I/GL2JNIView(12964): -------------------DOOO-1
I/libgl2jni(12964): --DRAWING--: 2264
I/libgl2jni(12964): --NOT EMPTY--
I/GL2JNIView(12964): -------------------DOOO-1
I/libgl2jni(12964): --DRAWING--: 2264
I/libgl2jni(12964): --NOT EMPTY--
D/aaa_hal (  211): [Timer:start: VS Timer, SensorDevId: 1] timer start. bClrTime=1
D/aaa_hal/3Athread(  211): CmdQ-size(1), todo(10, 2266)
D/aaa_hal (  211): [Timer:End: VS Timer, SensorDevId: 1] =====> time(ms): current=0.024770,   sum=0.024770
D/        (  211): [AAA_Scheduler::importWork]+, mNormalizeM=1, mSensorDevId=1
D/AeAlgo  (  211): [getFlareAlgo] i2FlareOffset:0, Max_Step_gap: 4, gain:0
D/AeAlgo  (  211): [calTargetProbs] [ABL, ABL_DIFF(0):0/BV(-2472):0/P:0],[HS,  HS_FLAT(Y[39, 67] Diff:781):Prob:1024, HS_COLOR(2):1024],[COEP,Orig_Y:54, Prob_OuterY:0, Orig_Diff:267, Prob_Diff:0, COE_P:0],[NS,  NS_BV(-2472):1024, NS_FLAT(Y[69,45],Diff:617):Prob:1024],
D/AeAlgo  (  211): [checkNightScene_v2p0] BT_Target:6 (avgY:49, thd:5), Bright_Target:65 (66->72) NS_Target:58 (avgY:74, thd:72), Flat: 1024, BVProb:1024
D/AeAlgo  (  211): [getRecommendCWTarget_v2p0] u4FinalCW:65,  m_u4AvgWValue/m_u4CWValue:55/59, weight(aoe/abl/hs/ns): 0,0,0,1024, target(aoe/abl/hs/ns): 47,47,47,65
D/AeAlgo  (  211): [getRecommendCWTarget_v2p0] Final AE Target 65, AvgY/CWY: 55/59, AOE/BL/HS/NS 47/47/47/65
D/AeAlgo  (  211): [getConvergeThd] ConvergeThr:3
D/AeAlgo  (  211): [getConvergeThd] ConvergeThr:3
D/AeAlgo  (  211): [getConvergeThd] ConvergeThr:3
D/AeAlgo  (  211): [getDeltaIndex_v2p0] eSensorDev:0 m_u4Index:139, isConverged:1, m_u4CWRecommend/m_u4CWValue/i4DeltaIndex/i4AccRatio/i4EVRatio/i4EVDiffx1000/i4EVRatioDiff/i4PrevEvDiffFrac/m_i4EvDiffFrac/m_u4FracGain 65/59/0/0/66/139/0/0/0/1024
D/ae_mgr  (  211): [UpdateSensorISPParams:s] i4SensorDev:1 VDNum 0, Prev 119987/10512/1045, Cur 119987/10512/1512, Output 119987/10512/1512 Smooth:1
D/ae_mgr  (  211): [UpdateSensorISPParams:e] i4SensorDev:1 VDNum 0, Delay 0/0/1, Prev 119987/10512/1045, Cur 119987/10512/1512, Output 119987/10512/1512 State:0 FrameRate:83 50 300 Flare Offset:0
D/aaa_hal/3Athread(  211): [postToAESenThread] sem_post semAESen, semAESenThdEnd before wait = 1
D/aaa_hal/3Athread(  211): [AESensorThreadLoop] updateSensorbyI2C
D/SeninfDrvImp(  211): [getInstance][getInstance] 
D/awb_state(  211): [Searching::sendIntent]<eIntent_AWBScan>
D/aaa_state_camera_preview(  211): lv(26),cct(3747),rgain(802),bgain(512),ggain(1124),fluoidx(100), dayflouidx(2)
D/aaa_sensor_mgr(  211): setFlickerFrameRateActive en=0
D/flicker_hal.cpp(  211): U 58963
D/flicker_hal.cpp(  211): A ln=691 cnt=58964
D/flicker_hal.cpp(  211): The exposure time is too long, skip flicker detection:119987
D/flicker_hal.cpp(  211): Status:50, 119987
D/flicker_hal.cpp(  211): getFlickerStatus 0
D/isp_tuning_custom(  211): [IspCamInfo][dump](eIspProfile, eSensorMode, eIdx_Scene)=(0, 0, 0)
D/isp_tuning_custom(  211): [RAWIspCamInfo][dump](eIdx_ISO, u4ISOValue, i4ZoomRatio_x100, i4LightValue_x10)=(3, 697, 100, 26)
D/isp_mgr_lsc(  211): enableLsc 1
D/isp_mgr_lsc(  211): [putAddr] eSensorDev(1), m_eSensorTG(1), u4BaseAddr(0x01f04000)
D/isp_mgr_lsc(  211): [put<NSIspTuning::ISP_NVRAM_LSC_T>
I/TuningMgr(  211): [dequeBuffer] scenario(0),MagicNum(0x8da)
I/IspDrv  (  211): {IspDrv} [deTuningQueByCq] +,path(2),eCq(8),p2Cq(0),magic#(0x8da),curRP2Idx(-1),curWIdx(30)
D/isp_mgr_sl2(  211): [apply] eSwScn(0), bSL2_EN(1), u4SL2_EN(1), u4SL2b_EN(1), u4SL2c_EN(1), CAM_SL2_CEN(0x02600337), CAM_SL2_MAX0_RR(0x00016dc4), CAM_SL2_MAX1_RR(0x0005b710), CAM_SL2_MAX2_RR(0x000a2900)
I/TuningMgr(  211): [enqueBuffer] scenario(0),MagicNum(0x8da)
I/IspDrv  (  211): {IspDrv} [deTuningQueByCq] +,path(0),eCq(8),p2Cq(0),magic#(0x8da),curRP2Idx(-1),curWIdx(31)
I/iio/ifunc(  211): [_config] ISP_RAW_PIPE::_config(setP1RrzCfg:0x1_0xffffffff):NonTwin lsc_en=1 E:path(1),rrz_in_w/h(1632/1224),rrz_crop_x/y/fx/fy/w/h(0/153/0/0/1632/918),rrz_out_w/h(960/540), sd_lw/xn(0/0),m_num(0x0)
D/EisDrv  (  211): [p1TuningNotify]me_ctrl2(0x0000606c)
D/aaa_hal (  211): [AFThread] sem_post g_semAFThreadstart, semAFProcEnd before wait = 1
D/MtkCam/DCNode(  211): [0::doNotifyCb]3APROC_FINISH:0x000008DA,0x00000003
D/aaa_hal/3Athread(  211): rCmd(10), magic#(2266)-
D/MtkCam/HalSensor(  211): [sendCommand]   Exposure Time: 119987 
D/MtkCam/HalSensor(  211): 
D/SeninfDrvImp(  211): [getInstance][getInstance] 
D/aaa_hal/3Athread(  211): [AESensorThreadLoop] semAESenThdEnd before post = 0
I/GL2JNIView(12964): -------------------DOOO-1
I/libgl2jni(12964): --DRAWING--: 2264
I/libgl2jni(12964): --NOT EMPTY--
I/GL2JNIView(12964): -------------------DOOO-1
I/libgl2jni(12964): --DRAWING--: 2264
I/libgl2jni(12964): --NOT EMPTY--
D/aaa_hal (  211): [Hal3A::AFThreadFunc] AF waitIrq done
D/EisDrv  (  211): [UpdateEisoIdx]Eiso:idx(7->8),NEXT(va,pa)=(0xb423e800,0x06a00800)
D/EisDrv  (  211): [UpdateEisoIdx]post mTsSem
I/iio/ifunc(  211): [dequeueHwBuf] pass1:i(0),dma(8),id(0x0),size(0xed4e0),xsize(0x707),VA(0xae9bd000),PA(0x4100000),count(1),cur sof(220),frm_cnt(219),mag(0x8d9)
D/flashlight_drv.cpp(  211): isOn()
D/flashlight_drv.cpp(  211): 
D/EisDrv  (  211): [UpdateEiso]Eiso:idx(8),PA(0x06a00800)
D/flash_mgr_m.cpp(  211): isAFLampOn 0
D/NormalPipe(  211): [MyDeQ:0]PortId(15),va=0xae9bd000,BufHeader=0xabe2c9e0,PixelId=0, MNum=0x8d9, rrzDstSz=960,540,rrzSrcSz=1632,918
D/af_mgr  (  211): DoAFTG1 [XY]16 16 [Sz]266 198  [G]21 30 43 62 89 127 180 [Hz]1632 
D/MtkCam/P1Node(  211): [0:dequeLoop] frame 2267: deque-,1
D/EisDrv  (  211): [UpdateEiso]-
D/AfAlgo  (  211): [AfAlgo][handleAF]Mode=3,Status=0,StatusC=7,AFSTrigger=0,AFC_FirstTime=0,StepPos=120,PreRunCnt=0,IsMonitorFV=1,AFMark=3,AFCounter=0
D/MtkCam/DCNode(  211): [0::onNotify](0x00000080,0x000008DB,0x000008D9)
D/aaa_hal/3Athread(  211): [addCommandQ] mCmdQ size(1) + cmd(10) magic(2267)
D/AfAlgo  (  211): [AfAlgoCFD]NotfromFDwin 6
D/af_mgr  (  211): [AFStatH]460 [AFStatV]2 [moveMCUTG1] 120
D/MtkCam/ISC(  211): [getPass1Crop] 0: TS(4),# 0x8DB,IsR(1),ZR(0,100/100),C(0,153,1632x918),S(960x540)
D/MtkCam/P1Node(  211): [updateDeque] deq port 0x1010f, buf 0xb7dc2e40, t 7810531771000
D/aaa_hal (  211): [AFThread] semAFProcEnd before post = 0
D/MtkCam/ISC(  211): [addPass1Info] 0: TS(1),# 0x8D9,VA(0xB7DC2E40),IsR(1),IsNew(1)
D/EisHal  (  211): [DoEis]EisIn(956,536),P1T(796,446)
D/EisDrv  (  211): [GetEisHwStatistic]wait mTsSem(7810531771000)
D/EisDrv  (  211): [GetEisHwStatistic]got mTsSem
D/EisDrv  (  211): [GetEisHwStatistic]pEisoAddr(0xb423e600)
D/EisHal  (  211): [PrepareEisResult]cmvX(20480),cmvY(11520)
D/EisHal  (  211): [PrepareEisResult]X(80,0),Y(45,0)
D/MtkCam/P2Node(  211): [0:pushBuf] size 1, data 31, buf 0xb7dc2e40
I/iio/ifunc(  211): [enqueueHwBuf] pass1:dma(8),id(0),size(0xed4e0),VA(0xae9bd000),PA(0x4100000),S/C(0/0),bufidx(2),replace:new(0x1c00000),bufidx(2)
D/MtkCam/P1Node(  211): [0:processBufOp] replace port 0x1010f old/new 0xb7dc2e40/0xb7816790 va 0xae9bd000/0xae4c7000
D/MtkCam/P1Node(  211): [0:dequeLoop] frame 2268: deque+
I/iio/ifunc(  211): [waitBufReady] waitBufReady[8]:[1,ffffffff] rtBufCtrl.ctrl(3)/id(8)/ptr(0xaed8e9cc)
D/MtkCam/BaseHeap(  211): [Cam1Heap::onCreate] [MtkCam/DBHdl] this:0xb7678670 960x540 format:0x32315659
I/Drv/IMem(  211): Drv/IMem[mapPhyAddr] mID(0x14a),size(0x7e900),VA(xaee4f000),PA(0x7e00000),S/C(0/0)
I/Drv/IMem(  211): Drv/IMem[mapPhyAddr] mID(0x14a),size(0x1fa40),VA(xaeecd900),PA(0x7e00000),S/C(0/0)
I/Drv/IMem(  211): Drv/IMem[mapPhyAddr] mID(0x14a),size(0x1fa40),VA(xaeeed340),PA(0x7e00000),S/C(0/0)
D/MtkCam/DBHdl(  211): [:dequeBuffer]buf(0xb76be708),VA(0xAEE4F000/0xAEECD900/0xAEEED340),BS(518400=518400+129600+129600),Id(330),F(0x32315659),S(960x540),Str(960,480,480),R(0),U(3)
D/MtkCam/BaseHeap(  211): [Cam1Heap::onCreate] [MtkCam/DBHdl] this:0xb76ad0a0 960x540 format:0x11
I/Drv/IMem(  211): Drv/IMem[mapPhyAddr] mID(0x143),size(0x7e900),VA(xaf244000),PA(0x7d00000),S/C(0/0)
I/Drv/IMem(  211): Drv/IMem[mapPhyAddr] mID(0x143),size(0x3f480),VA(xaf2c2900),PA(0x7d00000),S/C(0/0)
D/MtkCam/DBHdl(  211): [:dequeBuffer]buf(0xb76bf630),VA(0xAF244000/0xAF2C2900/0x00000000),BS(518400=518400+259200+0),Id(323),F(0x00000011),S(960x540),Str(960,960,0),R(0),U(0)
D/MtkCam/ISC(  211): [getPass2Info] 0: ImgBuf(0xB7DC2E40),# 0x8D9,PD(0xABE2C9E0/144),ZR(0,100/100),S(960x540),C(0,0,960x540)
D/MtkCam/P2Node(  211): [0:enquePass2] i 0 data 31, buf 0xb7dc2e40, va 0xae9bd000, # 0x8D9, type 5 cnt 2264
D/MtkCam/P2Node(  211): [0:enquePass2] data 41, buf 0xb76be708, va 0xaee4f000, tans 0 usg 3
D/MtkCam/P2Node(  211): [0:enquePass2] data 43, buf 0xb76bf630, va 0xaf244000, tans 0 usg 0
D/MtkCam/FeaturePipe(  211): [enqueFeatureGraph] FrameNo(2265)
I/iio/path(  211): [getNr3dGain] softScenario(0),magicNum(0x8d9)
I/IspDrv  (  211): {IspDrv} [deTuningQueByCq] +,path(1),eCq(8),p2Cq(0),magic#(0x8d9),curRP2Idx(-1),curWIdx(31)
D/EisHal  (  211): [GetEisInfoAtP2]FeaturePipe_3DNR(1)
I/MtkCam/FeaturePipe(  211): [P2A:threadLoopUpdate] gmv_ana,frm[2265],gmv(x,y)=[    0,    0],IsSupportEis(1),SenorIdx(0),NmvX/Y(    0,    0)(ori     0,    0),CmvX/Y(   80,   45)(diff     0,    0)(ori    80,   45),x/yInt(   80,   45),x/yFlt(        0,        0),DoEisCount(2267),ConfidX/y(0,0),EisTS(7810531771000),ImgiTS(7810531771000),GnZoCnt(0)
D/MtkCam/FeaturePipeDataHdl(  211): [getBuffer] data(1003), trans(0)
D/MtkCam/FeaturePipeDataHdl(  211): [getBuffer] -
I/MtkCam/FeaturePipe(  211): [P2A:threadLoopUpdate] [P2A sets IMG3O mvOut] 3dnrSM0(2 S0P1W2),ES(0x00 FsSzDfLrIn),WH(960,540),OfstXY(0,0),mem<va(0xabf67000)/pa(0x5f00000)/TS(7810531771000)/size(0x7e900)>
I/MtkCam/FeaturePipe(  211): [P2A:threadLoopUpdate] [P2A sets VIPI mvIn  ] 3dnrSM1(2 S0P1W2),ES(0x00 FsSzDfLrIn),WH(960,540),OfstXY(0,0),mem<va(0xaca3d000)/pa(0x5400000)/TS(7810411689000)/size(0x7e900)>,mPrvQueSz(1),imgSizeWH(960,540),PrvWH(960,540),ExtOfstByte(0)
I/MtkCam/FeaturePipe(  211): [P2A:threadLoopUpdate] 3dnrSM2(2 S0P1W2),ES(0x00 FsSzDfLrIn),NmvX/Y(0, 0).Img3oOfX/Y(0, 0),onOfX/Y(0, 0).onW/H(960, 540).VipiOff/W/H(0, 960, 540).MaxIsoInc(100)
I/MtkCam/FeaturePipe(  211): [P2A:threadLoopUpdate] FStrm enq (frame 2265)
I/Iop/P2PPWp(  211): [enque] +
I/Iop/P2PPWp(  211): [enque] batch(1),in/out(4/5)
I/Iop/P2PPWp(  211): [enque] dmaEnPort(0x0000c809),featureEntag (0x1),q(0),pvd(0xabe2c9e0)
I/iio/ppp (  211): [configPipe] vInPorts:[0]:(0x111),w(960),h(540),stride(1800,0,0),type(0),idx(4),dir(0),Size(0x000ed4e0,0x00000000,0x00000000),VA(0xae9bd000,0x00000000,0x00000000),PA(0x04100000,0x00000000,0x00000000),memID(0x154,0x0,0x0),magicNum(0x8d9)
I/iio/ppp (  211): [configPipe] [Imgi][crop_1](x,f_x,y,f_y)=(0,0,0,0),(w,h,tarW,tarH)=(960,540,960,540)--[crop_2](x,f_x,y,f_y)=(0,0,0,0),(w,h,tarW,tarH)=(960,540,960,540),pass2_CQ(8),dupCqIdx(0)
I/iio/ppp (  211): [configPipe] vInPorts:[1]:(0x32315659),w(960),h(540),stride(960,480,480),type(0),idx(7),dir(0),Size(0x0007e900,0x0001fa40,0x0001fa40),VA(0xaca3d000,0xacabb900,0xacadb340),PA(0x05400000,0x0547e900,0x0549e340),memID(0x165,0x165,0x165),magicNum(0x8d9)
I/iio/ppp (  211): [configPipe] vOutPorts:[0]:(0x32315659),w(960),h(540),stride(960,480,480),type(0),idx(31),dir(1),Size(0x0007e900,0x0001fa40,0x0001fa40),VA(0xaee4f000,0xaeecd900,0xaeeed340),PA(0x07e00000,0x07e7e900,0x07e9e340),memID(0x14a,0x14a,0x14a)
I/iio/ppp (  211): [configPipe] vOutPorts:[1]:(0x11),w(960),h(540),stride(960,960,0),type(0),idx(30),dir(1),Size(0x0007e900,0x0003f480,0x00000000),VA(0xaf244000,0xaf2c2900,0x00000000),PA(0x07d00000,0x07d7e900,0x00000000),memID(0x143,0x143,0x0)
I/iio/ppp (  211): [configPipe] vOutPorts:[2]:(0x32315659),w(960),h(540),stride(960,480,480),type(0),idx(21),dir(1),Size(0x0007e900,0x0001fa40,0x0001fa40),VA(0xabf67000,0xabfe5900,0xac005340),PA(0x05f00000,0x05f7e900,0x05f9e340),memID(0x166,0x166,0x166)
I/iio/ppp (  211): [configPipe] IMG3O cpoft(0/0)
I/iio/ppp (  211): [configPipe] [vipi]ofst(0),rW/H(960/540)
I/iio/ppp (  211): [configPipe] drvScenario(6),mdpCheck1(1),mdpCheck2(0),crop1TableIdx(1)
I/iio/ppp (  211): [configPipe] Pass(0),imgi.fmt(0x111),meScenarioID(6),isCropG1En(0),m_CrzEn(0),mdpSrcFmt(0x111),mdp_src(960,540,1800,0),en_p2_dma(0x0060071d),crop1TableIdx(1),mdpCheck1(1),mdpCheck2(0),drvScenario(6)
I/iio/pathp2(  211): [config] +,CamPathPass2:tdri(1),dupCqIdx(0),burstQueIdx(0)
I/iio/pathp2(  211): [config] cq(8),drvScenario(6),hwScenario(6),sub_mode(0) p2_en(0xdc008628),p2_dma(0x0060071d),burstQueIdx(0)
I/iio/ifunc(  211): [_config] [P2]en(0xdc008628),EnDma(0x0060071d),ctlSel(0x0000164c),intEn(0x00000000),fmtSel(0x00010001),cqEn(0x00000001)
I/IspDrv  (  211): {IspDrv} [deTuningQueByCq] +,path(1),eCq(8),p2Cq(0),magic#(0x8d9),curRP2Idx(-1),curWIdx(31)
