V/ActivityManager(  752): Broadcast sticky: Intent { act=android.intent.action.SIG_STR flg=0x10 (has extras) } ordered=false userid=-1 callerApp=ProcessRecord{426f6210 752:system/1000}
D/ConnectivityService(  752): getActiveNetworkInfo:NetworkInfo: type: WIFI[], state: CONNECTED/CONNECTED, reason: (unspecified), extra: "virginmedia8066037", roaming: false, failover: false, isAvailable: true, isConnectedToProvisioningNetwork: false, simId: 0/10011
D/ConnectivityService(  752): getActiveNetworkInfo:NetworkInfo: type: WIFI[], state: CONNECTED/CONNECTED, reason: (unspecified), extra: "virginmedia8066037", roaming: false, failover: false, isAvailable: true, isConnectedToProvisioningNetwork: false, simId: 0/10011
D/ConnectivityService(  752): getActiveNetworkInfo:NetworkInfo: type: WIFI[], state: CONNECTED/CONNECTED, reason: (unspecified), extra: "virginmedia8066037", roaming: false, failover: false, isAvailable: true, isConnectedToProvisioningNetwork: false, simId: 0/10011
D/ConnectivityService(  752): getActiveNetworkInfo:NetworkInfo: type: WIFI[], state: CONNECTED/CONNECTED, reason: (unspecified), extra: "virginmedia8066037", roaming: false, failover: false, isAvailable: true, isConnectedToProvisioningNetwork: false, simId: 0/10011
D/ConnectivityService(  752): getActiveNetworkInfo:NetworkInfo: type: WIFI[], state: CONNECTED/CONNECTED, reason: (unspecified), extra: "virginmedia8066037", roaming: false, failover: false, isAvailable: true, isConnectedToProvisioningNetwork: false, simId: 0/10011
I/ANRManager(  752): updateProcessStats
V/ActivityManager(  752): Broadcast sticky: Intent { act=android.intent.action.SIG_STR flg=0x10 (has extras) } ordered=false userid=-1 callerApp=ProcessRecord{426f6210 752:system/1000}
D/ConnectivityService(  752): getActiveNetworkInfo:NetworkInfo: type: WIFI[], state: CONNECTED/CONNECTED, reason: (unspecified), extra: "virginmedia8066037", roaming: false, failover: false, isAvailable: true, isConnectedToProvisioningNetwork: false, simId: 0/10011
I/ANRManager(  752): CPU update time < 2.5sec
V/ActivityManager(  752): Broadcast sticky: Intent { act=android.intent.action.SIG_STR flg=0x10 (has extras) } ordered=false userid=-1 callerApp=ProcessRecord{426f6210 752:system/1000}
D/ConnectivityService(  752): getActiveNetworkInfo:NetworkInfo: type: WIFI[], state: CONNECTED/CONNECTED, reason: (unspecified), extra: "virginmedia8066037", roaming: false, failover: false, isAvailable: true, isConnectedToProvisioningNetwork: false, simId: 0/10011
D/ConnectivityService(  752): getActiveNetworkInfo:NetworkInfo: type: WIFI[], state: CONNECTED/CONNECTED, reason: (unspecified), extra: "virginmedia8066037", roaming: false, failover: false, isAvailable: true, isConnectedToProvisioningNetwork: false, simId: 0/10011
D/ConnectivityService(  752): getActiveNetworkInfo:NetworkInfo: type: WIFI[], state: CONNECTED/CONNECTED, reason: (unspecified), extra: "virginmedia8066037", roaming: false, failover: false, isAvailable: true, isConnectedToProvisioningNetwork: false, simId: 0/10011
D/ConnectivityService(  752): getActiveNetworkInfo:NetworkInfo: type: WIFI[], state: CONNECTED/CONNECTED, reason: (unspecified), extra: "virginmedia8066037", roaming: false, failover: false, isAvailable: true, isConnectedToProvisioningNetwork: false, simId: 0/10011
D/ConnectivityService(  752): getActiveNetworkInfo:NetworkInfo: type: WIFI[], state: CONNECTED/CONNECTED, reason: (unspecified), extra: "virginmedia8066037", roaming: false, failover: false, isAvailable: true, isConnectedToProvisioningNetwork: false, simId: 0/10011
I/thermal_repeater(  240): oh, queryMdThermalInfo (0)Bad file number
I/thermal_repeater(  240): [recvMdThermalInfo] ret=5, strLen=127, ERROR
V/ActivityManager(  752): Broadcast sticky: Intent { act=android.intent.action.SIG_STR flg=0x10 (has extras) } ordered=false userid=-1 callerApp=ProcessRecord{426f6210 752:system/1000}
D/ConnectivityService(  752): getActiveNetworkInfo:NetworkInfo: type: WIFI[], state: CONNECTED/CONNECTED, reason: (unspecified), extra: "virginmedia8066037", roaming: false, failover: false, isAvailable: true, isConnectedToProvisioningNetwork: false, simId: 0/10011
D/ConnectivityService(  752): getActiveNetworkInfo:NetworkInfo: type: WIFI[], state: CONNECTED/CONNECTED, reason: (unspecified), extra: "virginmedia8066037", roaming: false, failover: false, isAvailable: true, isConnectedToProvisioningNetwork: false, simId: 0/10011
D/ConnectivityService(  752): getActiveNetworkInfo:NetworkInfo: type: WIFI[], state: CONNECTED/CONNECTED, reason: (unspecified), extra: "virginmedia8066037", roaming: false, failover: false, isAvailable: true, isConnectedToProvisioningNetwork: false, simId: 0/10011
D/ConnectivityService(  752): getActiveNetworkInfo:NetworkInfo: type: WIFI[], state: CONNECTED/CONNECTED, reason: (unspecified), extra: "virginmedia8066037", roaming: false, failover: false, isAvailable: true, isConnectedToProvisioningNetwork: false, simId: 0/10011
D/ConnectivityService(  752): getActiveNetworkInfo:NetworkInfo: type: WIFI[], state: CONNECTED/CONNECTED, reason: (unspecified), extra: "virginmedia8066037", roaming: false, failover: false, isAvailable: true, isConnectedToProvisioningNetwork: false, simId: 0/10011
D/ConnectivityService(  752): getActiveNetworkInfo:NetworkInfo: type: WIFI[], state: CONNECTED/CONNECTED, reason: (unspecified), extra: "virginmedia8066037", roaming: false, failover: false, isAvailable: true, isConnectedToProvisioningNetwork: false, simId: 0/10011
D/ConnectivityService(  752): getActiveNetworkInfo:NetworkInfo: type: WIFI[], state: CONNECTED/CONNECTED, reason: (unspecified), extra: "virginmedia8066037", roaming: false, failover: false, isAvailable: true, isConnectedToProvisioningNetwork: false, simId: 0/10011
D/ConnectivityService(  752): getActiveNetworkInfo:NetworkInfo: type: WIFI[], state: CONNECTED/CONNECTED, reason: (unspecified), extra: "virginmedia8066037", roaming: false, failover: false, isAvailable: true, isConnectedToProvisioningNetwork: false, simId: 0/10011
D/ConnectivityService(  752): getActiveNetworkInfo:NetworkInfo: type: WIFI[], state: CONNECTED/CONNECTED, reason: (unspecified), extra: "virginmedia8066037", roaming: false, failover: false, isAvailable: true, isConnectedToProvisioningNetwork: false, simId: 0/10011
D/ConnectivityService(  752): getActiveNetworkInfo:NetworkInfo: type: WIFI[], state: CONNECTED/CONNECTED, reason: (unspecified), extra: "virginmedia8066037", roaming: false, failover: false, isAvailable: true, isConnectedToProvisioningNetwork: false, simId: 0/10011
D/ConnectivityService(  752): getActiveNetworkInfo:NetworkInfo: type: WIFI[], state: CONNECTED/CONNECTED, reason: (unspecified), extra: "virginmedia8066037", roaming: false, failover: false, isAvailable: true, isConnectedToProvisioningNetwork: false, simId: 0/10011
V/ActivityManager(  752): Broadcast sticky: Intent { act=android.intent.action.SIG_STR flg=0x10 (has extras) } ordered=false userid=-1 callerApp=ProcessRecord{426f6210 752:system/1000}
D/ConnectivityService(  752): getActiveNetworkInfo:NetworkInfo: type: WIFI[], state: CONNECTED/CONNECTED, reason: (unspecified), extra: "virginmedia8066037", roaming: false, failover: false, isAvailable: true, isConnectedToProvisioningNetwork: false, simId: 0/10011
D/ConnectivityService(  752): getActiveNetworkInfo:NetworkInfo: type: WIFI[], state: CONNECTED/CONNECTED, reason: (unspecified), extra: "virginmedia8066037", roaming: false, failover: false, isAvailable: true, isConnectedToProvisioningNetwork: false, simId: 0/10011
D/ConnectivityService(  752): getActiveNetworkInfo:NetworkInfo: type: WIFI[], state: CONNECTED/CONNECTED, reason: (unspecified), extra: "virginmedia8066037", roaming: false, failover: false, isAvailable: true, isConnectedToProvisioningNetwork: false, simId: 0/10011
D/ConnectivityService(  752): getActiveNetworkInfo:NetworkInfo: type: WIFI[], state: CONNECTED/CONNECTED, reason: (unspecified), extra: "virginmedia8066037", roaming: false, failover: false, isAvailable: true, isConnectedToProvisioningNetwork: false, simId: 0/10011
D/ConnectivityService(  752): getActiveNetworkInfo:NetworkInfo: type: WIFI[], state: CONNECTED/CONNECTED, reason: (unspecified), extra: "virginmedia8066037", roaming: false, failover: false, isAvailable: true, isConnectedToProvisioningNetwork: false, simId: 0/10011
V/ActivityManager(  752): Broadcast sticky: Intent { act=android.intent.action.SIG_STR flg=0x10 (has extras) } ordered=false userid=-1 callerApp=ProcessRecord{426f6210 752:system/1000}
D/ConnectivityService(  752): getActiveNetworkInfo:NetworkInfo: type: WIFI[], state: CONNECTED/CONNECTED, reason: (unspecified), extra: "virginmedia8066037", roaming: false, failover: false, isAvailable: true, isConnectedToProvisioningNetwork: false, simId: 0/10011
V/ActivityManager(  752): Broadcast sticky: Intent { act=android.intent.action.SIG_STR flg=0x10 (has extras) } ordered=false userid=-1 callerApp=ProcessRecord{426f6210 752:system/1000}
D/ConnectivityService(  752): getActiveNetworkInfo:NetworkInfo: type: WIFI[], state: CONNECTED/CONNECTED, reason: (unspecified), extra: "virginmedia8066037", roaming: false, failover: false, isAvailable: true, isConnectedToProvisioningNetwork: false, simId: 0/10011
D/ConnectivityService(  752): getActiveNetworkInfo:NetworkInfo: type: WIFI[], state: CONNECTED/CONNECTED, reason: (unspecified), extra: "virginmedia8066037", roaming: false, failover: false, isAvailable: true, isConnectedToProvisioningNetwork: false, simId: 0/10011
D/ConnectivityService(  752): getActiveNetworkInfo:NetworkInfo: type: WIFI[], state: CONNECTED/CONNECTED, reason: (unspecified), extra: "virginmedia8066037", roaming: false, failover: false, isAvailable: true, isConnectedToProvisioningNetwork: false, simId: 0/10011
D/ConnectivityService(  752): getActiveNetworkInfo:NetworkInfo: type: WIFI[], state: CONNECTED/CONNECTED, reason: (unspecified), extra: "virginmedia8066037", roaming: false, failover: false, isAvailable: true, isConnectedToProvisioningNetwork: false, simId: 0/10011
D/ConnectivityService(  752): getActiveNetworkInfo:NetworkInfo: type: WIFI[], state: CONNECTED/CONNECTED, reason: (unspecified), extra: "virginmedia8066037", roaming: false, failover: false, isAvailable: true, isConnectedToProvisioningNetwork: false, simId: 0/10011
I/thermal_repeater(  240): oh, queryMdThermalInfo (0)Bad file number
I/thermal_repeater(  240): [recvMdThermalInfo] ret=5, strLen=127, ERROR
D/ConnectivityService(  752): getActiveNetworkInfo:NetworkInfo: type: WIFI[], state: CONNECTED/CONNECTED, reason: (unspecified), extra: "virginmedia8066037", roaming: false, failover: false, isAvailable: true, isConnectedToProvisioningNetwork: false, simId: 0/10011
D/ConnectivityService(  752): getActiveNetworkInfo:NetworkInfo: type: WIFI[], state: CONNECTED/CONNECTED, reason: (unspecified), extra: "virginmedia8066037", roaming: false, failover: false, isAvailable: true, isConnectedToProvisioningNetwork: false, simId: 0/10011
V/ActivityManager(  752): Broadcast sticky: Intent { act=android.intent.action.SIG_STR flg=0x10 (has extras) } ordered=false userid=-1 callerApp=ProcessRecord{426f6210 752:system/1000}
D/ConnectivityService(  752): getActiveNetworkInfo:NetworkInfo: type: WIFI[], state: CONNECTED/CONNECTED, reason: (unspecified), extra: "virginmedia8066037", roaming: false, failover: false, isAvailable: true, isConnectedToProvisioningNetwork: false, simId: 0/10011
D/ConnectivityService(  752): getActiveNetworkInfo:NetworkInfo: type: WIFI[], state: CONNECTED/CONNECTED, reason: (unspecified), extra: "virginmedia8066037", roaming: false, failover: false, isAvailable: true, isConnectedToProvisioningNetwork: false, simId: 0/10011
D/ConnectivityService(  752): getActiveNetworkInfo:NetworkInfo: type: WIFI[], state: CONNECTED/CONNECTED, reason: (unspecified), extra: "virginmedia8066037", roaming: false, failover: false, isAvailable: true, isConnectedToProvisioningNetwork: false, simId: 0/10011
V/ActivityManager(  752): Broadcast sticky: Intent { act=android.intent.action.SIG_STR flg=0x10 (has extras) } ordered=false userid=-1 callerApp=ProcessRecord{426f6210 752:system/1000}
D/ConnectivityService(  752): getActiveNetworkInfo:NetworkInfo: type: WIFI[], state: CONNECTED/CONNECTED, reason: (unspecified), extra: "virginmedia8066037", roaming: false, failover: false, isAvailable: true, isConnectedToProvisioningNetwork: false, simId: 0/10011
D/ConnectivityService(  752): getActiveNetworkInfo:NetworkInfo: type: WIFI[], state: CONNECTED/CONNECTED, reason: (unspecified), extra: "virginmedia8066037", roaming: false, failover: false, isAvailable: true, isConnectedToProvisioningNetwork: false, simId: 0/10011
D/ConnectivityService(  752): getActiveNetworkInfo:NetworkInfo: type: WIFI[], state: CONNECTED/CONNECTED, reason: (unspecified), extra: "virginmedia8066037", roaming: false, failover: false, isAvailable: true, isConnectedToProvisioningNetwork: false, simId: 0/10011
D/ConnectivityService(  752): getActiveNetworkInfo:NetworkInfo: type: WIFI[], state: CONNECTED/CONNECTED, reason: (unspecified), extra: "virginmedia8066037", roaming: false, failover: false, isAvailable: true, isConnectedToProvisioningNetwork: false, simId: 0/10011
D/ConnectivityService(  752): getActiveNetworkInfo:NetworkInfo: type: WIFI[], state: CONNECTED/CONNECTED, reason: (unspecified), extra: "virginmedia8066037", roaming: false, failover: false, isAvailable: true, isConnectedToProvisioningNetwork: false, simId: 0/10011
D/ConnectivityService(  752): getActiveNetworkInfo:NetworkInfo: type: WIFI[], state: CONNECTED/CONNECTED, reason: (unspecified), extra: "virginmedia8066037", roaming: false, failover: false, isAvailable: true, isConnectedToProvisioningNetwork: false, simId: 0/10011
D/ConnectivityService(  752): getActiveNetworkInfo:NetworkInfo: type: WIFI[], state: CONNECTED/CONNECTED, reason: (unspecified), extra: "virginmedia8066037", roaming: false, failover: false, isAvailable: true, isConnectedToProvisioningNetwork: false, simId: 0/10011
V/ActivityManager(  752): Broadcast sticky: Intent { act=android.intent.action.SIG_STR flg=0x10 (has extras) } ordered=false userid=-1 callerApp=ProcessRecord{426f6210 752:system/1000}
D/ConnectivityService(  752): getActiveNetworkInfo:NetworkInfo: type: WIFI[], state: CONNECTED/CONNECTED, reason: (unspecified), extra: "virginmedia8066037", roaming: false, failover: false, isAvailable: true, isConnectedToProvisioningNetwork: false, simId: 0/10011
D/ConnectivityService(  752): getActiveNetworkInfo:NetworkInfo: type: WIFI[], state: CONNECTED/CONNECTED, reason: (unspecified), extra: "virginmedia8066037", roaming: false, failover: false, isAvailable: true, isConnectedToProvisioningNetwork: false, simId: 0/10011
D/ConnectivityService(  752): getActiveNetworkInfo:NetworkInfo: type: WIFI[], state: CONNECTED/CONNECTED, reason: (unspecified), extra: "virginmedia8066037", roaming: false, failover: false, isAvailable: true, isConnectedToProvisioningNetwork: false, simId: 0/10011
V/ActivityManager(  752): Broadcast: Intent { act=android.intent.action.TIME_TICK flg=0x50000094 (has extras) } ordered=true userid=-1 callerApp=null
D/PowerManagerService(  752): acquireWakeLockInternal: lock=1116119736, flags=0x1, tag="AlarmManager", ws=WorkSource{1000}, uid=1000, pid=752
D/PowerManagerNotifier(  752): onWakeLockAcquired: flags=1, tag="AlarmManager", packageName=android, ownerUid=1000, ownerPid=752, workSource=WorkSource{1000}
D/ActivityThread(  752): BDC-Calling onReceive: intent=Intent { act=android.intent.action.TIME_TICK flg=0x50000094 (has extras) }, ordered=true, receiver=com.android.server.AlarmManagerService$ClockReceiver@4288ea50, IIntentReceiver=42896be8
D/PowerManagerService(  752): updateWakeLockSummaryLocked: mWakefulness=Awake, mWakeLockSummary=0x1
V/AlarmManager(  752): isAlarmNeedAlign : charging
D/PowerManagerService(  752): newScreenState = 2
D/PowerManagerDisplayController(  752): requestPowerState: screenState=2, useProximitySensor=false, forceProximitySensorEnable=false, forceWakeUpEnable=false, screenBrightness=102, screenAutoBrightnessAdjustment=0.0, useAutoBrightness=true, AALFunction=0, blockScreenOn=false, waitForNegativeProximity=false
I/PowerManagerService(  752): setBrightness mButtonLight 0.
D/PowerManagerService(  752): updateScreenStateLocked: mDisplayReady=true, newScreenState=2, mWakefulness=1, mWakeLockSummary=0x1, mUserActivitySummary=0x1, mBootCompleted=true
D/PowerManagerService(  752): Acquiring suspend blocker "PowerManagerService.WakeLocks".
D/PowerManagerService(  752): handleSandman: canDream=true, mWakefulness=Awake
D/ActivityThread(  752): BDC-Calling finishReceiver: IIntentReceiver=42896be8
D/ActivityThread(  937): BDC-Calling onReceive: intent=Intent { act=android.intent.action.TIME_TICK flg=0x50000094 (has extras) }, ordered=true, receiver=com.android.keyguard.KeyguardUpdateMonitor$3@425ddf30, IIntentReceiver=425e23c8
D/ActivityThread(  937): BDC-Calling finishReceiver: IIntentReceiver=425e23c8
D/ActivityThread(  982): BDC-Calling onReceive: intent=Intent { act=android.intent.action.TIME_TICK flg=0x50000094 (has extras) }, ordered=true, receiver=com.android.systemui.statusbar.policy.Clock$1@4262f190, IIntentReceiver=427e2178
D/ActivityThread(  982): BDC-Calling finishReceiver: IIntentReceiver=427e2178
D/ActivityThread(  982): BDC-Calling onReceive: intent=Intent { act=android.intent.action.TIME_TICK flg=0x50000094 (has extras) }, ordered=true, receiver=com.android.systemui.statusbar.policy.Clock$1@426654d8, IIntentReceiver=427e58c8
D/ActivityThread(  982): BDC-Calling finishReceiver: IIntentReceiver=427e58c8
D/ActivityThread(  982): BDC-Calling onReceive: intent=Intent { act=android.intent.action.TIME_TICK flg=0x50000094 (has extras) }, ordered=true, receiver=com.android.systemui.statusbar.policy.DateView$1@42666558, IIntentReceiver=427e8098
D/ActivityThread(  982): BDC-Calling finishReceiver: IIntentReceiver=427e8098
D/ActivityThread(  982): BDC-Calling onReceive: intent=Intent { act=android.intent.action.TIME_TICK flg=0x50000094 (has extras) }, ordered=true, receiver=android.widget.DateTimeView$1@433d50e0, IIntentReceiver=433d6570
D/ActivityThread(  982): BDC-Calling finishReceiver: IIntentReceiver=433d6570
D/ActivityThread(18296): BDC-Calling onReceive: intent=Intent { act=android.intent.action.TIME_TICK flg=0x50000094 (has extras) }, ordered=true, receiver=com.acompli.accore.receivers.TimeEventsReceiver@42787a78, IIntentReceiver=4278ff88
D/ActivityThread(18296): BDC-Calling finishReceiver: IIntentReceiver=4278ff88
D/ActivityThread(  982): BDC-Calling onReceive: intent=Intent { act=android.intent.action.TIME_TICK flg=0x50000094 (has extras) }, ordered=true, receiver=android.widget.DateTimeView$1@4289c2b8, IIntentReceiver=43307530
D/ActivityThread(  982): BDC-Calling finishReceiver: IIntentReceiver=43307530
D/ActivityThread(  982): BDC-Calling onReceive: intent=Intent { act=android.intent.action.TIME_TICK flg=0x50000094 (has extras) }, ordered=true, receiver=android.widget.DateTimeView$1@4326e9c0, IIntentReceiver=43307a30
D/ActivityThread(  982): BDC-Calling finishReceiver: IIntentReceiver=43307a30
D/ActivityThread( 1259): BDC-Calling onReceive: intent=Intent { act=android.intent.action.TIME_TICK flg=0x50000094 (has extras) }, ordered=true, receiver=android.widget.TextClock$2@4317c550, IIntentReceiver=43182948
D/ActivityThread( 1259): BDC-Calling finishReceiver: IIntentReceiver=43182948
D/ActivityThread( 1259): BDC-Calling onReceive: intent=Intent { act=android.intent.action.TIME_TICK flg=0x50000094 (has extras) }, ordered=true, receiver=android.widget.TextClock$2@4317d468, IIntentReceiver=43183368
D/ActivityThread( 1259): BDC-Calling finishReceiver: IIntentReceiver=43183368
D/PowerManagerService(  752): releaseWakeLockInternal: lock=1116119736 [AlarmManager], flags=0x0, total_time=41ms
D/PowerManagerNotifier(  752): onWakeLockReleased: flags=1, tag="AlarmManager", packageName=android, ownerUid=1000, ownerPid=752, workSource=WorkSource{1000}
D/PowerManagerService(  752): updateWakeLockSummaryLocked: mWakefulness=Awake, mWakeLockSummary=0x0
D/PowerManagerService(  752): newScreenState = 2
D/PowerManagerDisplayController(  752): requestPowerState: screenState=2, useProximitySensor=false, forceProximitySensorEnable=false, forceWakeUpEnable=false, screenBrightness=102, screenAutoBrightnessAdjustment=0.0, useAutoBrightness=true, AALFunction=0, blockScreenOn=false, waitForNegativeProximity=false
I/PowerManagerService(  752): setBrightness mButtonLight 0.
D/PowerManagerService(  752): updateScreenStateLocked: mDisplayReady=true, newScreenState=2, mWakefulness=1, mWakeLockSummary=0x0, mUserActivitySummary=0x1, mBootCompleted=true
D/PowerManagerService(  752): Releasing suspend blocker "PowerManagerService.WakeLocks".
D/PowerManagerService(  752): handleSandman: canDream=true, mWakefulness=Awake
D/ConnectivityService(  752): getActiveNetworkInfo:NetworkInfo: type: WIFI[], state: CONNECTED/CONNECTED, reason: (unspecified), extra: "virginmedia8066037", roaming: false, failover: false, isAvailable: true, isConnectedToProvisioningNetwork: false, simId: 0/10011
D/ConnectivityService(  752): getActiveNetworkInfo:NetworkInfo: type: WIFI[], state: CONNECTED/CONNECTED, reason: (unspecified), extra: "virginmedia8066037", roaming: false, failover: false, isAvailable: true, isConnectedToProvisioningNetwork: false, simId: 0/10011
V/ActivityManager(  752): Broadcast sticky: Intent { act=android.intent.action.SIG_STR flg=0x10 (has extras) } ordered=false userid=-1 callerApp=ProcessRecord{426f6210 752:system/1000}
D/ConnectivityService(  752): getActiveNetworkInfo:NetworkInfo: type: WIFI[], state: CONNECTED/CONNECTED, reason: (unspecified), extra: "virginmedia8066037", roaming: false, failover: false, isAvailable: true, isConnectedToProvisioningNetwork: false, simId: 0/10011
D/ConnectivityService(  752): getActiveNetworkInfo:NetworkInfo: type: WIFI[], state: CONNECTED/CONNECTED, reason: (unspecified), extra: "virginmedia8066037", roaming: false, failover: false, isAvailable: true, isConnectedToProvisioningNetwork: false, simId: 0/10011
D/ConnectivityService(  752): getActiveNetworkInfo:NetworkInfo: type: WIFI[], state: CONNECTED/CONNECTED, reason: (unspecified), extra: "virginmedia8066037", roaming: false, failover: false, isAvailable: true, isConnectedToProvisioningNetwork: false, simId: 0/10011
D/ConnectivityService(  752): getActiveNetworkInfo:NetworkInfo: type: WIFI[], state: CONNECTED/CONNECTED, reason: (unspecified), extra: "virginmedia8066037", roaming: false, failover: false, isAvailable: true, isConnectedToProvisioningNetwork: false, simId: 0/10011
D/ConnectivityService(  752): getActiveNetworkInfo:NetworkInfo: type: WIFI[], state: CONNECTED/CONNECTED, reason: (unspecified), extra: "virginmedia8066037", roaming: false, failover: false, isAvailable: true, isConnectedToProvisioningNetwork: false, simId: 0/10011
I/ANRManager(  752): updateProcessStats
V/ActivityManager(  752): Broadcast sticky: Intent { act=android.intent.action.BATTERY_CHANGED flg=0x60000010 (has extras) } ordered=false userid=-1 callerApp=null
D/WifiService(  752): onReceive, action:android.intent.action.BATTERY_CHANGED
D/UsbDeviceManager(  752): onReceive - BATTERY_CHANGED - mPlugType: 2, mSettingUsbCharging: false, mConnected: true, mSettingUsbBicr: false
D/WifiController(  752): DeviceActiveState{ when=0 what=155652 arg1=2 target=com.android.internal.util.StateMachine$SmHandler target=Handler (com.android.internal.util.StateMachine$SmHandler) {42f84ed0} }
D/WifiController(  752): StaEnabledState{ when=0 what=155652 arg1=2 target=com.android.internal.util.StateMachine$SmHandler target=Handler (com.android.internal.util.StateMachine$SmHandler) {42f84ed0} }
D/PowerManagerService(  752): updateIsPoweredLocked: wasPowered=true, mIsPowered=true, oldPlugType=2, mPlugType=2, mBatteryLevel=99
D/WifiController(  752): DefaultState{ when=0 what=155652 arg1=2 target=com.android.internal.util.StateMachine$SmHandler target=Handler (com.android.internal.util.StateMachine$SmHandler) {42f84ed0} }
D/WifiController(  752): battery changed pluggedType: 2
D/PowerManagerService(  752): handleSandman: canDream=true, mWakefulness=Awake
V/ActivityManager(  752): Broadcast sticky: Intent { act=android.intent.action.SIG_STR flg=0x10 (has extras) } ordered=false userid=-1 callerApp=ProcessRecord{426f6210 752:system/1000}
D/ConnectivityService(  752): getActiveNetworkInfo:NetworkInfo: type: WIFI[], state: CONNECTED/CONNECTED, reason: (unspecified), extra: "virginmedia8066037", roaming: false, failover: false, isAvailable: true, isConnectedToProvisioningNetwork: false, simId: 0/10011
D/ConnectivityService(  752): getActiveNetworkInfo:NetworkInfo: type: WIFI[], state: CONNECTED/CONNECTED, reason: (unspecified), extra: "virginmedia8066037", roaming: false, failover: false, isAvailable: true, isConnectedToProvisioningNetwork: false, simId: 0/10011
D/ConnectivityService(  752): getActiveNetworkInfo:NetworkInfo: type: WIFI[], state: CONNECTED/CONNECTED, reason: (unspecified), extra: "virginmedia8066037", roaming: false, failover: false, isAvailable: true, isConnectedToProvisioningNetwork: false, simId: 0/10011
V/ActivityManager(  752): Broadcast sticky: Intent { act=android.intent.action.SIG_STR flg=0x10 (has extras) } ordered=false userid=-1 callerApp=ProcessRecord{426f6210 752:system/1000}
D/ConnectivityService(  752): getActiveNetworkInfo:NetworkInfo: type: WIFI[], state: CONNECTED/CONNECTED, reason: (unspecified), extra: "virginmedia8066037", roaming: false, failover: false, isAvailable: true, isConnectedToProvisioningNetwork: false, simId: 0/10011
D/ConnectivityService(  752): getActiveNetworkInfo:NetworkInfo: type: WIFI[], state: CONNECTED/CONNECTED, reason: (unspecified), extra: "virginmedia8066037", roaming: false, failover: false, isAvailable: true, isConnectedToProvisioningNetwork: false, simId: 0/10011
D/ConnectivityService(  752): getActiveNetworkInfo:NetworkInfo: type: WIFI[], state: CONNECTED/CONNECTED, reason: (unspecified), extra: "virginmedia8066037", roaming: false, failover: false, isAvailable: true, isConnectedToProvisioningNetwork: false, simId: 0/10011
I/thermal_repeater(  240): oh, queryMdThermalInfo (0)Bad file number
I/thermal_repeater(  240): [recvMdThermalInfo] ret=5, strLen=127, ERROR
D/ConnectivityService(  752): getActiveNetworkInfo:NetworkInfo: type: WIFI[], state: CONNECTED/CONNECTED, reason: (unspecified), extra: "virginmedia8066037", roaming: false, failover: false, isAvailable: true, isConnectedToProvisioningNetwork: false, simId: 0/10011
D/ConnectivityService(  752): getActiveNetworkInfo:NetworkInfo: type: WIFI[], state: CONNECTED/CONNECTED, reason: (unspecified), extra: "virginmedia8066037", roaming: false, failover: false, isAvailable: true, isConnectedToProvisioningNetwork: false, simId: 0/10011
D/ConnectivityService(  752): getActiveNetworkInfo:NetworkInfo: type: WIFI[], state: CONNECTED/CONNECTED, reason: (unspecified), extra: "virginmedia8066037", roaming: false, failover: false, isAvailable: true, isConnectedToProvisioningNetwork: false, simId: 0/10011
D/ConnectivityService(  752): getActiveNetworkInfo:NetworkInfo: type: WIFI[], state: CONNECTED/CONNECTED, reason: (unspecified), extra: "virginmedia8066037", roaming: false, failover: false, isAvailable: true, isConnectedToProvisioningNetwork: false, simId: 0/10011
D/ConnectivityService(  752): getActiveNetworkInfo:NetworkInfo: type: WIFI[], state: CONNECTED/CONNECTED, reason: (unspecified), extra: "virginmedia8066037", roaming: false, failover: false, isAvailable: true, isConnectedToProvisioningNetwork: false, simId: 0/10011
D/ConnectivityService(  752): getActiveNetworkInfo:NetworkInfo: type: WIFI[], state: CONNECTED/CONNECTED, reason: (unspecified), extra: "virginmedia8066037", roaming: false, failover: false, isAvailable: true, isConnectedToProvisioningNetwork: false, simId: 0/10011
V/ActivityManager(  752): Broadcast sticky: Intent { act=android.intent.action.SIG_STR flg=0x10 (has extras) } ordered=false userid=-1 callerApp=ProcessRecord{426f6210 752:system/1000}
D/ConnectivityService(  752): getActiveNetworkInfo:NetworkInfo: type: WIFI[], state: CONNECTED/CONNECTED, reason: (unspecified), extra: "virginmedia8066037", roaming: false, failover: false, isAvailable: true, isConnectedToProvisioningNetwork: false, simId: 0/10011
D/ConnectivityService(  752): getActiveNetworkInfo:NetworkInfo: type: WIFI[], state: CONNECTED/CONNECTED, reason: (unspecified), extra: "virginmedia8066037", roaming: false, failover: false, isAvailable: true, isConnectedToProvisioningNetwork: false, simId: 0/10011
D/ConnectivityService(  752): getActiveNetworkInfo:NetworkInfo: type: WIFI[], state: CONNECTED/CONNECTED, reason: (unspecified), extra: "virginmedia8066037", roaming: false, failover: false, isAvailable: true, isConnectedToProvisioningNetwork: false, simId: 0/10011
V/ActivityManager(  752): Broadcast sticky: Intent { act=android.intent.action.SIG_STR flg=0x10 (has extras) } ordered=false userid=-1 callerApp=ProcessRecord{426f6210 752:system/1000}
D/ConnectivityService(  752): getActiveNetworkInfo:NetworkInfo: type: WIFI[], state: CONNECTED/CONNECTED, reason: (unspecified), extra: "virginmedia8066037", roaming: false, failover: false, isAvailable: true, isConnectedToProvisioningNetwork: false, simId: 0/10011
D/ConnectivityService(  752): getActiveNetworkInfo:NetworkInfo: type: WIFI[], state: CONNECTED/CONNECTED, reason: (unspecified), extra: "virginmedia8066037", roaming: false, failover: false, isAvailable: true, isConnectedToProvisioningNetwork: false, simId: 0/10011
D/ConnectivityService(  752): getActiveNetworkInfo:NetworkInfo: type: WIFI[], state: CONNECTED/CONNECTED, reason: (unspecified), extra: "virginmedia8066037", roaming: false, failover: false, isAvailable: true, isConnectedToProvisioningNetwork: false, simId: 0/10011
D/ConnectivityService(  752): getActiveNetworkInfo:NetworkInfo: type: WIFI[], state: CONNECTED/CONNECTED, reason: (unspecified), extra: "virginmedia8066037", roaming: false, failover: false, isAvailable: true, isConnectedToProvisioningNetwork: false, simId: 0/10011
D/ConnectivityService(  752): getActiveNetworkInfo:NetworkInfo: type: WIFI[], state: CONNECTED/CONNECTED, reason: (unspecified), extra: "virginmedia8066037", roaming: false, failover: false, isAvailable: true, isConnectedToProvisioningNetwork: false, simId: 0/10011
V/ActivityManager(  752): Broadcast sticky: Intent { act=android.intent.action.SIG_STR flg=0x10 (has extras) } ordered=false userid=-1 callerApp=ProcessRecord{426f6210 752:system/1000}
D/ConnectivityService(  752): getActiveNetworkInfo:NetworkInfo: type: WIFI[], state: CONNECTED/CONNECTED, reason: (unspecified), extra: "virginmedia8066037", roaming: false, failover: false, isAvailable: true, isConnectedToProvisioningNetwork: false, simId: 0/10011
D/ConnectivityService(  752): getActiveNetworkInfo:NetworkInfo: type: WIFI[], state: CONNECTED/CONNECTED, reason: (unspecified), extra: "virginmedia8066037", roaming: false, failover: false, isAvailable: true, isConnectedToProvisioningNetwork: false, simId: 0/10011
D/ConnectivityService(  752): getActiveNetworkInfo:NetworkInfo: type: WIFI[], state: CONNECTED/CONNECTED, reason: (unspecified), extra: "virginmedia8066037", roaming: false, failover: false, isAvailable: true, isConnectedToProvisioningNetwork: false, simId: 0/10011
V/ActivityManager(  752): Broadcast sticky: Intent { act=android.intent.action.SIG_STR flg=0x10 (has extras) } ordered=false userid=-1 callerApp=ProcessRecord{426f6210 752:system/1000}
D/ConnectivityService(  752): getActiveNetworkInfo:NetworkInfo: type: WIFI[], state: CONNECTED/CONNECTED, reason: (unspecified), extra: "virginmedia8066037", roaming: false, failover: false, isAvailable: true, isConnectedToProvisioningNetwork: false, simId: 0/10011
D/ConnectivityService(  752): getActiveNetworkInfo:NetworkInfo: type: WIFI[], state: CONNECTED/CONNECTED, reason: (unspecified), extra: "virginmedia8066037", roaming: false, failover: false, isAvailable: true, isConnectedToProvisioningNetwork: false, simId: 0/10011
D/ConnectivityService(  752): getActiveNetworkInfo:NetworkInfo: type: WIFI[], state: CONNECTED/CONNECTED, reason: (unspecified), extra: "virginmedia8066037", roaming: false, failover: false, isAvailable: true, isConnectedToProvisioningNetwork: false, simId: 0/10011
D/ConnectivityService(  752): getActiveNetworkInfo:NetworkInfo: type: WIFI[], state: CONNECTED/CONNECTED, reason: (unspecified), extra: "virginmedia8066037", roaming: false, failover: false, isAvailable: true, isConnectedToProvisioningNetwork: false, simId: 0/10011
D/ConnectivityService(  752): getActiveNetworkInfo:NetworkInfo: type: WIFI[], state: CONNECTED/CONNECTED, reason: (unspecified), extra: "virginmedia8066037", roaming: false, failover: false, isAvailable: true, isConnectedToProvisioningNetwork: false, simId: 0/10011
D/ConnectivityService(  752): getActiveNetworkInfo:NetworkInfo: type: WIFI[], state: CONNECTED/CONNECTED, reason: (unspecified), extra: "virginmedia8066037", roaming: false, failover: false, isAvailable: true, isConnectedToProvisioningNetwork: false, simId: 0/10011
D/ConnectivityService(  752): getActiveNetworkInfo:NetworkInfo: type: WIFI[], state: CONNECTED/CONNECTED, reason: (unspecified), extra: "virginmedia8066037", roaming: false, failover: false, isAvailable: true, isConnectedToProvisioningNetwork: false, simId: 0/10011
V/ActivityManager(  752): Broadcast sticky: Intent { act=android.intent.action.SIG_STR flg=0x10 (has extras) } ordered=false userid=-1 callerApp=ProcessRecord{426f6210 752:system/1000}
D/ConnectivityService(  752): getActiveNetworkInfo:NetworkInfo: type: WIFI[], state: CONNECTED/CONNECTED, reason: (unspecified), extra: "virginmedia8066037", roaming: false, failover: false, isAvailable: true, isConnectedToProvisioningNetwork: false, simId: 0/10011
D/ConnectivityService(  752): getActiveNetworkInfo:NetworkInfo: type: WIFI[], state: CONNECTED/CONNECTED, reason: (unspecified), extra: "virginmedia8066037", roaming: false, failover: false, isAvailable: true, isConnectedToProvisioningNetwork: false, simId: 0/10011
D/ConnectivityService(  752): getActiveNetworkInfo:NetworkInfo: type: WIFI[], state: CONNECTED/CONNECTED, reason: (unspecified), extra: "virginmedia8066037", roaming: false, failover: false, isAvailable: true, isConnectedToProvisioningNetwork: false, simId: 0/10011
D/ConnectivityService(  752): getActiveNetworkInfo:NetworkInfo: type: WIFI[], state: CONNECTED/CONNECTED, reason: (unspecified), extra: "virginmedia8066037", roaming: false, failover: false, isAvailable: true, isConnectedToProvisioningNetwork: false, simId: 0/10011
D/ConnectivityService(  752): getActiveNetworkInfo:NetworkInfo: type: WIFI[], state: CONNECTED/CONNECTED, reason: (unspecified), extra: "virginmedia8066037", roaming: false, failover: false, isAvailable: true, isConnectedToProvisioningNetwork: false, simId: 0/10011
I/thermal_repeater(  240): oh, queryMdThermalInfo (0)Bad file number
I/thermal_repeater(  240): [recvMdThermalInfo] ret=5, strLen=127, ERROR
D/ConnectivityService(  752): getActiveNetworkInfo:NetworkInfo: type: WIFI[], state: CONNECTED/CONNECTED, reason: (unspecified), extra: "virginmedia8066037", roaming: false, failover: false, isAvailable: true, isConnectedToProvisioningNetwork: false, simId: 0/10011
D/ConnectivityService(  752): getActiveNetworkInfo:NetworkInfo: type: WIFI[], state: CONNECTED/CONNECTED, reason: (unspecified), extra: "virginmedia8066037", roaming: false, failover: false, isAvailable: true, isConnectedToProvisioningNetwork: false, simId: 0/10011
D/ConnectivityService(  752): getActiveNetworkInfo:NetworkInfo: type: WIFI[], state: CONNECTED/CONNECTED, reason: (unspecified), extra: "virginmedia8066037", roaming: false, failover: false, isAvailable: true, isConnectedToProvisioningNetwork: false, simId: 0/10011
D/ConnectivityService(  752): getActiveNetworkInfo:NetworkInfo: type: WIFI[], state: CONNECTED/CONNECTED, reason: (unspecified), extra: "virginmedia8066037", roaming: false, failover: false, isAvailable: true, isConnectedToProvisioningNetwork: false, simId: 0/10011
V/ActivityManager(  752): Broadcast sticky: Intent { act=android.intent.action.SIG_STR flg=0x10 (has extras) } ordered=false userid=-1 callerApp=ProcessRecord{426f6210 752:system/1000}
D/ConnectivityService(  752): getActiveNetworkInfo:NetworkInfo: type: WIFI[], state: CONNECTED/CONNECTED, reason: (unspecified), extra: "virginmedia8066037", roaming: false, failover: false, isAvailable: true, isConnectedToProvisioningNetwork: false, simId: 0/10011
D/ConnectivityService(  752): getActiveNetworkInfo:NetworkInfo: type: WIFI[], state: CONNECTED/CONNECTED, reason: (unspecified), extra: "virginmedia8066037", roaming: false, failover: false, isAvailable: true, isConnectedToProvisioningNetwork: false, simId: 0/10011
D/ConnectivityService(  752): getActiveNetworkInfo:NetworkInfo: type: WIFI[], state: CONNECTED/CONNECTED, reason: (unspecified), extra: "virginmedia8066037", roaming: false, failover: false, isAvailable: true, isConnectedToProvisioningNetwork: false, simId: 0/10011
V/ActivityManager(  752): Broadcast sticky: Intent { act=android.intent.action.SIG_STR flg=0x10 (has extras) } ordered=false userid=-1 callerApp=ProcessRecord{426f6210 752:system/1000}
D/ConnectivityService(  752): getActiveNetworkInfo:NetworkInfo: type: WIFI[], state: CONNECTED/CONNECTED, reason: (unspecified), extra: "virginmedia8066037", roaming: false, failover: false, isAvailable: true, isConnectedToProvisioningNetwork: false, simId: 0/10011
D/ConnectivityService(  752): getActiveNetworkInfo:NetworkInfo: type: WIFI[], state: CONNECTED/CONNECTED, reason: (unspecified), extra: "virginmedia8066037", roaming: false, failover: false, isAvailable: true, isConnectedToProvisioningNetwork: false, simId: 0/10011
D/ConnectivityService(  752): getActiveNetworkInfo:NetworkInfo: type: WIFI[], state: CONNECTED/CONNECTED, reason: (unspecified), extra: "virginmedia8066037", roaming: false, failover: false, isAvailable: true, isConnectedToProvisioningNetwork: false, simId: 0/10011
D/ConnectivityService(  752): getActiveNetworkInfo:NetworkInfo: type: WIFI[], state: CONNECTED/CONNECTED, reason: (unspecified), extra: "virginmedia8066037", roaming: false, failover: false, isAvailable: true, isConnectedToProvisioningNetwork: false, simId: 0/10011
D/ConnectivityService(  752): getActiveNetworkInfo:NetworkInfo: type: WIFI[], state: CONNECTED/CONNECTED, reason: (unspecified), extra: "virginmedia8066037", roaming: false, failover: false, isAvailable: true, isConnectedToProvisioningNetwork: false, simId: 0/10011
V/ActivityManager(  752): Broadcast sticky: Intent { act=android.intent.action.SIG_STR flg=0x10 (has extras) } ordered=false userid=-1 callerApp=ProcessRecord{426f6210 752:system/1000}
D/ConnectivityService(  752): getActiveNetworkInfo:NetworkInfo: type: WIFI[], state: CONNECTED/CONNECTED, reason: (unspecified), extra: "virginmedia8066037", roaming: false, failover: false, isAvailable: true, isConnectedToProvisioningNetwork: false, simId: 0/10011
V/ActivityManager(  752): Broadcast: Intent { act=android.intent.action.TIME_TICK flg=0x50000094 (has extras) } ordered=true userid=-1 callerApp=null
D/PowerManagerService(  752): acquireWakeLockInternal: lock=1116119736, flags=0x1, tag="AlarmManager", ws=WorkSource{1000}, uid=1000, pid=752
D/PowerManagerNotifier(  752): onWakeLockAcquired: flags=1, tag="AlarmManager", packageName=android, ownerUid=1000, ownerPid=752, workSource=WorkSource{1000}
D/ActivityThread(  752): BDC-Calling onReceive: intent=Intent { act=android.intent.action.TIME_TICK flg=0x50000094 (has extras) }, ordered=true, receiver=com.android.server.AlarmManagerService$ClockReceiver@4288ea50, IIntentReceiver=42896be8
V/AlarmManager(  752): isAlarmNeedAlign : charging
D/PowerManagerService(  752): updateWakeLockSummaryLocked: mWakefulness=Awake, mWakeLockSummary=0x1
D/PowerManagerService(  752): newScreenState = 2
D/PowerManagerDisplayController(  752): requestPowerState: screenState=2, useProximitySensor=false, forceProximitySensorEnable=false, forceWakeUpEnable=false, screenBrightness=102, screenAutoBrightnessAdjustment=0.0, useAutoBrightness=true, AALFunction=0, blockScreenOn=false, waitForNegativeProximity=false
I/PowerManagerService(  752): setBrightness mButtonLight 0.
D/PowerManagerService(  752): updateScreenStateLocked: mDisplayReady=true, newScreenState=2, mWakefulness=1, mWakeLockSummary=0x1, mUserActivitySummary=0x1, mBootCompleted=true
D/PowerManagerService(  752): Acquiring suspend blocker "PowerManagerService.WakeLocks".
D/PowerManagerService(  752): handleSandman: canDream=true, mWakefulness=Awake
D/ActivityThread(  752): BDC-Calling finishReceiver: IIntentReceiver=42896be8
D/ActivityThread(  937): BDC-Calling onReceive: intent=Intent { act=android.intent.action.TIME_TICK flg=0x50000094 (has extras) }, ordered=true, receiver=com.android.keyguard.KeyguardUpdateMonitor$3@425ddf30, IIntentReceiver=425e23c8
D/ActivityThread(  937): BDC-Calling finishReceiver: IIntentReceiver=425e23c8
D/ActivityThread(  982): BDC-Calling onReceive: intent=Intent { act=android.intent.action.TIME_TICK flg=0x50000094 (has extras) }, ordered=true, receiver=com.android.systemui.statusbar.policy.Clock$1@4262f190, IIntentReceiver=427e2178
D/ActivityThread(  982): BDC-Calling finishReceiver: IIntentReceiver=427e2178
D/ActivityThread(  982): BDC-Calling onReceive: intent=Intent { act=android.intent.action.TIME_TICK flg=0x50000094 (has extras) }, ordered=true, receiver=com.android.systemui.statusbar.policy.Clock$1@426654d8, IIntentReceiver=427e58c8
D/ActivityThread(  982): BDC-Calling finishReceiver: IIntentReceiver=427e58c8
D/ActivityThread(  982): BDC-Calling onReceive: intent=Intent { act=android.intent.action.TIME_TICK flg=0x50000094 (has extras) }, ordered=true, receiver=com.android.systemui.statusbar.policy.DateView$1@42666558, IIntentReceiver=427e8098
D/ActivityThread(  982): BDC-Calling finishReceiver: IIntentReceiver=427e8098
D/ActivityThread(  982): BDC-Calling onReceive: intent=Intent { act=android.intent.action.TIME_TICK flg=0x50000094 (has extras) }, ordered=true, receiver=android.widget.DateTimeView$1@433d50e0, IIntentReceiver=433d6570
D/ActivityThread(  982): BDC-Calling finishReceiver: IIntentReceiver=433d6570
D/ActivityThread(18296): BDC-Calling onReceive: intent=Intent { act=android.intent.action.TIME_TICK flg=0x50000094 (has extras) }, ordered=true, receiver=com.acompli.accore.receivers.TimeEventsReceiver@42787a78, IIntentReceiver=4278ff88
D/ActivityThread(18296): BDC-Calling finishReceiver: IIntentReceiver=4278ff88
D/ActivityThread(  982): BDC-Calling onReceive: intent=Intent { act=android.intent.action.TIME_TICK flg=0x50000094 (has extras) }, ordered=true, receiver=android.widget.DateTimeView$1@4289c2b8, IIntentReceiver=43307530
D/ActivityThread(  982): BDC-Calling finishReceiver: IIntentReceiver=43307530
D/ActivityThread(  982): BDC-Calling onReceive: intent=Intent { act=android.intent.action.TIME_TICK flg=0x50000094 (has extras) }, ordered=true, receiver=android.widget.DateTimeView$1@4326e9c0, IIntentReceiver=43307a30
D/ActivityThread(  982): BDC-Calling finishReceiver: IIntentReceiver=43307a30
D/ActivityThread( 1259): BDC-Calling onReceive: intent=Intent { act=android.intent.action.TIME_TICK flg=0x50000094 (has extras) }, ordered=true, receiver=android.widget.TextClock$2@4317c550, IIntentReceiver=43182948
D/ActivityThread( 1259): BDC-Calling finishReceiver: IIntentReceiver=43182948
D/ActivityThread( 1259): BDC-Calling onReceive: intent=Intent { act=android.intent.action.TIME_TICK flg=0x50000094 (has extras) }, ordered=true, receiver=android.widget.TextClock$2@4317d468, IIntentReceiver=43183368
D/ActivityThread( 1259): BDC-Calling finishReceiver: IIntentReceiver=43183368
D/PowerManagerService(  752): releaseWakeLockInternal: lock=1116119736 [AlarmManager], flags=0x0, total_time=33ms
D/PowerManagerNotifier(  752): onWakeLockReleased: flags=1, tag="AlarmManager", packageName=android, ownerUid=1000, ownerPid=752, workSource=WorkSource{1000}
D/PowerManagerService(  752): updateWakeLockSummaryLocked: mWakefulness=Awake, mWakeLockSummary=0x0
D/PowerManagerService(  752): newScreenState = 2
D/PowerManagerDisplayController(  752): requestPowerState: screenState=2, useProximitySensor=false, forceProximitySensorEnable=false, forceWakeUpEnable=false, screenBrightness=102, screenAutoBrightnessAdjustment=0.0, useAutoBrightness=true, AALFunction=0, blockScreenOn=false, waitForNegativeProximity=false
I/PowerManagerService(  752): setBrightness mButtonLight 0.
D/PowerManagerService(  752): updateScreenStateLocked: mDisplayReady=true, newScreenState=2, mWakefulness=1, mWakeLockSummary=0x0, mUserActivitySummary=0x1, mBootCompleted=true
D/PowerManagerService(  752): Releasing suspend blocker "PowerManagerService.WakeLocks".
D/PowerManagerService(  752): handleSandman: canDream=true, mWakefulness=Awake
D/PowerManagerService(  752): userActivityFromNative
D/PowerManagerService(  752): userActivityNoUpdateLocked: eventTime=7742133, event=2, flags=0x0, uid=1000
D/PowerManagerNotifier(  752): onUserActivity: event=2, uid=1000
D/PowerManagerService(  752): updateUserActivitySummaryLocked: mWakefulness=Awake, mUserActivitySummary=0x1, nextTimeout=9535133 (in 1792999 ms)
D/PowerManagerService(  752): newScreenState = 2
D/PowerManagerDisplayController(  752): requestPowerState: screenState=2, useProximitySensor=false, forceProximitySensorEnable=false, forceWakeUpEnable=false, screenBrightness=102, screenAutoBrightnessAdjustment=0.0, useAutoBrightness=true, AALFunction=0, blockScreenOn=false, waitForNegativeProximity=false
I/PowerManagerService(  752): setBrightness mButtonLight 0.
D/PowerManagerService(  752): updateScreenStateLocked: mDisplayReady=true, newScreenState=2, mWakefulness=1, mWakeLockSummary=0x0, mUserActivitySummary=0x1, mBootCompleted=true
D/PowerManagerService(  752): handleSandman: canDream=true, mWakefulness=Awake
D/PowerManagerService(  752): acquireWakeLockInternal: lock=1128501080, flags=0x1, tag="AudioMix", ws=null, uid=1013, pid=211
D/PowerManagerNotifier(  752): onWakeLockAcquired: flags=1, tag="AudioMix", packageName=media, ownerUid=1013, ownerPid=211, workSource=null
D/PowerManagerService(  752): updateWakeLockSummaryLocked: mWakefulness=Awake, mWakeLockSummary=0x1
D/PowerManagerService(  752): newScreenState = 2
D/PowerManagerDisplayController(  752): requestPowerState: screenState=2, useProximitySensor=false, forceProximitySensorEnable=false, forceWakeUpEnable=false, screenBrightness=102, screenAutoBrightnessAdjustment=0.0, useAutoBrightness=true, AALFunction=0, blockScreenOn=false, waitForNegativeProximity=false
I/PowerManagerService(  752): setBrightness mButtonLight 0.
D/PowerManagerService(  752): updateScreenStateLocked: mDisplayReady=true, newScreenState=2, mWakefulness=1, mWakeLockSummary=0x1, mUserActivitySummary=0x1, mBootCompleted=true
D/PowerManagerService(  752): Acquiring suspend blocker "PowerManagerService.WakeLocks".
D/PowerManagerService(  752): handleSandman: canDream=true, mWakefulness=Awake
D/PowerManagerService(  752): updateWakeLockWorkSourceInternal: lock=1128501080 [AudioMix], ws=WorkSource{1000}
D/PowerManagerNotifier(  752): onWakeLockReleased: flags=1, tag="AudioMix", packageName=media, ownerUid=1013, ownerPid=211, workSource=null
D/PowerManagerNotifier(  752): onWakeLockAcquired: flags=1, tag="AudioMix", packageName=media, ownerUid=1013, ownerPid=211, workSource=WorkSource{1000}
D/PowerManagerDisplayController(  752): mLightSensorListener.onSensorChanged(): enabled = true, lux = 303.0
D/ConnectivityService(  752): getActiveNetworkInfo:NetworkInfo: type: WIFI[], state: CONNECTED/CONNECTED, reason: (unspecified), extra: "virginmedia8066037", roaming: false, failover: false, isAvailable: true, isConnectedToProvisioningNetwork: false, simId: 0/10011
D/ConnectivityService(  752): getActiveNetworkInfo:NetworkInfo: type: WIFI[], state: CONNECTED/CONNECTED, reason: (unspecified), extra: "virginmedia8066037", roaming: false, failover: false, isAvailable: true, isConnectedToProvisioningNetwork: false, simId: 0/10011
D/PowerManagerDisplayController(  752): mLightSensorListener.onSensorChanged(): enabled = true, lux = 501.0
D/PowerManagerService(  752): updateWakeLockWorkSourceInternal: lock=1128501080 [AudioMix], ws=null
D/PowerManagerNotifier(  752): onWakeLockReleased: flags=1, tag="AudioMix", packageName=media, ownerUid=1013, ownerPid=211, workSource=WorkSource{1000}
D/PowerManagerNotifier(  752): onWakeLockAcquired: flags=1, tag="AudioMix", packageName=media, ownerUid=1013, ownerPid=211, workSource=null
V/ActivityManager(  752): Broadcast sticky: Intent { act=android.intent.action.SIG_STR flg=0x10 (has extras) } ordered=false userid=-1 callerApp=ProcessRecord{426f6210 752:system/1000}
D/ConnectivityService(  752): getActiveNetworkInfo:NetworkInfo: type: WIFI[], state: CONNECTED/CONNECTED, reason: (unspecified), extra: "virginmedia8066037", roaming: false, failover: false, isAvailable: true, isConnectedToProvisioningNetwork: false, simId: 0/10011
D/ConnectivityService(  752): getActiveNetworkInfo:NetworkInfo: type: WIFI[], state: CONNECTED/CONNECTED, reason: (unspecified), extra: "virginmedia8066037", roaming: false, failover: false, isAvailable: true, isConnectedToProvisioningNetwork: false, simId: 0/10011
D/ConnectivityService(  752): getActiveNetworkInfo:NetworkInfo: type: WIFI[], state: CONNECTED/CONNECTED, reason: (unspecified), extra: "virginmedia8066037", roaming: false, failover: false, isAvailable: true, isConnectedToProvisioningNetwork: false, simId: 0/10011
V/ActivityManager(  752): Broadcast sticky: Intent { act=android.intent.action.BATTERY_CHANGED flg=0x60000010 (has extras) } ordered=false userid=-1 callerApp=null
D/WifiService(  752): onReceive, action:android.intent.action.BATTERY_CHANGED
