I/IspDrv  (  211): {IspDrv} [deTuningQueByCq] +,path(1),eCq(8),p2Cq(0),magic#(0x8dc),curRP2Idx(-1),curWIdx(34)
I/IspDrv  (  211): {IspDrv} [deTuningQueByCq] +,path(1),eCq(8),p2Cq(0),magic#(0x8dc),curRP2Idx(-1),curWIdx(34)
I/iio/ifunc(  211): [_enable] path(16),start(1),isP2IspOnly(0),dupCqIdx(1),burstQueIdx(0),SCEN(6)
I/MdpMgr  (  211): {MdpMgr} [startMdp] +,cqIndx(8),sceID(6),cqPA(0x1e06db0),tpipVa(0xaf7ca000),tpipPa(0x3f00000),isWaitBuf(1),venc(0)
I/MdpMgr  (  211): {MdpMgr} [_startMdp] [mdpSrc]srcFmt(0x111,W(960),H(540),stride(1800,0),size(0xed4e0-0x1e0-0x10e),VA(0xae4c7000),PA(0x 1c00000)-[src_crop]X(0),FloatX(0),Y(0),FloatY(0),W(960),H(540),planeN(1)
I/MdpMgr  (  211): {MdpMgr} [_startMdp] index(0),capbility(3),fmt(51644520),rot(0),flip(0),(w,h,s)=(960,540,960),C(w,h,s)=(480,270,480),V(w,h,s)=(480,270,480),dpStreamtype(1),mdpindx(0)
I/MdpMgr  (  211): {MdpMgr} [_startMdp] dstSizeList=(0x   7e900,0x   1fa40,0x   1fa40),dstVirList=(0xab715000,0xab793900,0xab7b3340),dstPhyList=(0x 8300000,0x 837e900,0x 839e340),plane num(2)
I/MdpMgr  (  211): {MdpMgr} [_startMdp] index(1),capbility(0),fmt(39061612),rot(0),flip(0),(w,h,s)=(960,540,960),C(w,h,s)=(480,270,960),V(w,h,s)=(0,0,0),dpStreamtype(1),mdpindx(0)
I/MdpMgr  (  211): {MdpMgr} [_startMdp] dstSizeList=(0x   7e900,0x   3f480,0x       0),dstVirList=(0xaf244000,0xaf2c2900,0x       0),dstPhyList=(0x 7d00000,0x 7d7e900,0x       0),plane num(1)
D/MDP     (  211): DpIsp: in: (960, 540, 1800, 0, C21, P2)
D/MDP     (  211): DpIsp: out0: (960, 540, 960, 480, C8s, P2), misc: (R:0, F:0, S:1, D:0, T:0)
D/MDP     (  211): DpIsp: out1: (960, 540, 960, 960, C12s, P2), misc: (R:0, F:0, S:0, D:0, T:0)
D/MDP     (  211): DpIsp: crop: (0, 0, 960, 540)
I/GL2JNIView(12964): -------------------DOOO-1
I/libgl2jni(12964): --DRAWING--: 2267
I/MdpMgr  (  211): {MdpMgr} [_startMdp] -
I/Iop/P2PPWp(  211): [enque] ecID(0xb7864f5c),tag(1)
I/Iop/P2PPWp.TD(  211): [dequeueJudgement] +
I/MdpMgr  (  211): {MdpMgr} [dequeueBuf] +,cqIndx(8),sceID(6),deqIndex(1),isWaitBuf(1)
I/libgl2jni(12964): --NOT EMPTY--
I/MdpMgr  (  211): {MdpMgr} [dequeueBuf] +,cqIndx(8),sceID(6),deqIndex(2),isWaitBuf(1)
I/iio/ppp (  211): [dequeInBuf] dequeInBuf:tid(13077),dequeCq(8),PortID:(type, index, inout, timeout)=(0, 7, 0, -1)
I/iio/ppp (  211): [dequeInBuf] dequeInBuf:tid(13077),dequeCq(8),PortID:(type, index, inout, timeout)=(0, 4, 0, -1)
I/MdpMgr  (  211): {MdpMgr} [dequeueBuf] +,cqIndx(8),sceID(6),deqIndex(0),isWaitBuf(1)
D/MDP     (  211): DpIsp: 0xb7e8ba78, src 0 ms
I/Iop/P2PPWp.TD(  211): [doDequeue] FmvOut(0x8300000),dCq(8/1)
D/MtkCam/FeaturePipe(  211): [performCallback] FeatureGraph callback FrameNo(2268)
D/MtkCam/P2Node(  211): [0:handleP2Done] type 5: cnt 2267 in 1 out 2
D/MtkCam/ISC(  211): [dropPass2Info] Erase # 0x8DC,ImgBuf(0xB7816790),IsR(1)
D/MtkCam/DBHdl(  211): [:enqueBuffer]buf(0xb76bde28),VA(0xAB715000),BS(518400),Id(375),TS(7810.892024),F(0x32315659),S(960x540),Str(960,480,480)
D/MtkCam/DBHdl(  211): [:enqueBuffer]buf(0xb76c1500),VA(0xAF244000),BS(518400),Id(323),TS(7810.892024),F(0x00000011),S(960x540),Str(960,960,0)
I/Iop/P2PPWp.TD(  211): [doDequeue] -,cb(506 us)
D/MtkCam/FeaturePipeDataHdl(  211): [returnBuffer] data(1003), buf(0xb7d38740)
D/MtkCam/PrvCB(  211): (13045)[handleReturnBuffers] + 34ms<Duration(120) 34ms<Duration(120)
D/MtkCam/DisplayClient(  211): [handleReturnBuffers] + (120) 34ms < Duration(121)
D/MtkCam/DisplayClient(  211): [handleReturnBuffers] Show frame:0 1 [ion:375 0xab715000/777600 7810892024000]
D/MtkCam/PrvCB(  211): (13045)[handleReturnBuffers] callback:0(1) [0xaf244000/777600 0x9d71c8c0] CookieDE:0x71a
I/BufferQueue(12964): [unnamed-12964-1](this:0x7e6b4b88,id:1,api:4,p:211,c:12964) queueBuffer: slot 5 is dropped, handle=0x7df07648
D/MtkCam/DisplayClient(  211): [handleReturnBuffers] -
D/MtkCam/DisplayClient(  211): [waitAndHandleReturnBuffers] +
I/libgl2jni(12964): READ 0
I/GL2JNIView(12964): -------------------DOOO-1
I/libgl2jni(12964): --DRAWING--: 2268
I/libgl2jni(12964): --NOT EMPTY--
D/MtkCam/PrvCB(  211): (13045)[handleReturnBuffers] -
D/MtkCam/PrvCB(  211): (13045)[waitAndHandleReturnBuffers] +
I/GL2JNIView(12964): -------------------DOOO-1
I/libgl2jni(12964): --DRAWING--: 2268
I/libgl2jni(12964): --NOT EMPTY--
I/GL2JNIView(12964): -------------------DOOO-1
I/libgl2jni(12964): --DRAWING--: 2268
I/libgl2jni(12964): --NOT EMPTY--
W/ADB_SERVICES(  341): create_local_service_socket() name=shell:export ANDROID_LOG_TAGS=""""; exec logcat
W/ADB_SERVICES(  341): service_to_fd() name=shell:export ANDROID_LOG_TAGS=""""; exec logcat
W/ADB_SERVICES(  341): read_meminfo() mem_free=463568
W/ADB_SERVICES(  341): create_subprocess() ret_fd=106 pid=14327
W/ADB_SERVICES(  341): LS(5155): bound to 'shell:export ANDROID_LOG_TAGS=""""; exec logcat' via 106
W/ADB_SERVICES(14327): adb: unable to open /proc/14327/oom_adj
I/GL2JNIView(12964): -------------------DOOO-1
I/libgl2jni(12964): --DRAWING--: 2268
I/libgl2jni(12964): --NOT EMPTY--
D/aaa_hal (  211): [Timer:start: VS Timer, SensorDevId: 1] timer start. bClrTime=1
D/aaa_hal/3Athread(  211): CmdQ-size(1), todo(10, 2270)
D/aaa_hal (  211): [Timer:End: VS Timer, SensorDevId: 1] =====> time(ms): current=0.031923,   sum=0.031923
D/        (  211): [AAA_Scheduler::importWork]+, mNormalizeM=1, mSensorDevId=1
D/AeAlgo  (  211): [getFlareAlgo] i2FlareOffset:0, Max_Step_gap: 4, gain:0
D/ae_mgr  (  211): [doPvAE()] i4SensorDev:1 AE Wait Vd frame:1 Enable:1 avgY:553
D/ae_mgr  (  211): [UpdateSensorISPParams:s] i4SensorDev:1 VDNum 1, Prev 119987/10512/1045, Cur 119987/10512/1512, Output 119987/10512/1512 Smooth:1
D/ae_mgr  (  211): [UpdateSensorISPParams:e] i4SensorDev:1 VDNum 1, Delay 0/0/1, Prev 119987/10512/1045, Cur 119987/10512/1512, Output 119987/10512/1512 State:0 FrameRate:83 50 300 Flare Offset:0
D/awb_state(  211): [Searching::sendIntent]<eIntent_AWBScan>
D/aaa_state_camera_preview(  211): lv(26),cct(3747),rgain(802),bgain(512),ggain(1124),fluoidx(100), dayflouidx(2)
D/aaa_sensor_mgr(  211): setFlickerFrameRateActive en=0
D/flicker_hal.cpp(  211): U 58967
D/flicker_hal.cpp(  211): A ln=691 cnt=58968
D/flicker_hal.cpp(  211): The exposure time is too long, skip flicker detection:119987
D/flicker_hal.cpp(  211): Status:50, 119987
D/flicker_hal.cpp(  211): getFlickerStatus 0
D/isp_tuning_custom(  211): [IspCamInfo][dump](eIspProfile, eSensorMode, eIdx_Scene)=(0, 0, 0)
D/isp_tuning_custom(  211): [RAWIspCamInfo][dump](eIdx_ISO, u4ISOValue, i4ZoomRatio_x100, i4LightValue_x10)=(3, 697, 100, 26)
D/isp_mgr_lsc(  211): enableLsc 1
D/isp_mgr_lsc(  211): [putAddr] eSensorDev(1), m_eSensorTG(1), u4BaseAddr(0x01f04000)
D/isp_mgr_lsc(  211): [put<NSIspTuning::ISP_NVRAM_LSC_T>
I/TuningMgr(  211): [dequeBuffer] scenario(0),MagicNum(0x8de)
I/IspDrv  (  211): {IspDrv} [deTuningQueByCq] +,path(2),eCq(8),p2Cq(0),magic#(0x8de),curRP2Idx(-1),curWIdx(34)
D/isp_mgr_sl2(  211): [apply] eSwScn(0), bSL2_EN(1), u4SL2_EN(1), u4SL2b_EN(1), u4SL2c_EN(1), CAM_SL2_CEN(0x02600337), CAM_SL2_MAX0_RR(0x00016dc4), CAM_SL2_MAX1_RR(0x0005b710), CAM_SL2_MAX2_RR(0x000a2900)
I/TuningMgr(  211): [enqueBuffer] scenario(0),MagicNum(0x8de)
I/IspDrv  (  211): {IspDrv} [deTuningQueByCq] +,path(0),eCq(8),p2Cq(0),magic#(0x8de),curRP2Idx(-1),curWIdx(35)
I/iio/ifunc(  211): [_config] ISP_RAW_PIPE::_config(setP1RrzCfg:0x1_0xffffffff):NonTwin lsc_en=1 E:path(1),rrz_in_w/h(1632/1224),rrz_crop_x/y/fx/fy/w/h(0/153/0/0/1632/918),rrz_out_w/h(960/540), sd_lw/xn(0/0),m_num(0x0)
D/EisDrv  (  211): [p1TuningNotify]me_ctrl2(0x0000606c)
D/aaa_hal (  211): [AFThread] sem_post g_semAFThreadstart, semAFProcEnd before wait = 1
D/MtkCam/DCNode(  211): [0::doNotifyCb]3APROC_FINISH:0x000008DE,0x00000003
D/aaa_hal/3Athread(  211): rCmd(10), magic#(2270)-
I/GL2JNIView(12964): -------------------DOOO-1
I/libgl2jni(12964): --DRAWING--: 2268
I/libgl2jni(12964): --NOT EMPTY--
I/GL2JNIView(12964): -------------------DOOO-1
I/libgl2jni(12964): --DRAWING--: 2268
I/libgl2jni(12964): --NOT EMPTY--
D/aaa_hal (  211): [Hal3A::AFThreadFunc] AF waitIrq done
D/flashlight_drv.cpp(  211): isOn()
D/flashlight_drv.cpp(  211): 
D/flash_mgr_m.cpp(  211): isAFLampOn 0
D/af_mgr  (  211): DoAFTG1 [XY]16 16 [Sz]266 198  [G]21 30 43 62 89 127 180 [Hz]1632 
D/AfAlgo  (  211): [AfAlgo][handleAF]Mode=3,Status=0,StatusC=7,AFSTrigger=0,AFC_FirstTime=0,StepPos=120,PreRunCnt=0,IsMonitorFV=1,AFMark=3,AFCounter=0
D/EisDrv  (  211): [UpdateEisoIdx]Eiso:idx(1->2),NEXT(va,pa)=(0xb423e200,0x06a00200)
D/EisDrv  (  211): [UpdateEisoIdx]post mTsSem
D/EisDrv  (  211): [UpdateEiso]Eiso:idx(2),PA(0x06a00200)
D/EisDrv  (  211): [UpdateEiso]-
I/iio/ifunc(  211): [dequeueHwBuf] pass1:i(0),dma(8),id(0x0),size(0xed4e0),xsize(0x707),VA(0xae9bd000),PA(0x4100000),count(1),cur sof(224),frm_cnt(223),mag(0x8dd)
D/NormalPipe(  211): [MyDeQ:0]PortId(15),va=0xae9bd000,BufHeader=0xabe2c9e0,PixelId=0, MNum=0x8dd, rrzDstSz=960,540,rrzSrcSz=1632,918
D/AfAlgo  (  211): [AfAlgoCFD]NotfromFDwin 10
D/af_mgr  (  211): [AFStatH]429 [AFStatV]1 [moveMCUTG1] 120
D/MtkCam/P1Node(  211): [0:dequeLoop] frame 2271: deque-,1
D/MtkCam/DCNode(  211): [0::onNotify](0x00000080,0x000008DF,0x000008DD)
D/aaa_hal/3Athread(  211): [addCommandQ] mCmdQ size(1) + cmd(10) magic(2271)
D/aaa_hal (  211): [AFThread] semAFProcEnd before post = 0
D/MtkCam/ISC(  211): [getPass1Crop] 0: TS(4),# 0x8DF,IsR(1),ZR(0,100/100),C(0,153,1632x918),S(960x540)
D/MtkCam/P1Node(  211): [updateDeque] deq port 0x1010f, buf 0xb7dc2e40, t 7811012112000
D/MtkCam/ISC(  211): [addPass1Info] 0: TS(1),# 0x8DD,VA(0xB7DC2E40),IsR(1),IsNew(1)
D/EisHal  (  211): [DoEis]EisIn(956,536),P1T(796,446)
D/EisDrv  (  211): [GetEisHwStatistic]wait mTsSem(7811012112000)
D/EisDrv  (  211): [GetEisHwStatistic]got mTsSem
D/EisDrv  (  211): [GetEisHwStatistic]pEisoAddr(0xb423e000)
D/EisHal  (  211): [PrepareEisResult]cmvX(20480),cmvY(11520)
D/EisHal  (  211): [PrepareEisResult]X(80,0),Y(45,0)
D/MtkCam/P2Node(  211): [0:pushBuf] size 1, data 31, buf 0xb7dc2e40
I/iio/ifunc(  211): [enqueueHwBuf] pass1:dma(8),id(0),size(0xed4e0),VA(0xae9bd000),PA(0x4100000),S/C(0/0),bufidx(0),replace:new(0x1c00000),bufidx(0)
D/MtkCam/P1Node(  211): [0:processBufOp] replace port 0x1010f old/new 0xb7dc2e40/0xb7816790 va 0xae9bd000/0xae4c7000
D/MtkCam/P1Node(  211): [0:dequeLoop] frame 2272: deque+
I/iio/ifunc(  211): [waitBufReady] waitBufReady[8]:[1,ffffffff] rtBufCtrl.ctrl(3)/id(8)/ptr(0xaed8e9cc)
D/MtkCam/BaseHeap(  211): [Cam1Heap::onCreate] [MtkCam/DBHdl] this:0xb7678670 960x540 format:0x32315659
I/Drv/IMem(  211): Drv/IMem[mapPhyAddr] mID(0x146),size(0x7e900),VA(xaf184000),PA(0x7800000),S/C(0/0)
I/Drv/IMem(  211): Drv/IMem[mapPhyAddr] mID(0x146),size(0x1fa40),VA(xaf202900),PA(0x7800000),S/C(0/0)
I/Drv/IMem(  211): Drv/IMem[mapPhyAddr] mID(0x146),size(0x1fa40),VA(xaf222340),PA(0x7800000),S/C(0/0)
D/MtkCam/DBHdl(  211): [:dequeBuffer]buf(0xb76bbc50),VA(0xAF184000/0xAF202900/0xAF222340),BS(518400=518400+129600+129600),Id(326),F(0x32315659),S(960x540),Str(960,480,480),R(0),U(3)
D/MtkCam/BaseHeap(  211): [Cam1Heap::onCreate] [MtkCam/DBHdl] this:0xb76ad0a0 960x540 format:0x11
I/Drv/IMem(  211): Drv/IMem[mapPhyAddr] mID(0x13d),size(0x7e900),VA(xaf3c0000),PA(0x7900000),S/C(0/0)
I/Drv/IMem(  211): Drv/IMem[mapPhyAddr] mID(0x13d),size(0x3f480),VA(xaf43e900),PA(0x7900000),S/C(0/0)
D/MtkCam/DBHdl(  211): [:dequeBuffer]buf(0xb76bde28),VA(0xAF3C0000/0xAF43E900/0x00000000),BS(518400=518400+259200+0),Id(317),F(0x00000011),S(960x540),Str(960,960,0),R(0),U(0)
D/MtkCam/ISC(  211): [getPass2Info] 0: ImgBuf(0xB7DC2E40),# 0x8DD,PD(0xABE2C9E0/144),ZR(0,100/100),S(960x540),C(0,0,960x540)
D/MtkCam/P2Node(  211): [0:enquePass2] i 0 data 31, buf 0xb7dc2e40, va 0xae9bd000, # 0x8DD, type 5 cnt 2268
D/MtkCam/P2Node(  211): [0:enquePass2] data 41, buf 0xb76bbc50, va 0xaf184000, tans 0 usg 3
D/MtkCam/P2Node(  211): [0:enquePass2] data 43, buf 0xb76bde28, va 0xaf3c0000, tans 0 usg 0
D/MtkCam/FeaturePipe(  211): [enqueFeatureGraph] FrameNo(2269)
I/iio/path(  211): [getNr3dGain] softScenario(0),magicNum(0x8dd)
I/IspDrv  (  211): {IspDrv} [deTuningQueByCq] +,path(1),eCq(8),p2Cq(0),magic#(0x8dd),curRP2Idx(-1),curWIdx(35)
D/EisHal  (  211): [GetEisInfoAtP2]FeaturePipe_3DNR(1)
I/MtkCam/FeaturePipe(  211): [P2A:threadLoopUpdate] gmv_ana,frm[2269],gmv(x,y)=[    0,    0],IsSupportEis(1),SenorIdx(0),NmvX/Y(    0,    0)(ori     0,    0),CmvX/Y(   80,   45)(diff     0,    0)(ori    80,   45),x/yInt(   80,   45),x/yFlt(        0,        0),DoEisCount(2271),ConfidX/y(0,0),EisTS(7811012112000),ImgiTS(7811012112000),GnZoCnt(0)
D/MtkCam/FeaturePipeDataHdl(  211): [getBuffer] data(1003), trans(0)
D/MtkCam/FeaturePipeDataHdl(  211): [getBuffer] -
I/MtkCam/FeaturePipe(  211): [P2A:threadLoopUpdate] [P2A sets IMG3O mvOut] 3dnrSM0(2 S0P1W2),ES(0x00 FsSzDfLrIn),WH(960,540),OfstXY(0,0),mem<va(0xad513000)/pa(0x4900000)/TS(7811012112000)/size(0x7e900)>
I/MtkCam/FeaturePipe(  211): [P2A:threadLoopUpdate] [P2A sets VIPI mvIn  ] 3dnrSM1(2 S0P1W2),ES(0x00 FsSzDfLrIn),WH(960,540),OfstXY(0,0),mem<va(0xabf67000)/pa(0x5f00000)/TS(7810892024000)/size(0x7e900)>,mPrvQueSz(1),imgSizeWH(960,540),PrvWH(960,540),ExtOfstByte(0)
I/MtkCam/FeaturePipe(  211): [P2A:threadLoopUpdate] 3dnrSM2(2 S0P1W2),ES(0x00 FsSzDfLrIn),NmvX/Y(0, 0).Img3oOfX/Y(0, 0),onOfX/Y(0, 0).onW/H(960, 540).VipiOff/W/H(0, 960, 540).MaxIsoInc(100)
I/MtkCam/FeaturePipe(  211): [P2A:threadLoopUpdate] FStrm enq (frame 2269)
I/Iop/P2PPWp(  211): [enque] +
I/Iop/P2PPWp(  211): [enque] batch(1),in/out(4/5)
I/Iop/P2PPWp(  211): [enque] dmaEnPort(0x0000c809),featureEntag (0x1),q(0),pvd(0xabe2c9e0)
I/iio/ppp (  211): [configPipe] vInPorts:[0]:(0x111),w(960),h(540),stride(1800,0,0),type(0),idx(4),dir(0),Size(0x000ed4e0,0x00000000,0x00000000),VA(0xae9bd000,0x00000000,0x00000000),PA(0x04100000,0x00000000,0x00000000),memID(0x154,0x0,0x0),magicNum(0x8dd)
I/iio/ppp (  211): [configPipe] [Imgi][crop_1](x,f_x,y,f_y)=(0,0,0,0),(w,h,tarW,tarH)=(960,540,960,540)--[crop_2](x,f_x,y,f_y)=(0,0,0,0),(w,h,tarW,tarH)=(960,540,960,540),pass2_CQ(8),dupCqIdx(0)
I/iio/ppp (  211): [configPipe] vInPorts:[1]:(0x32315659),w(960),h(540),stride(960,480,480),type(0),idx(7),dir(0),Size(0x0007e900,0x0001fa40,0x0001fa40),VA(0xabf67000,0xabfe5900,0xac005340),PA(0x05f00000,0x05f7e900,0x05f9e340),memID(0x166,0x166,0x166),magicNum(0x8dd)
I/iio/ppp (  211): [configPipe] vOutPorts:[0]:(0x32315659),w(960),h(540),stride(960,480,480),type(0),idx(31),dir(1),Size(0x0007e900,0x0001fa40,0x0001fa40),VA(0xaf184000,0xaf202900,0xaf222340),PA(0x07800000,0x0787e900,0x0789e340),memID(0x146,0x146,0x146)
I/iio/ppp (  211): [configPipe] vOutPorts:[1]:(0x11),w(960),h(540),stride(960,960,0),type(0),idx(30),dir(1),Size(0x0007e900,0x0003f480,0x00000000),VA(0xaf3c0000,0xaf43e900,0x00000000),PA(0x07900000,0x0797e900,0x00000000),memID(0x13d,0x13d,0x0)
I/iio/ppp (  211): [configPipe] vOutPorts:[2]:(0x32315659),w(960),h(540),stride(960,480,480),type(0),idx(21),dir(1),Size(0x0007e900,0x0001fa40,0x0001fa40),VA(0xad513000,0xad591900,0xad5b1340),PA(0x04900000,0x0497e900,0x0499e340),memID(0x164,0x164,0x164)
I/iio/ppp (  211): [configPipe] IMG3O cpoft(0/0)
I/iio/ppp (  211): [configPipe] [vipi]ofst(0),rW/H(960/540)
I/iio/ppp (  211): [configPipe] drvScenario(6),mdpCheck1(1),mdpCheck2(0),crop1TableIdx(1)
I/iio/ppp (  211): [configPipe] Pass(0),imgi.fmt(0x111),meScenarioID(6),isCropG1En(0),m_CrzEn(0),mdpSrcFmt(0x111),mdp_src(960,540,1800,0),en_p2_dma(0x0060071d),crop1TableIdx(1),mdpCheck1(1),mdpCheck2(0),drvScenario(6)
I/iio/pathp2(  211): [config] +,CamPathPass2:tdri(1),dupCqIdx(0),burstQueIdx(0)
I/iio/pathp2(  211): [config] cq(8),drvScenario(6),hwScenario(6),sub_mode(0) p2_en(0xdc008628),p2_dma(0x0060071d),burstQueIdx(0)
I/iio/ifunc(  211): [_config] [P2]en(0xdc008628),EnDma(0x0060071d),ctlSel(0x0000164c),intEn(0x00000000),fmtSel(0x00010001),cqEn(0x00000001)
I/IspDrv  (  211): {IspDrv} [deTuningQueByCq] +,path(1),eCq(8),p2Cq(0),magic#(0x8dd),curRP2Idx(-1),curWIdx(35)
I/iio/ifunc(  211): [_config] cq(8),isApplyTuning(1),p2TuningEn(0x00033a6c),p2TuningEnTag(0x00037856),P2EnDmaConfig(0x0060071d),p2TuningDmaTag(0x00000000),p2EnConfig(0xdc03be6c),p2TuningDma(0x00000000)
I/IspDrv  (  211): {IspDrv} [deTuningQueByCq] +,path(1),eCq(8),p2Cq(0),magic#(0x8dd),curRP2Idx(-1),curWIdx(35)
I/IspDrv  (  211): {IspDrv} [deTuningQueByCq] +,path(1),eCq(8),p2Cq(0),magic#(0x8dd),curRP2Idx(-1),curWIdx(35)
I/IspDrv  (  211): {IspDrv} [deTuningQueByCq] +,path(1),eCq(8),p2Cq(0),magic#(0x8dd),curRP2Idx(-1),curWIdx(35)
I/IspDrv  (  211): {IspDrv} [deTuningQueByCq] +,path(1),eCq(8),p2Cq(0),magic#(0x8dd),curRP2Idx(-1),curWIdx(35)
I/IspDrv  (  211): {IspDrv} [deTuningQueByCq] +,path(1),eCq(8),p2Cq(0),magic#(0x8dd),curRP2Idx(-1),curWIdx(35)
I/IspDrv  (  211): {IspDrv} [deTuningQueByCq] +,path(1),eCq(8),p2Cq(0),magic#(0x8dd),curRP2Idx(-1),curWIdx(35)
I/IspDrv  (  211): {IspDrv} [deTuningQueByCq] +,path(1),eCq(8),p2Cq(0),magic#(0x8dd),curRP2Idx(-1),curWIdx(35)
I/iio/ifunc(  211): [_enable] path(16),start(1),isP2IspOnly(0),dupCqIdx(0),burstQueIdx(0),SCEN(6)
I/MdpMgr  (  211): {MdpMgr} [startMdp] +,cqIndx(8),sceID(6),cqPA(0x1e06180),tpipVa(0xaf7e0000),tpipPa(0x2200000),isWaitBuf(1),venc(0)
I/MdpMgr  (  211): {MdpMgr} [_startMdp] [mdpSrc]srcFmt(0x111,W(960),H(540),stride(1800,0),size(0xed4e0-0x1e0-0x10e),VA(0xae9bd000),PA(0x 4100000)-[src_crop]X(0),FloatX(0),Y(0),FloatY(0),W(960),H(540),planeN(1)
I/MdpMgr  (  211): {MdpMgr} [_startMdp] index(0),capbility(3),fmt(51644520),rot(0),flip(0),(w,h,s)=(960,540,960),C(w,h,s)=(480,270,480),V(w,h,s)=(480,270,480),dpStreamtype(1),mdpindx(0)
I/MdpMgr  (  211): {MdpMgr} [_startMdp] dstSizeList=(0x   7e900,0x   1fa40,0x   1fa40),dstVirList=(0xaf184000,0xaf202900,0xaf222340),dstPhyList=(0x 7800000,0x 787e900,0x 789e340),plane num(2)
I/MdpMgr  (  211): {MdpMgr} [_startMdp] index(1),capbility(0),fmt(39061612),rot(0),flip(0),(w,h,s)=(960,540,960),C(w,h,s)=(480,270,960),V(w,h,s)=(0,0,0),dpStreamtype(1),mdpindx(0)
I/MdpMgr  (  211): {MdpMgr} [_startMdp] dstSizeList=(0x   7e900,0x   3f480,0x       0),dstVirList=(0xaf3c0000,0xaf43e900,0x       0),dstPhyList=(0x 7900000,0x 797e900,0x       0),plane num(1)
D/MDP     (  211): DpIsp: in: (960, 540, 1800, 0, C21, P2)
D/MDP     (  211): DpIsp: out0: (960, 540, 960, 480, C8s, P2), misc: (R:0, F:0, S:1, D:0, T:0)
D/MDP     (  211): DpIsp: out1: (960, 540, 960, 960, C12s, P2), misc: (R:0, F:0, S:0, D:0, T:0)
D/MDP     (  211): DpIsp: crop: (0, 0, 960, 540)
I/MdpMgr  (  211): {MdpMgr} [_startMdp] -
I/Iop/P2PPWp(  211): [enque] ecID(0xb7864f5c),tag(1)
I/Iop/P2PPWp.TD(  211): [dequeueJudgement] +
I/MdpMgr  (  211): {MdpMgr} [dequeueBuf] +,cqIndx(8),sceID(6),deqIndex(1),isWaitBuf(1)
I/GL2JNIView(12964): -------------------DOOO-1
I/libgl2jni(12964): --DRAWING--: 2268
I/MdpMgr  (  211): {MdpMgr} [dequeueBuf] +,cqIndx(8),sceID(6),deqIndex(2),isWaitBuf(1)
I/iio/ppp (  211): [dequeInBuf] dequeInBuf:tid(13077),dequeCq(8),PortID:(type, index, inout, timeout)=(0, 7, 0, -1)
I/iio/ppp (  211): [dequeInBuf] dequeInBuf:tid(13077),dequeCq(8),PortID:(type, index, inout, timeout)=(0, 4, 0, -1)
I/MdpMgr  (  211): {MdpMgr} [dequeueBuf] +,cqIndx(8),sceID(6),deqIndex(0),isWaitBuf(1)
D/MDP     (  211): DpIsp: 0xb7e8ba78, src 0 ms
I/Iop/P2PPWp.TD(  211): [doDequeue] FmvOut(0x7800000),dCq(8/0)
D/MtkCam/FeaturePipe(  211): [performCallback] FeatureGraph callback FrameNo(2269)
D/MtkCam/FeaturePipeDataHdl(  211): [returnBuffer] data(1003), buf(0xb7ebda98)
D/MtkCam/P2Node(  211): [0:handleP2Done] type 5: cnt 2268 in 1 out 2
D/MtkCam/ISC(  211): [dropPass2Info] Erase # 0x8DD,ImgBuf(0xB7DC2E40),IsR(1)
I/libgl2jni(12964): --NOT EMPTY--
D/MtkCam/DBHdl(  211): [:enqueBuffer]buf(0xb76bbc50),VA(0xAF184000),BS(518400),Id(326),TS(7811.012112),F(0x32315659),S(960x540),Str(960,480,480)
D/MtkCam/DisplayClient(  211): [handleReturnBuffers] + (120) 34ms < Duration(121)
D/MtkCam/DisplayClient(  211): [handleReturnBuffers] Show frame:0 1 [ion:326 0xaf184000/777600 7811012112000]
D/MtkCam/DBHdl(  211): [:enqueBuffer]buf(0xb76bde28),VA(0xAF3C0000),BS(518400),Id(317),TS(7811.012112),F(0x00000011),S(960x540),Str(960,960,0)
I/Iop/P2PPWp.TD(  211): [doDequeue] -,cb(549 us)
I/BufferQueue(12964): [unnamed-12964-1](this:0x7e6b4b88,id:1,api:4,p:211,c:12964) queueBuffer: slot 6 is dropped, handle=0x7df072b0
I/BufferQueue(12964): [unnamed-12964-1](this:0x7e6b4b88,id:1,api:4,p:211,c:12964) queueBuffer: fps=8.40 dur=1071.75 max=121.73 min=108.24
D/MtkCam/DisplayClient(  211): [handleReturnBuffers] -
D/MtkCam/PrvCB(  211): (13045)[handleReturnBuffers] + 34ms<Duration(120) 34ms<Duration(121)
D/MtkCam/PrvCB(  211): (13045)[handleReturnBuffers] callback:0(1) [0xaf3c0000/777600 0xa49a2e80] CookieDE:0x71a
D/MtkCam/DisplayClient(  211): [waitAndHandleReturnBuffers] +
I/libgl2jni(12964): READ 0
I/GL2JNIView(12964): -------------------DOOO-1
I/libgl2jni(12964): --DRAWING--: 2269
D/MtkCam/PrvCB(  211): (13045)[handleReturnBuffers] -
D/MtkCam/PrvCB(  211): (13045)[waitAndHandleReturnBuffers] +
I/libgl2jni(12964): --NOT EMPTY--
I/GL2JNIView(12964): -------------------DOOO-1
I/libgl2jni(12964): --DRAWING--: 2269
I/libgl2jni(12964): --NOT EMPTY--
I/GL2JNIView(12964): -------------------DOOO-1
I/libgl2jni(12964): --DRAWING--: 2269
I/libgl2jni(12964): --NOT EMPTY--
I/GL2JNIView(12964): -------------------DOOO-1
I/libgl2jni(12964): --DRAWING--: 2269
D/aaa_hal (  211): [Timer:start: VS Timer, SensorDevId: 1] timer start. bClrTime=1
D/aaa_hal/3Athread(  211): CmdQ-size(1), todo(10, 2271)
D/aaa_hal (  211): [Timer:End: VS Timer, SensorDevId: 1] =====> time(ms): current=0.040923,   sum=0.040923
D/        (  211): [AAA_Scheduler::importWork]+, mNormalizeM=1, mSensorDevId=1
D/AeAlgo  (  211): [getFlareAlgo] i2FlareOffset:0, Max_Step_gap: 4, gain:0
D/ae_mgr  (  211): [doPvAE()] i4SensorDev:1 AE Wait Vd frame:2 Enable:1 avgY:566
D/ae_mgr  (  211): [UpdateSensorISPParams:s] i4SensorDev:1 VDNum 2, Prev 119987/10512/1045, Cur 119987/10512/1512, Output 119987/10512/1512 Smooth:1
I/libgl2jni(12964): --NOT EMPTY--
D/awb_state(  211): [Searching::sendIntent]<eIntent_AWBScan>
D/aaa_state_camera_preview(  211): lv(26),cct(3747),rgain(802),bgain(512),ggain(1124),fluoidx(100), dayflouidx(2)
D/aaa_sensor_mgr(  211): setFlickerFrameRateActive en=0
D/flicker_hal.cpp(  211): U 58968
D/flicker_hal.cpp(  211): A ln=691 cnt=58969
D/flicker_hal.cpp(  211): The exposure time is too long, skip flicker detection:119987
D/flicker_hal.cpp(  211): Status:50, 119987
D/flicker_hal.cpp(  211): getFlickerStatus 0
I/TuningMgr(  211): [byPassSetting] +,scenario(0),MagicNum(2271)
I/IspDrv  (  211): {IspDrv} [bypassTuningQue] +,softScenario(0),magicNum(0x8df)
I/IspDrv  (  211): {IspDrv} [bypassTuningQue] p2Cq(0),pre-curWriteIdx(35),next-curWriteIdx(36)
I/IspDrv  (  211): {IspDrv} [deTuningQueByCq] +,path(0),eCq(8),p2Cq(0),magic#(0x8df),curRP2Idx(-1),curWIdx(36)
I/iio/ifunc(  211): [_config] ISP_RAW_PIPE::_config(setP1RrzCfg:0x1_0xffffffff):NonTwin lsc_en=1 E:path(1),rrz_in_w/h(1632/1224),rrz_crop_x/y/fx/fy/w/h(0/153/0/0/1632/918),rrz_out_w/h(960/540), sd_lw/xn(0/0),m_num(0x0)
D/EisDrv  (  211): [p1TuningNotify]me_ctrl2(0x0000606c)
D/aaa_hal (  211): [AFThread] sem_post g_semAFThreadstart, semAFProcEnd before wait = 1
D/MtkCam/DCNode(  211): [0::doNotifyCb]3APROC_FINISH:0x000008DF,0x00000003
D/aaa_hal/3Athread(  211): rCmd(10), magic#(2271)-
I/GL2JNIView(12964): -------------------DOOO-1
I/libgl2jni(12964): --DRAWING--: 2269
I/libgl2jni(12964): --NOT EMPTY--
D/aaa_hal (  211): [Hal3A::AFThreadFunc] AF waitIrq done
D/flashlight_drv.cpp(  211): isOn()
D/flashlight_drv.cpp(  211): 
D/flash_mgr_m.cpp(  211): isAFLampOn 0
D/af_mgr  (  211): DoAFTG1 [XY]16 16 [Sz]266 198  [G]21 30 43 62 89 127 180 [Hz]1632 
D/AfAlgo  (  211): [AfAlgo][handleAF]Mode=3,Status=0,StatusC=7,AFSTrigger=0,AFC_FirstTime=0,StepPos=120,PreRunCnt=0,IsMonitorFV=1,AFMark=3,AFCounter=0
D/EisDrv  (  211): [UpdateEisoIdx]Eiso:idx(2->3),NEXT(va,pa)=(0xb423e300,0x06a00300)
D/EisDrv  (  211): [UpdateEisoIdx]post mTsSem
D/AfAlgo  (  211): [AfAlgo][getGMR][x] 697, [iso] 400, 800, [gmr] 21, 20 [gmr1] 21
D/EisDrv  (  211): [UpdateEiso]Eiso:idx(3),PA(0x06a00300)
D/AfAlgo  (  211): [AfAlgoC][FVChange][ISO]697 [HW_TH0]4 [HW_TH2]7 [GMR]21 30 43
D/af_mgr  (  211): [AFStatH]359 [AFStatV]4 [moveMCUTG1] 120
D/EisDrv  (  211): [UpdateEiso]-
D/af_mgr  (  211): [setAFWinConfig][cnt]1[w]293[h]293[x]669[y]465
I/iio/ifunc(  211): [dequeueHwBuf] pass1:i(0),dma(8),id(0x0),size(0xed4e0),xsize(0x707),VA(0xaeae3000),PA(0x1a00000),count(1),cur sof(225),frm_cnt(224),mag(0x8de)
D/NormalPipe(  211): [MyDeQ:0]PortId(15),va=0xaeae3000,BufHeader=0xabe2ca78,PixelId=0, MNum=0x8de, rrzDstSz=960,540,rrzSrcSz=1632,918
D/aaa_hal (  211): [AFThread] semAFProcEnd before post = 0
D/MtkCam/P1Node(  211): [0:dequeLoop] frame 2272: deque-,1
D/MtkCam/DCNode(  211): [0::onNotify](0x00000080,0x000008E0,0x000008DE)
D/aaa_hal/3Athread(  211): [addCommandQ] mCmdQ size(1) + cmd(10) magic(2272)
D/MtkCam/ISC(  211): [getPass1Crop] 0: TS(4),# 0x8E0,IsR(1),ZR(0,100/100),C(0,153,1632x918),S(960x540)
D/MtkCam/P1Node(  211): [updateDeque] deq port 0x1010f, buf 0xb812ac90, t 7811132206000
D/MtkCam/ISC(  211): [addPass1Info] 0: TS(1),# 0x8DE,VA(0xB812AC90),IsR(1),IsNew(1)
D/EisHal  (  211): [DoEis]EisIn(956,536),P1T(796,446)
D/EisDrv  (  211): [GetEisHwStatistic]wait mTsSem(7811132206000)
D/EisDrv  (  211): [GetEisHwStatistic]got mTsSem
D/EisDrv  (  211): [GetEisHwStatistic]pEisoAddr(0xb423e100)
D/EisHal  (  211): [PrepareEisResult]cmvX(20480),cmvY(11520)
D/EisHal  (  211): [PrepareEisResult]X(80,0),Y(45,0)
D/MtkCam/P2Node(  211): [0:pushBuf] size 1, data 31, buf 0xb812ac90
I/iio/ifunc(  211): [enqueueHwBuf] pass1:dma(8),id(0),size(0xed4e0),VA(0xaeae3000),PA(0x1a00000),S/C(0/0),bufidx(1),replace:new(0x4100000),bufidx(1)
D/MtkCam/P1Node(  211): [0:processBufOp] replace port 0x1010f old/new 0xb812ac90/0xb7dc2e40 va 0xaeae3000/0xae9bd000
D/MtkCam/P1Node(  211): [0:dequeLoop] frame 2273: deque+
I/iio/ifunc(  211): [waitBufReady] waitBufReady[8]:[1,ffffffff] rtBufCtrl.ctrl(3)/id(8)/ptr(0xaed8e9cc)
D/MtkCam/BaseHeap(  211): [Cam1Heap::onCreate] [MtkCam/DBHdl] this:0xb76ad0a0 960x540 format:0x32315659
I/Drv/IMem(  211): Drv/IMem[mapPhyAddr] mID(0x147),size(0x7e900),VA(xaf0c4000),PA(0x7a00000),S/C(0/0)
I/Drv/IMem(  211): Drv/IMem[mapPhyAddr] mID(0x147),size(0x1fa40),VA(xaf142900),PA(0x7a00000),S/C(0/0)
I/Drv/IMem(  211): Drv/IMem[mapPhyAddr] mID(0x147),size(0x1fa40),VA(xaf162340),PA(0x7a00000),S/C(0/0)
D/MtkCam/DBHdl(  211): [:dequeBuffer]buf(0xb76bd8e8),VA(0xAF0C4000/0xAF142900/0xAF162340),BS(518400=518400+129600+129600),Id(327),F(0x32315659),S(960x540),Str(960,480,480),R(0),U(3)
D/MtkCam/BaseHeap(  211): [Cam1Heap::onCreate] [MtkCam/DBHdl] this:0xb7678670 960x540 format:0x11
I/Drv/IMem(  211): Drv/IMem[mapPhyAddr] mID(0x140),size(0x7e900),VA(xaf302000),PA(0x7b00000),S/C(0/0)
I/Drv/IMem(  211): Drv/IMem[mapPhyAddr] mID(0x140),size(0x3f480),VA(xaf380900),PA(0x7b00000),S/C(0/0)
D/MtkCam/DBHdl(  211): [:dequeBuffer]buf(0xb76bbc50),VA(0xAF302000/0xAF380900/0x00000000),BS(518400=518400+259200+0),Id(320),F(0x00000011),S(960x540),Str(960,960,0),R(0),U(0)
D/MtkCam/ISC(  211): [getPass2Info] 0: ImgBuf(0xB812AC90),# 0x8DE,PD(0xABE2CA78/144),ZR(0,100/100),S(960x540),C(0,0,960x540)
D/MtkCam/P2Node(  211): [0:enquePass2] i 0 data 31, buf 0xb812ac90, va 0xaeae3000, # 0x8DE, type 5 cnt 2269
D/MtkCam/P2Node(  211): [0:enquePass2] data 41, buf 0xb76bd8e8, va 0xaf0c4000, tans 0 usg 3
D/MtkCam/P2Node(  211): [0:enquePass2] data 43, buf 0xb76bbc50, va 0xaf302000, tans 0 usg 0
D/MtkCam/FeaturePipe(  211): [enqueFeatureGraph] FrameNo(2270)
I/iio/path(  211): [getNr3dGain] softScenario(0),magicNum(0x8de)
I/IspDrv  (  211): {IspDrv} [deTuningQueByCq] +,path(1),eCq(8),p2Cq(0),magic#(0x8de),curRP2Idx(-1),curWIdx(36)
D/EisHal  (  211): [GetEisInfoAtP2]FeaturePipe_3DNR(1)
I/MtkCam/FeaturePipe(  211): [P2A:threadLoopUpdate] gmv_ana,frm[2270],gmv(x,y)=[    0,    0],IsSupportEis(1),SenorIdx(0),NmvX/Y(    0,    0)(ori     0,    0),CmvX/Y(   80,   45)(diff     0,    0)(ori    80,   45),x/yInt(   80,   45),x/yFlt(        0,        0),DoEisCount(2272),ConfidX/y(0,0),EisTS(7811132206000),ImgiTS(7811132206000),GnZoCnt(0)
D/MtkCam/FeaturePipeDataHdl(  211): [getBuffer] data(1003), trans(0)
D/MtkCam/FeaturePipeDataHdl(  211): [getBuffer] -
I/MtkCam/FeaturePipe(  211): [P2A:threadLoopUpdate] [P2A sets IMG3O mvOut] 3dnrSM0(2 S0P1W2),ES(0x00 FsSzDfLrIn),WH(960,540),OfstXY(0,0),mem<va(0xaca3d000)/pa(0x5400000)/TS(7811132206000)/size(0x7e900)>
I/MtkCam/FeaturePipe(  211): [P2A:threadLoopUpdate] [P2A sets VIPI mvIn  ] 3dnrSM1(2 S0P1W2),ES(0x00 FsSzDfLrIn),WH(960,540),OfstXY(0,0),mem<va(0xad513000)/pa(0x4900000)/TS(7811012112000)/size(0x7e900)>,mPrvQueSz(1),imgSizeWH(960,540),PrvWH(960,540),ExtOfstByte(0)
I/MtkCam/FeaturePipe(  211): [P2A:threadLoopUpdate] 3dnrSM2(2 S0P1W2),ES(0x00 FsSzDfLrIn),NmvX/Y(0, 0).Img3oOfX/Y(0, 0),onOfX/Y(0, 0).onW/H(960, 540).VipiOff/W/H(0, 960, 540).MaxIsoInc(100)
I/MtkCam/FeaturePipe(  211): [P2A:threadLoopUpdate] FStrm enq (frame 2270)
I/Iop/P2PPWp(  211): [enque] +
I/Iop/P2PPWp(  211): [enque] batch(1),in/out(4/5)
I/Iop/P2PPWp(  211): [enque] dmaEnPort(0x0000c809),featureEntag (0x1),q(0),pvd(0xabe2ca78)
I/iio/ppp (  211): [configPipe] vInPorts:[0]:(0x111),w(960),h(540),stride(1800,0,0),type(0),idx(4),dir(0),Size(0x000ed4e0,0x00000000,0x00000000),VA(0xaeae3000,0x00000000,0x00000000),PA(0x01a00000,0x00000000,0x00000000),memID(0x14d,0x0,0x0),magicNum(0x8de)
I/iio/ppp (  211): [configPipe] [Imgi][crop_1](x,f_x,y,f_y)=(0,0,0,0),(w,h,tarW,tarH)=(960,540,960,540)--[crop_2](x,f_x,y,f_y)=(0,0,0,0),(w,h,tarW,tarH)=(960,540,960,540),pass2_CQ(8),dupCqIdx(1)
I/iio/ppp (  211): [configPipe] vInPorts:[1]:(0x32315659),w(960),h(540),stride(960,480,480),type(0),idx(7),dir(0),Size(0x0007e900,0x0001fa40,0x0001fa40),VA(0xad513000,0xad591900,0xad5b1340),PA(0x04900000,0x0497e900,0x0499e340),memID(0x164,0x164,0x164),magicNum(0x8de)
I/iio/ppp (  211): [configPipe] vOutPorts:[0]:(0x32315659),w(960),h(540),stride(960,480,480),type(0),idx(31),dir(1),Size(0x0007e900,0x0001fa40,0x0001fa40),VA(0xaf0c4000,0xaf142900,0xaf162340),PA(0x07a00000,0x07a7e900,0x07a9e340),memID(0x147,0x147,0x147)
I/iio/ppp (  211): [configPipe] vOutPorts:[1]:(0x11),w(960),h(540),stride(960,960,0),type(0),idx(30),dir(1),Size(0x0007e900,0x0003f480,0x00000000),VA(0xaf302000,0xaf380900,0x00000000),PA(0x07b00000,0x07b7e900,0x00000000),memID(0x140,0x140,0x0)
I/iio/ppp (  211): [configPipe] vOutPorts:[2]:(0x32315659),w(960),h(540),stride(960,480,480),type(0),idx(21),dir(1),Size(0x0007e900,0x0001fa40,0x0001fa40),VA(0xaca3d000,0xacabb900,0xacadb340),PA(0x05400000,0x0547e900,0x0549e340),memID(0x165,0x165,0x165)
I/iio/ppp (  211): [configPipe] IMG3O cpoft(0/0)
I/iio/ppp (  211): [configPipe] [vipi]ofst(0),rW/H(960/540)
I/iio/ppp (  211): [configPipe] drvScenario(6),mdpCheck1(1),mdpCheck2(0),crop1TableIdx(1)
I/iio/ppp (  211): [configPipe] Pass(0),imgi.fmt(0x111),meScenarioID(6),isCropG1En(0),m_CrzEn(0),mdpSrcFmt(0x111),mdp_src(960,540,1800,0),en_p2_dma(0x0060071d),crop1TableIdx(1),mdpCheck1(1),mdpCheck2(0),drvScenario(6)
I/iio/pathp2(  211): [config] +,CamPathPass2:tdri(1),dupCqIdx(1),burstQueIdx(0)
I/iio/pathp2(  211): [config] cq(8),drvScenario(6),hwScenario(6),sub_mode(0) p2_en(0xdc008628),p2_dma(0x0060071d),burstQueIdx(0)
I/iio/ifunc(  211): [_config] [P2]en(0xdc008628),EnDma(0x0060071d),ctlSel(0x0000164c),intEn(0x00000000),fmtSel(0x00010001),cqEn(0x00000001)
I/IspDrv  (  211): {IspDrv} [deTuningQueByCq] +,path(1),eCq(8),p2Cq(0),magic#(0x8de),curRP2Idx(-1),curWIdx(36)
I/iio/ifunc(  211): [_config] cq(8),isApplyTuning(1),p2TuningEn(0x00033a6c),p2TuningEnTag(0x00037856),P2EnDmaConfig(0x0060071d),p2TuningDmaTag(0x00000000),p2EnConfig(0xdc03be6c),p2TuningDma(0x00000000)
I/IspDrv  (  211): {IspDrv} [deTuningQueByCq] +,path(1),eCq(8),p2Cq(0),magic#(0x8de),curRP2Idx(-1),curWIdx(36)
I/IspDrv  (  211): {IspDrv} [deTuningQueByCq] +,path(1),eCq(8),p2Cq(0),magic#(0x8de),curRP2Idx(-1),curWIdx(36)
I/IspDrv  (  211): {IspDrv} [deTuningQueByCq] +,path(1),eCq(8),p2Cq(0),magic#(0x8de),curRP2Idx(-1),curWIdx(36)
I/IspDrv  (  211): {IspDrv} [deTuningQueByCq] +,path(1),eCq(8),p2Cq(0),magic#(0x8de),curRP2Idx(-1),curWIdx(36)
I/IspDrv  (  211): {IspDrv} [deTuningQueByCq] +,path(1),eCq(8),p2Cq(0),magic#(0x8de),curRP2Idx(-1),curWIdx(36)
I/IspDrv  (  211): {IspDrv} [deTuningQueByCq] +,path(1),eCq(8),p2Cq(0),magic#(0x8de),curRP2Idx(-1),curWIdx(36)
I/IspDrv  (  211): {IspDrv} [deTuningQueByCq] +,path(1),eCq(8),p2Cq(0),magic#(0x8de),curRP2Idx(-1),curWIdx(36)
I/iio/ifunc(  211): [_enable] path(16),start(1),isP2IspOnly(0),dupCqIdx(1),burstQueIdx(0),SCEN(6)
I/MdpMgr  (  211): {MdpMgr} [startMdp] +,cqIndx(8),sceID(6),cqPA(0x1e06db0),tpipVa(0xaf7ca000),tpipPa(0x3f00000),isWaitBuf(1),venc(0)
I/MdpMgr  (  211): {MdpMgr} [_startMdp] [mdpSrc]srcFmt(0x111,W(960),H(540),stride(1800,0),size(0xed4e0-0x1e0-0x10e),VA(0xaeae3000),PA(0x 1a00000)-[src_crop]X(0),FloatX(0),Y(0),FloatY(0),W(960),H(540),planeN(1)
I/MdpMgr  (  211): {MdpMgr} [_startMdp] index(0),capbility(3),fmt(51644520),rot(0),flip(0),(w,h,s)=(960,540,960),C(w,h,s)=(480,270,480),V(w,h,s)=(480,270,480),dpStreamtype(1),mdpindx(0)
I/MdpMgr  (  211): {MdpMgr} [_startMdp] dstSizeList=(0x   7e900,0x   1fa40,0x   1fa40),dstVirList=(0xaf0c4000,0xaf142900,0xaf162340),dstPhyList=(0x 7a00000,0x 7a7e900,0x 7a9e340),plane num(2)
I/MdpMgr  (  211): {MdpMgr} [_startMdp] index(1),capbility(0),fmt(39061612),rot(0),flip(0),(w,h,s)=(960,540,960),C(w,h,s)=(480,270,960),V(w,h,s)=(0,0,0),dpStreamtype(1),mdpindx(0)
I/MdpMgr  (  211): {MdpMgr} [_startMdp] dstSizeList=(0x   7e900,0x   3f480,0x       0),dstVirList=(0xaf302000,0xaf380900,0x       0),dstPhyList=(0x 7b00000,0x 7b7e900,0x       0),plane num(1)
D/MDP     (  211): DpIsp: in: (960, 540, 1800, 0, C21, P2)
D/MDP     (  211): DpIsp: out0: (960, 540, 960, 480, C8s, P2), misc: (R:0, F:0, S:1, D:0, T:0)
D/MDP     (  211): DpIsp: out1: (960, 540, 960, 960, C12s, P2), misc: (R:0, F:0, S:0, D:0, T:0)
I/GL2JNIView(12964): -------------------DOOO-1
I/libgl2jni(12964): --DRAWING--: 2269
D/MDP     (  211): DpIsp: crop: (0, 0, 960, 540)
I/MdpMgr  (  211): {MdpMgr} [_startMdp] -
I/Iop/P2PPWp(  211): [enque] ecID(0xb7864f5c),tag(1)
I/Iop/P2PPWp.TD(  211): [dequeueJudgement] +
I/MdpMgr  (  211): {MdpMgr} [dequeueBuf] +,cqIndx(8),sceID(6),deqIndex(1),isWaitBuf(1)
I/libgl2jni(12964): --NOT EMPTY--
I/MdpMgr  (  211): {MdpMgr} [dequeueBuf] +,cqIndx(8),sceID(6),deqIndex(2),isWaitBuf(1)
I/iio/ppp (  211): [dequeInBuf] dequeInBuf:tid(13077),dequeCq(8),PortID:(type, index, inout, timeout)=(0, 7, 0, -1)
I/iio/ppp (  211): [dequeInBuf] dequeInBuf:tid(13077),dequeCq(8),PortID:(type, index, inout, timeout)=(0, 4, 0, -1)
I/MdpMgr  (  211): {MdpMgr} [dequeueBuf] +,cqIndx(8),sceID(6),deqIndex(0),isWaitBuf(1)
D/MDP     (  211): DpIsp: 0xb7e8ba78, src 0 ms
I/Iop/P2PPWp.TD(  211): [doDequeue] FmvOut(0x7a00000),dCq(8/1)
D/MtkCam/FeaturePipe(  211): [performCallback] FeatureGraph callback FrameNo(2270)
D/MtkCam/FeaturePipeDataHdl(  211): [returnBuffer] data(1003), buf(0xb7f7e198)
D/MtkCam/P2Node(  211): [0:handleP2Done] type 5: cnt 2269 in 1 out 2
D/MtkCam/ISC(  211): [dropPass2Info] Erase # 0x8DE,ImgBuf(0xB812AC90),IsR(1)
D/MtkCam/DBHdl(  211): [:enqueBuffer]buf(0xb76bd8e8),VA(0xAF0C4000),BS(518400),Id(327),TS(7811.132206),F(0x32315659),S(960x540),Str(960,480,480)
D/MtkCam/DisplayClient(  211): [handleReturnBuffers] + (120) 34ms < Duration(121)
D/MtkCam/DisplayClient(  211): [handleReturnBuffers] Show frame:0 1 [ion:327 0xaf0c4000/777600 7811132206000]
D/MtkCam/DBHdl(  211): [:enqueBuffer]buf(0xb76bbc50),VA(0xAF302000),BS(518400),Id(320),TS(7811.132206),F(0x00000011),S(960x540),Str(960,960,0)
I/BufferQueue(12964): [unnamed-12964-1](this:0x7e6b4b88,id:1,api:4,p:211,c:12964) queueBuffer: slot 0 is dropped, handle=0x7def94c0
I/Iop/P2PPWp.TD(  211): [doDequeue] -,cb(524 us)
D/MtkCam/DisplayClient(  211): [handleReturnBuffers] -
D/MtkCam/PrvCB(  211): (13045)[handleReturnBuffers] + 34ms<Duration(120) 34ms<Duration(120)
D/MtkCam/PrvCB(  211): (13045)[handleReturnBuffers] callback:0(1) [0xaf302000/777600 0xabc2abb0] CookieDE:0x71a
D/MtkCam/DisplayClient(  211): [waitAndHandleReturnBuffers] +
I/libgl2jni(12964): READ 0
I/GL2JNIView(12964): -------------------DOOO-1
I/libgl2jni(12964): --DRAWING--: 2270
D/MtkCam/PrvCB(  211): (13045)[handleReturnBuffers] -
D/MtkCam/PrvCB(  211): (13045)[waitAndHandleReturnBuffers] +
I/libgl2jni(12964): --NOT EMPTY--
I/GL2JNIView(12964): -------------------DOOO-1
I/libgl2jni(12964): --DRAWING--: 2270
I/libgl2jni(12964): --NOT EMPTY--
I/GL2JNIView(12964): -------------------DOOO-1
I/libgl2jni(12964): --DRAWING--: 2270
I/libgl2jni(12964): --NOT EMPTY--
I/GL2JNIView(12964): -------------------DOOO-1
I/libgl2jni(12964): --DRAWING--: 2270
I/libgl2jni(12964): --NOT EMPTY--
D/aaa_hal (  211): [Timer:start: VS Timer, SensorDevId: 1] timer start. bClrTime=1
D/aaa_hal/3Athread(  211): CmdQ-size(1), todo(10, 2272)
D/aaa_hal (  211): [Timer:End: VS Timer, SensorDevId: 1] =====> time(ms): current=0.024230,   sum=0.024230
D/        (  211): [AAA_Scheduler::importWork]+, mNormalizeM=1, mSensorDevId=1
D/ae_mgr  (  211): [AeMgr::setAELock] m_bAELock: 0 1 AEState:2 2
D/AeAlgo  (  211): lockAE:0 1
D/AeAlgo  (  211): [getFlareAlgo] i2FlareOffset:0, Max_Step_gap: 4, gain:0
D/ae_mgr  (  211): [UpdateSensorISPParams:s] i4SensorDev:1 VDNum 0, Prev 119987/10512/1045, Cur 119987/10512/1512, Output 119987/10512/1512 Smooth:1
D/ae_mgr  (  211): [UpdateSensorISPParams:e] i4SensorDev:1 VDNum 0, Delay 0/0/1, Prev 119987/10512/1045, Cur 119987/10512/1512, Output 119987/10512/1512 State:0 FrameRate:83 50 300 Flare Offset:0
D/aaa_hal/3Athread(  211): [postToAESenThread] sem_post semAESen, semAESenThdEnd before wait = 1
D/aaa_hal/3Athread(  211): [AESensorThreadLoop] updateSensorbyI2C
D/SeninfDrvImp(  211): [getInstance][getInstance] 
D/awb_state(  211): [Searching::sendIntent]<eIntent_AWBScan>
D/aaa_state_camera_preview(  211): lv(26),cct(3747),rgain(802),bgain(512),ggain(1124),fluoidx(100), dayflouidx(2)
D/isp_tuning_custom(  211): [IspCamInfo][dump](eIspProfile, eSensorMode, eIdx_Scene)=(0, 0, 0)
D/isp_tuning_custom(  211): [RAWIspCamInfo][dump](eIdx_ISO, u4ISOValue, i4ZoomRatio_x100, i4LightValue_x10)=(3, 697, 100, 26)
D/isp_mgr_lsc(  211): enableLsc 1
D/isp_mgr_lsc(  211): [putAddr] eSensorDev(1), m_eSensorTG(1), u4BaseAddr(0x01f04000)
D/isp_mgr_lsc(  211): [put<NSIspTuning::ISP_NVRAM_LSC_T>
I/TuningMgr(  211): [dequeBuffer] scenario(0),MagicNum(0x8e0)
I/IspDrv  (  211): {IspDrv} [deTuningQueByCq] +,path(2),eCq(8),p2Cq(0),magic#(0x8e0),curRP2Idx(-1),curWIdx(36)
D/isp_mgr_sl2(  211): [apply] eSwScn(0), bSL2_EN(1), u4SL2_EN(1), u4SL2b_EN(1), u4SL2c_EN(1), CAM_SL2_CEN(0x02600337), CAM_SL2_MAX0_RR(0x00016dc4), CAM_SL2_MAX1_RR(0x0005b710), CAM_SL2_MAX2_RR(0x000a2900)
I/TuningMgr(  211): [enqueBuffer] scenario(0),MagicNum(0x8e0)
I/IspDrv  (  211): {IspDrv} [deTuningQueByCq] +,path(0),eCq(8),p2Cq(0),magic#(0x8e0),curRP2Idx(-1),curWIdx(37)
I/iio/ifunc(  211): [_config] ISP_RAW_PIPE::_config(setP1RrzCfg:0x1_0xffffffff):NonTwin lsc_en=1 E:path(1),rrz_in_w/h(1632/1224),rrz_crop_x/y/fx/fy/w/h(0/153/0/0/1632/918),rrz_out_w/h(960/540), sd_lw/xn(0/0),m_num(0x0)
D/EisDrv  (  211): [p1TuningNotify]me_ctrl2(0x0000606c)
D/aaa_hal (  211): [AFThread] sem_post g_semAFThreadstart, semAFProcEnd before wait = 1
D/MtkCam/DCNode(  211): [0::doNotifyCb]3APROC_FINISH:0x000008E0,0x00000003
D/aaa_hal/3Athread(  211): rCmd(10), magic#(2272)-
D/MtkCam/HalSensor(  211): [sendCommand]   Exposure Time: 119987 
D/MtkCam/HalSensor(  211): 
D/SeninfDrvImp(  211): [getInstance][getInstance] 
D/aaa_hal/3Athread(  211): [AESensorThreadLoop] semAESenThdEnd before post = 0
I/BufferQueue(  208): [SurfaceView](this:0xb79e8020,id:175,api:1,p:12964,c:208) queueBuffer: fps=56.23 dur=1013.67 max=23.79 min=16.44
I/GL2JNIView(12964): -------------------DOOO-1
I/libgl2jni(12964): --DRAWING--: 2270
I/libgl2jni(12964): --NOT EMPTY--
D/aaa_hal (  211): [Hal3A::AFThreadFunc] AF waitIrq done
D/flashlight_drv.cpp(  211): isOn()
D/flashlight_drv.cpp(  211): 
D/flash_mgr_m.cpp(  211): isAFLampOn 0
D/af_mgr  (  211): DoAFTG1 [XY]668 464 [Sz]48 48  [G]21 30 43 62 89 127 180 [Hz]1632 
D/AfAlgo  (  211): [AfAlgo][handleAF]Mode=3,Status=0,StatusC=1,AFSTrigger=0,AFC_FirstTime=0,StepPos=120,PreRunCnt=0,IsMonitorFV=0,AFMark=3,AFCounter=0
D/AfAlgo  (  211): [AppVAFC][INIT][fv]50875 [g]68 [AEStbl]1 [ISO]697==========================
D/AfAlgo  (  211): [AppVAFC] no waiting stable
D/af_mgr  (  211): [AFStatH]48367 [AFStatV]836 [moveMCUTG1] 120
I/iio/ifunc(  211): [dequeueHwBuf] pass1:i(0),dma(8),id(0x0),size(0xed4e0),xsize(0x707),VA(0xae8cf000),PA(0x1b00000),count(1),cur sof(226),frm_cnt(225),mag(0x8df)
D/EisDrv  (  211): [UpdateEisoIdx]Eiso:idx(3->4),NEXT(va,pa)=(0xb423e400,0x06a00400)
D/NormalPipe(  211): [MyDeQ:0]PortId(15),va=0xae8cf000,BufHeader=0xabe2c9e0,PixelId=0, MNum=0x8df, rrzDstSz=960,540,rrzSrcSz=1632,918
D/EisDrv  (  211): [UpdateEisoIdx]post mTsSem
D/af_mgr  (  211): [setAFWinConfig][cnt]1[w]293[h]293[x]669[y]465
D/MtkCam/P1Node(  211): [0:dequeLoop] frame 2273: deque-,1
D/EisDrv  (  211): [UpdateEiso]Eiso:idx(4),PA(0x06a00400)
D/MtkCam/DCNode(  211): [0::onNotify](0x00000080,0x000008E1,0x000008DF)
D/EisDrv  (  211): [UpdateEiso]-
D/aaa_hal (  211): [AFThread] semAFProcEnd before post = 0
D/aaa_hal/3Athread(  211): [addCommandQ] mCmdQ size(1) + cmd(10) magic(2273)
D/MtkCam/ISC(  211): [getPass1Crop] 0: TS(4),# 0x8E1,IsR(1),ZR(0,100/100),C(0,153,1632x918),S(960x540)
D/MtkCam/P1Node(  211): [updateDeque] deq port 0x1010f, buf 0xb76acfa8, t 7811252286000
D/MtkCam/ISC(  211): [addPass1Info] 0: TS(1),# 0x8DF,VA(0xB76ACFA8),IsR(1),IsNew(1)
I/GL2JNIView(12964): -------------------DOOO-1
D/EisHal  (  211): [DoEis]EisIn(956,536),P1T(796,446)
I/libgl2jni(12964): --DRAWING--: 2270
D/EisDrv  (  211): [GetEisHwStatistic]wait mTsSem(7811252286000)
D/EisDrv  (  211): [GetEisHwStatistic]got mTsSem
D/EisDrv  (  211): [GetEisHwStatistic]pEisoAddr(0xb423e200)
D/EisHal  (  211): [PrepareEisResult]cmvX(20480),cmvY(11520)
D/EisHal  (  211): [PrepareEisResult]X(80,0),Y(45,0)
D/MtkCam/P2Node(  211): [0:pushBuf] size 1, data 31, buf 0xb76acfa8
I/iio/ifunc(  211): [enqueueHwBuf] pass1:dma(8),id(0),size(0xed4e0),VA(0xae8cf000),PA(0x1b00000),S/C(0/0),bufidx(2),replace:new(0x1a00000),bufidx(2)
D/MtkCam/P1Node(  211): [0:processBufOp] replace port 0x1010f old/new 0xb76acfa8/0xb812ac90 va 0xae8cf000/0xaeae3000
D/MtkCam/P1Node(  211): [0:dequeLoop] frame 2274: deque+
D/MtkCam/BaseHeap(  211): [Cam1Heap::onCreate] [MtkCam/DBHdl] this:0xb7678670 960x540 format:0x32315659
I/iio/ifunc(  211): [waitBufReady] waitBufReady[8]:[1,ffffffff] rtBufCtrl.ctrl(3)/id(8)/ptr(0xaed8e9cc)
I/Drv/IMem(  211): Drv/IMem[mapPhyAddr] mID(0x149),size(0x7e900),VA(xaef88000),PA(0x7c00000),S/C(0/0)
I/Drv/IMem(  211): Drv/IMem[mapPhyAddr] mID(0x149),size(0x1fa40),VA(xaf006900),PA(0x7c00000),S/C(0/0)
I/Drv/IMem(  211): Drv/IMem[mapPhyAddr] mID(0x149),size(0x1fa40),VA(xaf026340),PA(0x7c00000),S/C(0/0)
D/MtkCam/DBHdl(  211): [:dequeBuffer]buf(0xb76bbb90),VA(0xAEF88000/0xAF006900/0xAF026340),BS(518400=518400+129600+129600),Id(329),F(0x32315659),S(960x540),Str(960,480,480),R(0),U(3)
I/libgl2jni(12964): --NOT EMPTY--
D/MtkCam/BaseHeap(  211): [Cam1Heap::onCreate] [MtkCam/DBHdl] this:0xb76ad0a0 960x540 format:0x11
I/Drv/IMem(  211): Drv/IMem[mapPhyAddr] mID(0x143),size(0x7e900),VA(xaf244000),PA(0x7d00000),S/C(0/0)
I/Drv/IMem(  211): Drv/IMem[mapPhyAddr] mID(0x143),size(0x3f480),VA(xaf2c2900),PA(0x7d00000),S/C(0/0)
D/MtkCam/DBHdl(  211): [:dequeBuffer]buf(0xb76bd8e8),VA(0xAF244000/0xAF2C2900/0x00000000),BS(518400=518400+259200+0),Id(323),F(0x00000011),S(960x540),Str(960,960,0),R(0),U(0)
D/MtkCam/ISC(  211): [getPass2Info] 0: ImgBuf(0xB76ACFA8),# 0x8DF,PD(0xABE2C9E0/144),ZR(0,100/100),S(960x540),C(0,0,960x540)
D/MtkCam/P2Node(  211): [0:enquePass2] i 0 data 31, buf 0xb76acfa8, va 0xae8cf000, # 0x8DF, type 5 cnt 2270
D/MtkCam/P2Node(  211): [0:enquePass2] data 41, buf 0xb76bbb90, va 0xaef88000, tans 0 usg 3
D/MtkCam/P2Node(  211): [0:enquePass2] data 43, buf 0xb76bd8e8, va 0xaf244000, tans 0 usg 0
D/MtkCam/FeaturePipe(  211): [enqueFeatureGraph] FrameNo(2271)
I/iio/path(  211): [getNr3dGain] softScenario(0),magicNum(0x8df)
I/IspDrv  (  211): {IspDrv} [deTuningQueByCq] +,path(1),eCq(8),p2Cq(0),magic#(0x8df),curRP2Idx(-1),curWIdx(37)
D/EisHal  (  211): [GetEisInfoAtP2]FeaturePipe_3DNR(1)
I/MtkCam/FeaturePipe(  211): [P2A:threadLoopUpdate] gmv_ana,frm[2271],gmv(x,y)=[    0,    0],IsSupportEis(1),SenorIdx(0),NmvX/Y(    0,    0)(ori     0,    0),CmvX/Y(   80,   45)(diff     0,    0)(ori    80,   45),x/yInt(   80,   45),x/yFlt(        0,        0),DoEisCount(2273),ConfidX/y(0,0),EisTS(7811252286000),ImgiTS(7811252286000),GnZoCnt(0)
D/MtkCam/FeaturePipeDataHdl(  211): [getBuffer] data(1003), trans(0)
D/MtkCam/FeaturePipeDataHdl(  211): [getBuffer] -
I/MtkCam/FeaturePipe(  211): [P2A:threadLoopUpdate] [P2A sets IMG3O mvOut] 3dnrSM0(2 S0P1W2),ES(0x00 FsSzDfLrIn),WH(960,540),OfstXY(0,0),mem<va(0xabf67000)/pa(0x5f00000)/TS(7811252286000)/size(0x7e900)>
I/MtkCam/FeaturePipe(  211): [P2A:threadLoopUpdate] [P2A sets VIPI mvIn  ] 3dnrSM1(2 S0P1W2),ES(0x00 FsSzDfLrIn),WH(960,540),OfstXY(0,0),mem<va(0xaca3d000)/pa(0x5400000)/TS(7811132206000)/size(0x7e900)>,mPrvQueSz(1),imgSizeWH(960,540),PrvWH(960,540),ExtOfstByte(0)
I/MtkCam/FeaturePipe(  211): [P2A:threadLoopUpdate] 3dnrSM2(2 S0P1W2),ES(0x00 FsSzDfLrIn),NmvX/Y(0, 0).Img3oOfX/Y(0, 0),onOfX/Y(0, 0).onW/H(960, 540).VipiOff/W/H(0, 960, 540).MaxIsoInc(100)
I/MtkCam/FeaturePipe(  211): [P2A:threadLoopUpdate] FStrm enq (frame 2271)
I/Iop/P2PPWp(  211): [enque] +
I/Iop/P2PPWp(  211): [enque] batch(1),in/out(4/5)
I/Iop/P2PPWp(  211): [enque] dmaEnPort(0x0000c809),featureEntag (0x1),q(0),pvd(0xabe2c9e0)
I/iio/ppp (  211): [configPipe] vInPorts:[0]:(0x111),w(960),h(540),stride(1800,0,0),type(0),idx(4),dir(0),Size(0x000ed4e0,0x00000000,0x00000000),VA(0xae8cf000,0x00000000,0x00000000),PA(0x01b00000,0x00000000,0x00000000),memID(0x14e,0x0,0x0),magicNum(0x8df)
I/iio/ppp (  211): [configPipe] [Imgi][crop_1](x,f_x,y,f_y)=(0,0,0,0),(w,h,tarW,tarH)=(960,540,960,540)--[crop_2](x,f_x,y,f_y)=(0,0,0,0),(w,h,tarW,tarH)=(960,540,960,540),pass2_CQ(8),dupCqIdx(0)
I/iio/ppp (  211): [configPipe] vInPorts:[1]:(0x32315659),w(960),h(540),stride(960,480